<?xml version="1.0" encoding="ISO-8859-1" ?>
<link_info>
   <banner>TMS320C2000 Linker PC v22.6.1.LTS</banner>
   <copyright>Copyright (c) 1996-2018 Texas Instruments Incorporated</copyright>
   <link_time>0x67efaa49</link_time>
   <link_errors>0x0</link_errors>
   <output_file>PWM_delfino.out</output_file>
   <entry_point>
      <name>code_start</name>
      <address>0x80000</address>
   </entry_point>
   <input_file_list>
      <input_file id="fl-2">
         <path>.\syscfg\</path>
         <kind>object</kind>
         <file>board.obj</file>
         <name>board.obj</name>
      </input_file>
      <input_file id="fl-3">
         <path>.\syscfg\</path>
         <kind>object</kind>
         <file>c2000ware_libraries.obj</file>
         <name>c2000ware_libraries.obj</name>
      </input_file>
      <input_file id="fl-4">
         <path>.\</path>
         <kind>object</kind>
         <file>lab_main.obj</file>
         <name>lab_main.obj</name>
      </input_file>
      <input_file id="fl-5">
         <path>.\device\</path>
         <kind>object</kind>
         <file>F2837xD_CodeStartBranch.obj</file>
         <name>F2837xD_CodeStartBranch.obj</name>
      </input_file>
      <input_file id="fl-6">
         <path>.\device\</path>
         <kind>object</kind>
         <file>device.obj</file>
         <name>device.obj</name>
      </input_file>
      <input_file id="fl-b">
         <kind>object</kind>
         <file>&lt;internal&gt;</file>
         <name>&lt;internal&gt;</name>
      </input_file>
      <input_file id="fl-f">
         <path>C:\ti\C2000Ware_5_04_00_00\driverlib\f2837xd\driverlib\ccs\Debug\</path>
         <kind>archive</kind>
         <file>driverlib_eabi.lib</file>
         <name>gpio.obj</name>
      </input_file>
      <input_file id="fl-10">
         <path>C:\ti\C2000Ware_5_04_00_00\driverlib\f2837xd\driverlib\ccs\Debug\</path>
         <kind>archive</kind>
         <file>driverlib_eabi.lib</file>
         <name>interrupt.obj</name>
      </input_file>
      <input_file id="fl-11">
         <path>C:\ti\C2000Ware_5_04_00_00\driverlib\f2837xd\driverlib\ccs\Debug\</path>
         <kind>archive</kind>
         <file>driverlib_eabi.lib</file>
         <name>sci.obj</name>
      </input_file>
      <input_file id="fl-12">
         <path>C:\ti\C2000Ware_5_04_00_00\driverlib\f2837xd\driverlib\ccs\Debug\</path>
         <kind>archive</kind>
         <file>driverlib_eabi.lib</file>
         <name>sysctl.obj</name>
      </input_file>
      <input_file id="fl-1e">
         <path>C:\ti\ccs2002\ccs\tools\compiler\ti-cgt-c2000_22.6.1.LTS\lib\</path>
         <kind>archive</kind>
         <file>rts2800_fpu32_eabi.lib</file>
         <name>boot28.asm.obj</name>
      </input_file>
      <input_file id="fl-1f">
         <path>C:\ti\ccs2002\ccs\tools\compiler\ti-cgt-c2000_22.6.1.LTS\lib\</path>
         <kind>archive</kind>
         <file>rts2800_fpu32_eabi.lib</file>
         <name>fs_div28.asm.obj</name>
      </input_file>
      <input_file id="fl-20">
         <path>C:\ti\ccs2002\ccs\tools\compiler\ti-cgt-c2000_22.6.1.LTS\lib\</path>
         <kind>archive</kind>
         <file>rts2800_fpu32_eabi.lib</file>
         <name>memcpy.c.obj</name>
      </input_file>
      <input_file id="fl-21">
         <path>C:\ti\ccs2002\ccs\tools\compiler\ti-cgt-c2000_22.6.1.LTS\lib\</path>
         <kind>archive</kind>
         <file>rts2800_fpu32_eabi.lib</file>
         <name>pre_init.c.obj</name>
      </input_file>
      <input_file id="fl-22">
         <path>C:\ti\ccs2002\ccs\tools\compiler\ti-cgt-c2000_22.6.1.LTS\lib\</path>
         <kind>archive</kind>
         <file>rts2800_fpu32_eabi.lib</file>
         <name>autoinit.c.obj</name>
      </input_file>
      <input_file id="fl-23">
         <path>C:\ti\ccs2002\ccs\tools\compiler\ti-cgt-c2000_22.6.1.LTS\lib\</path>
         <kind>archive</kind>
         <file>rts2800_fpu32_eabi.lib</file>
         <name>copy_zero_init.c.obj</name>
      </input_file>
      <input_file id="fl-24">
         <path>C:\ti\ccs2002\ccs\tools\compiler\ti-cgt-c2000_22.6.1.LTS\lib\</path>
         <kind>archive</kind>
         <file>rts2800_fpu32_eabi.lib</file>
         <name>copy_decompress_none.c.obj</name>
      </input_file>
      <input_file id="fl-25">
         <path>C:\ti\ccs2002\ccs\tools\compiler\ti-cgt-c2000_22.6.1.LTS\lib\</path>
         <kind>archive</kind>
         <file>rts2800_fpu32_eabi.lib</file>
         <name>copy_decompress_lzss.c.obj</name>
      </input_file>
      <input_file id="fl-26">
         <path>C:\ti\ccs2002\ccs\tools\compiler\ti-cgt-c2000_22.6.1.LTS\lib\</path>
         <kind>archive</kind>
         <file>rts2800_fpu32_eabi.lib</file>
         <name>exit.c.obj</name>
      </input_file>
      <input_file id="fl-27">
         <path>C:\ti\ccs2002\ccs\tools\compiler\ti-cgt-c2000_22.6.1.LTS\lib\</path>
         <kind>archive</kind>
         <file>rts2800_fpu32_eabi.lib</file>
         <name>_lock.c.obj</name>
      </input_file>
      <input_file id="fl-28">
         <path>C:\ti\ccs2002\ccs\tools\compiler\ti-cgt-c2000_22.6.1.LTS\lib\</path>
         <kind>archive</kind>
         <file>rts2800_fpu32_eabi.lib</file>
         <name>args_main.c.obj</name>
      </input_file>
      <input_file id="fl-29">
         <path>C:\ti\ccs2002\ccs\tools\compiler\ti-cgt-c2000_22.6.1.LTS\lib\</path>
         <kind>archive</kind>
         <file>rts2800_fpu32_eabi.lib</file>
         <name>memset.c.obj</name>
      </input_file>
      <input_file id="fl-2a">
         <path>C:\ti\ccs2002\ccs\tools\compiler\ti-cgt-c2000_22.6.1.LTS\lib\</path>
         <kind>archive</kind>
         <file>rts2800_fpu32_eabi.lib</file>
         <name>strcmp.c.obj</name>
      </input_file>
      <input_file id="fl-2b">
         <path>C:\ti\ccs2002\ccs\tools\compiler\ti-cgt-c2000_22.6.1.LTS\lib\</path>
         <kind>archive</kind>
         <file>rts2800_fpu32_eabi.lib</file>
         <name>strlen.c.obj</name>
      </input_file>
      <input_file id="fl-2c">
         <path>C:\ti\ccs2002\ccs\tools\compiler\ti-cgt-c2000_22.6.1.LTS\lib\</path>
         <kind>archive</kind>
         <file>rts2800_fpu32_eabi.lib</file>
         <name>cpy_tbl.c.obj</name>
      </input_file>
      <input_file id="fl-2d">
         <path>C:\ti\ccs2002\ccs\tools\compiler\ti-cgt-c2000_22.6.1.LTS\lib\</path>
         <kind>archive</kind>
         <file>rts2800_fpu32_eabi.lib</file>
         <name>startup.c.obj</name>
      </input_file>
   </input_file_list>
   <object_component_list>
      <object_component id="oc-2f5">
         <name>.cinit..data.load</name>
         <load_address>0x83ec0</load_address>
         <run_address>0x83ec0</run_address>
         <size>0xe</size>
      </object_component>
      <object_component id="oc-2f2">
         <name>__TI_handler_table</name>
         <load_address>0x83ece</load_address>
         <run_address>0x83ece</run_address>
         <size>0x6</size>
      </object_component>
      <object_component id="oc-2f4">
         <name>.cinit..bss.load</name>
         <load_address>0x83ed4</load_address>
         <run_address>0x83ed4</run_address>
         <size>0x4</size>
      </object_component>
      <object_component id="oc-2f3">
         <name>__TI_cinit_table</name>
         <load_address>0x83ed8</load_address>
         <run_address>0x83ed8</run_address>
         <size>0x8</size>
      </object_component>
      <object_component id="oc-47">
         <name>.text</name>
         <load_address>0x822a0</load_address>
         <run_address>0x822a0</run_address>
         <size>0x943</size>
         <input_file_ref idref="fl-2"/>
      </object_component>
      <object_component id="oc-82">
         <name>.text</name>
         <load_address>0x82be3</load_address>
         <run_address>0x82be3</run_address>
         <size>0x4f8</size>
         <input_file_ref idref="fl-4"/>
      </object_component>
      <object_component id="oc-a0">
         <name>.text</name>
         <load_address>0x830db</load_address>
         <run_address>0x830db</run_address>
         <size>0x3fd</size>
         <input_file_ref idref="fl-6"/>
      </object_component>
      <object_component id="oc-145">
         <name>.text:SysCtl_setClock</name>
         <load_address>0x834d8</load_address>
         <run_address>0x834d8</run_address>
         <size>0x209</size>
         <input_file_ref idref="fl-12"/>
      </object_component>
      <object_component id="oc-22d">
         <name>.text:SysCtl_selectXTAL</name>
         <load_address>0x836e1</load_address>
         <run_address>0x836e1</run_address>
         <size>0x90</size>
         <input_file_ref idref="fl-12"/>
      </object_component>
      <object_component id="oc-1cf">
         <name>.text</name>
         <load_address>0x83771</load_address>
         <run_address>0x83771</run_address>
         <size>0x88</size>
         <input_file_ref idref="fl-1f"/>
      </object_component>
      <object_component id="oc-13f">
         <name>.text:SysCtl_getDeviceParametric</name>
         <load_address>0x837f9</load_address>
         <run_address>0x837f9</run_address>
         <size>0x68</size>
         <input_file_ref idref="fl-12"/>
      </object_component>
      <object_component id="oc-ac">
         <name>.text:GPIO_setPadConfig</name>
         <load_address>0x83861</load_address>
         <run_address>0x83861</run_address>
         <size>0x52</size>
         <input_file_ref idref="fl-f"/>
      </object_component>
      <object_component id="oc-14b">
         <name>.text:SysCtl_getClock</name>
         <load_address>0x838b3</load_address>
         <run_address>0x838b3</run_address>
         <size>0x51</size>
         <input_file_ref idref="fl-12"/>
      </object_component>
      <object_component id="oc-1c2">
         <name>.text:SysCtl_selectOscSource</name>
         <load_address>0x83904</load_address>
         <run_address>0x83904</run_address>
         <size>0x48</size>
         <input_file_ref idref="fl-12"/>
      </object_component>
      <object_component id="oc-91">
         <name>.text:SCI_clearInterruptStatus</name>
         <load_address>0x8394c</load_address>
         <run_address>0x8394c</run_address>
         <size>0x45</size>
         <input_file_ref idref="fl-11"/>
      </object_component>
      <object_component id="oc-d0">
         <name>.text:SCI_enableInterrupt</name>
         <load_address>0x83991</load_address>
         <run_address>0x83991</run_address>
         <size>0x44</size>
         <input_file_ref idref="fl-11"/>
      </object_component>
      <object_component id="oc-8b">
         <name>.text:SCI_writeCharArray</name>
         <load_address>0x839d5</load_address>
         <run_address>0x839d5</run_address>
         <size>0x41</size>
         <input_file_ref idref="fl-11"/>
      </object_component>
      <object_component id="oc-ca">
         <name>.text:SCI_setConfig</name>
         <load_address>0x83a16</load_address>
         <run_address>0x83a16</run_address>
         <size>0x3e</size>
         <input_file_ref idref="fl-11"/>
      </object_component>
      <object_component id="oc-f5">
         <name>.text:Interrupt_initModule</name>
         <load_address>0x83a54</load_address>
         <run_address>0x83a54</run_address>
         <size>0x3d</size>
         <input_file_ref idref="fl-10"/>
      </object_component>
      <object_component id="oc-be">
         <name>.text:GPIO_setControllerCore</name>
         <load_address>0x83a91</load_address>
         <run_address>0x83a91</run_address>
         <size>0x37</size>
         <input_file_ref idref="fl-f"/>
      </object_component>
      <object_component id="oc-a6">
         <name>.text:GPIO_setPinConfig</name>
         <load_address>0x83ac8</load_address>
         <run_address>0x83ac8</run_address>
         <size>0x37</size>
         <input_file_ref idref="fl-f"/>
      </object_component>
      <object_component id="oc-b2">
         <name>.text:GPIO_setQualificationMode</name>
         <load_address>0x83aff</load_address>
         <run_address>0x83aff</run_address>
         <size>0x37</size>
         <input_file_ref idref="fl-f"/>
      </object_component>
      <object_component id="oc-c4">
         <name>.text:Interrupt_enable</name>
         <load_address>0x83b36</load_address>
         <run_address>0x83b36</run_address>
         <size>0x37</size>
         <input_file_ref idref="fl-10"/>
      </object_component>
      <object_component id="oc-b8">
         <name>.text:GPIO_setDirectionMode</name>
         <load_address>0x83b6d</load_address>
         <run_address>0x83b6d</run_address>
         <size>0x31</size>
         <input_file_ref idref="fl-f"/>
      </object_component>
      <object_component id="oc-26">
         <name>.text:decompress:lzss</name>
         <load_address>0x83b9e</load_address>
         <run_address>0x83b9e</run_address>
         <size>0x30</size>
         <input_file_ref idref="fl-25"/>
      </object_component>
      <object_component id="oc-1e9">
         <name>.text:__TI_auto_init_nobinit_nopinit</name>
         <load_address>0x83bce</load_address>
         <run_address>0x83bce</run_address>
         <size>0x2b</size>
         <input_file_ref idref="fl-22"/>
      </object_component>
      <object_component id="oc-1a0">
         <name>.text</name>
         <load_address>0x83bf9</load_address>
         <run_address>0x83bf9</run_address>
         <size>0x29</size>
         <input_file_ref idref="fl-26"/>
      </object_component>
      <object_component id="oc-271">
         <name>.text:CPUTimer_selectClockSource</name>
         <load_address>0x83c22</load_address>
         <run_address>0x83c22</run_address>
         <size>0x28</size>
         <input_file_ref idref="fl-12"/>
      </object_component>
      <object_component id="oc-117">
         <name>.text:SCI_isFIFOEnabled</name>
         <load_address>0x83c4a</load_address>
         <run_address>0x83c4a</run_address>
         <size>0x20</size>
         <input_file_ref idref="fl-11"/>
      </object_component>
      <object_component id="oc-2aa">
         <name>.text:CPUTimer_getTimerOverflowStatus</name>
         <load_address>0x83c6a</load_address>
         <run_address>0x83c6a</run_address>
         <size>0x1f</size>
         <input_file_ref idref="fl-12"/>
      </object_component>
      <object_component id="oc-50">
         <name>.text:Interrupt_initVectorTable</name>
         <load_address>0x83c89</load_address>
         <run_address>0x83c89</run_address>
         <size>0x1e</size>
         <input_file_ref idref="fl-10"/>
      </object_component>
      <object_component id="oc-68">
         <name>.text</name>
         <load_address>0x83ca7</load_address>
         <run_address>0x83ca7</run_address>
         <size>0x1d</size>
         <input_file_ref idref="fl-20"/>
      </object_component>
      <object_component id="oc-110">
         <name>.text:SCI_isBaseValid</name>
         <load_address>0x83cc4</load_address>
         <run_address>0x83cc4</run_address>
         <size>0x1b</size>
         <input_file_ref idref="fl-11"/>
      </object_component>
      <object_component id="oc-27d">
         <name>.text:CPUTimer_startTimer</name>
         <load_address>0x83cdf</load_address>
         <run_address>0x83cdf</run_address>
         <size>0x1a</size>
         <input_file_ref idref="fl-12"/>
      </object_component>
      <object_component id="oc-123">
         <name>.text:SCI_isSpaceAvailableNonFIFO</name>
         <load_address>0x83cf9</load_address>
         <run_address>0x83cf9</run_address>
         <size>0x1a</size>
         <input_file_ref idref="fl-11"/>
      </object_component>
      <object_component id="oc-152">
         <name>.text:SysCtl_getLowSpeedClock</name>
         <load_address>0x83d13</load_address>
         <run_address>0x83d13</run_address>
         <size>0x1a</size>
         <input_file_ref idref="fl-12"/>
      </object_component>
      <object_component id="oc-177">
         <name>.text:SCI_disableModule</name>
         <load_address>0x83d2d</load_address>
         <run_address>0x83d2d</run_address>
         <size>0x18</size>
         <input_file_ref idref="fl-11"/>
      </object_component>
      <object_component id="oc-12b">
         <name>.text:SCI_performSoftwareReset</name>
         <load_address>0x83d45</load_address>
         <run_address>0x83d45</run_address>
         <size>0x18</size>
         <input_file_ref idref="fl-11"/>
      </object_component>
      <object_component id="oc-29e">
         <name>.text:CPUTimer_isBaseValid</name>
         <load_address>0x83d5d</load_address>
         <run_address>0x83d5d</run_address>
         <size>0x17</size>
         <input_file_ref idref="fl-12"/>
      </object_component>
      <object_component id="oc-ee">
         <name>.text</name>
         <load_address>0x83d74</load_address>
         <run_address>0x83d74</run_address>
         <size>0x17</size>
         <input_file_ref idref="fl-1e"/>
      </object_component>
      <object_component id="oc-4d">
         <name>.text:Interrupt_defaultHandler</name>
         <load_address>0x83d8b</load_address>
         <run_address>0x83d8b</run_address>
         <size>0x16</size>
         <input_file_ref idref="fl-10"/>
      </object_component>
      <object_component id="oc-265">
         <name>.text:CPUTimer_stopTimer</name>
         <load_address>0x83da1</load_address>
         <run_address>0x83da1</run_address>
         <size>0x14</size>
         <input_file_ref idref="fl-12"/>
      </object_component>
      <object_component id="oc-11d">
         <name>.text:SCI_getTxFIFOStatus</name>
         <load_address>0x83db5</load_address>
         <run_address>0x83db5</run_address>
         <size>0x14</size>
         <input_file_ref idref="fl-11"/>
      </object_component>
      <object_component id="oc-17d">
         <name>.text:SCI_enableModule</name>
         <load_address>0x83dc9</load_address>
         <run_address>0x83dc9</run_address>
         <size>0x13</size>
         <input_file_ref idref="fl-11"/>
      </object_component>
      <object_component id="oc-277">
         <name>.text:CPUTimer_clearOverflowFlag</name>
         <load_address>0x83ddc</load_address>
         <run_address>0x83ddc</run_address>
         <size>0x12</size>
         <input_file_ref idref="fl-12"/>
      </object_component>
      <object_component id="oc-25f">
         <name>.text:CPUTimer_disableInterrupt</name>
         <load_address>0x83dee</load_address>
         <run_address>0x83dee</run_address>
         <size>0x12</size>
         <input_file_ref idref="fl-12"/>
      </object_component>
      <object_component id="oc-26b">
         <name>.text:CPUTimer_setPeriod</name>
         <load_address>0x83e00</load_address>
         <run_address>0x83e00</run_address>
         <size>0x11</size>
         <input_file_ref idref="fl-12"/>
      </object_component>
      <object_component id="oc-283">
         <name>.text:SysCtl_pollCpuTimer</name>
         <load_address>0x83e11</load_address>
         <run_address>0x83e11</run_address>
         <size>0xf</size>
         <input_file_ref idref="fl-12"/>
      </object_component>
      <object_component id="oc-15f">
         <name>.text:GPIO_isPinValid</name>
         <load_address>0x83e20</load_address>
         <run_address>0x83e20</run_address>
         <size>0xe</size>
         <input_file_ref idref="fl-f"/>
      </object_component>
      <object_component id="oc-16a">
         <name>.text:Interrupt_disableGlobal</name>
         <load_address>0x83e2e</load_address>
         <run_address>0x83e2e</run_address>
         <size>0xd</size>
         <input_file_ref idref="fl-10"/>
      </object_component>
      <object_component id="oc-170">
         <name>.text:Interrupt_enableGlobal</name>
         <load_address>0x83e3b</load_address>
         <run_address>0x83e3b</run_address>
         <size>0xd</size>
         <input_file_ref idref="fl-10"/>
      </object_component>
      <object_component id="oc-70">
         <name>.text:decompress:ZI:__TI_zero_init_nomemset</name>
         <load_address>0x83e48</load_address>
         <run_address>0x83e48</run_address>
         <size>0xd</size>
         <input_file_ref idref="fl-23"/>
      </object_component>
      <object_component id="oc-19a">
         <name>.text</name>
         <load_address>0x83e55</load_address>
         <run_address>0x83e55</run_address>
         <size>0xc</size>
         <input_file_ref idref="fl-28"/>
      </object_component>
      <object_component id="oc-1bc">
         <name>.text:SysCtl_isMCDClockFailureDetected</name>
         <load_address>0x83e61</load_address>
         <run_address>0x83e61</run_address>
         <size>0xb</size>
         <input_file_ref idref="fl-12"/>
      </object_component>
      <object_component id="oc-59">
         <name>.text:Interrupt_illegalOperationHandler</name>
         <load_address>0x83e6c</load_address>
         <run_address>0x83e6c</run_address>
         <size>0xa</size>
         <input_file_ref idref="fl-10"/>
      </object_component>
      <object_component id="oc-5f">
         <name>.text:Interrupt_nmiHandler</name>
         <load_address>0x83e76</load_address>
         <run_address>0x83e76</run_address>
         <size>0xa</size>
         <input_file_ref idref="fl-10"/>
      </object_component>
      <object_component id="oc-107">
         <name>.text</name>
         <load_address>0x83e80</load_address>
         <run_address>0x83e80</run_address>
         <size>0xa</size>
         <input_file_ref idref="fl-2a"/>
      </object_component>
      <object_component id="oc-1c9">
         <name>.text:SysCtl_serviceWatchdog</name>
         <load_address>0x83e8a</load_address>
         <run_address>0x83e8a</run_address>
         <size>0x9</size>
         <input_file_ref idref="fl-12"/>
      </object_component>
      <object_component id="oc-253">
         <name>.text</name>
         <load_address>0x83e93</load_address>
         <run_address>0x83e93</run_address>
         <size>0x9</size>
         <input_file_ref idref="fl-27"/>
      </object_component>
      <object_component id="oc-7c">
         <name>.text</name>
         <load_address>0x83e9c</load_address>
         <run_address>0x83e9c</run_address>
         <size>0x8</size>
         <input_file_ref idref="fl-5"/>
      </object_component>
      <object_component id="oc-2c">
         <name>.text:decompress:none</name>
         <load_address>0x83ea4</load_address>
         <run_address>0x83ea4</run_address>
         <size>0x8</size>
         <input_file_ref idref="fl-24"/>
      </object_component>
      <object_component id="oc-101">
         <name>.text</name>
         <load_address>0x83eac</load_address>
         <run_address>0x83eac</run_address>
         <size>0x8</size>
         <input_file_ref idref="fl-2b"/>
      </object_component>
      <object_component id="oc-289">
         <name>.text:SysCtl_resetMCD</name>
         <load_address>0x83eb4</load_address>
         <run_address>0x83eb4</run_address>
         <size>0x7</size>
         <input_file_ref idref="fl-12"/>
      </object_component>
      <object_component id="oc-193">
         <name>.text</name>
         <load_address>0x83ebb</load_address>
         <run_address>0x83ebb</run_address>
         <size>0x2</size>
         <input_file_ref idref="fl-21"/>
      </object_component>
      <object_component id="oc-239">
         <name>.text</name>
         <load_address>0x83ebd</load_address>
         <run_address>0x83ebd</run_address>
         <size>0x1</size>
         <input_file_ref idref="fl-2d"/>
      </object_component>
      <object_component id="oc-33">
         <name>codestart</name>
         <load_address>0x80000</load_address>
         <run_address>0x80000</run_address>
         <size>0x2</size>
         <input_file_ref idref="fl-5"/>
      </object_component>
      <object_component id="oc-65">
         <name>.stack</name>
         <uninitialized>true</uninitialized>
         <run_address>0x400</run_address>
         <size>0x0</size>
         <input_file_ref idref="fl-1e"/>
      </object_component>
      <object_component id="oc-2f6">
         <name>.stack</name>
         <uninitialized>true</uninitialized>
         <run_address>0x400</run_address>
         <size>0x0</size>
      </object_component>
      <object_component id="oc-fb">
         <name>.TI.ramfunc</name>
         <load_address>0x82000</load_address>
         <run_address>0x8000</run_address>
         <size>0x222</size>
         <input_file_ref idref="fl-4"/>
      </object_component>
      <object_component id="oc-41">
         <name>.TI.ramfunc:retain</name>
         <load_address>0x82222</load_address>
         <run_address>0x8222</run_address>
         <size>0x7a</size>
         <input_file_ref idref="fl-4"/>
      </object_component>
      <object_component id="oc-1c8">
         <name>.TI.ramfunc</name>
         <load_address>0x8229c</load_address>
         <run_address>0x829c</run_address>
         <size>0x4</size>
         <input_file_ref idref="fl-12"/>
      </object_component>
      <object_component id="oc-97">
         <name>.bss</name>
         <uninitialized>true</uninitialized>
         <run_address>0xa964</run_address>
         <size>0xa</size>
         <input_file_ref idref="fl-4"/>
      </object_component>
      <object_component id="oc-134">
         <name>.bss:AdcBuf</name>
         <uninitialized>true</uninitialized>
         <run_address>0xa900</run_address>
         <size>0x32</size>
         <input_file_ref idref="fl-4"/>
      </object_component>
      <object_component id="oc-137">
         <name>.bss:AdcBufB</name>
         <uninitialized>true</uninitialized>
         <run_address>0xa932</run_address>
         <size>0x32</size>
         <input_file_ref idref="fl-4"/>
      </object_component>
      <object_component id="oc-88">
         <name>.bss:rxBuffer</name>
         <uninitialized>true</uninitialized>
         <run_address>0xa800</run_address>
         <size>0x100</size>
         <input_file_ref idref="fl-4"/>
      </object_component>
      <object_component id="oc-9a">
         <name>.data</name>
         <load_address>0xa96e</load_address>
         <run_address>0xa96e</run_address>
         <size>0xa</size>
         <input_file_ref idref="fl-4"/>
      </object_component>
      <object_component id="oc-158">
         <name>.data</name>
         <load_address>0xa978</load_address>
         <run_address>0xa978</run_address>
         <size>0x6</size>
         <input_file_ref idref="fl-6"/>
      </object_component>
      <object_component id="oc-21b">
         <name>.data</name>
         <load_address>0xa980</load_address>
         <run_address>0xa980</run_address>
         <size>0x6</size>
         <input_file_ref idref="fl-26"/>
      </object_component>
      <object_component id="oc-21e">
         <name>.data:_lock</name>
         <load_address>0xa97e</load_address>
         <run_address>0xa97e</run_address>
         <size>0x2</size>
         <input_file_ref idref="fl-27"/>
      </object_component>
      <object_component id="oc-297">
         <name>.data:_unlock</name>
         <load_address>0xa986</load_address>
         <run_address>0xa986</run_address>
         <size>0x2</size>
         <input_file_ref idref="fl-27"/>
      </object_component>
      <object_component id="oc-f4">
         <name>.const:.string</name>
         <load_address>0x90000</load_address>
         <run_address>0x90000</run_address>
         <size>0x1e0</size>
         <input_file_ref idref="fl-4"/>
      </object_component>
      <object_component id="oc-1bb">
         <name>.const:.string</name>
         <load_address>0x901e0</load_address>
         <run_address>0x901e0</run_address>
         <size>0xc2</size>
         <input_file_ref idref="fl-12"/>
      </object_component>
      <object_component id="oc-165">
         <name>.const:.string</name>
         <load_address>0x902a2</load_address>
         <run_address>0x902a2</run_address>
         <size>0xbc</size>
         <input_file_ref idref="fl-f"/>
      </object_component>
      <object_component id="oc-116">
         <name>.const:.string</name>
         <load_address>0x9035e</load_address>
         <run_address>0x9035e</run_address>
         <size>0xbb</size>
         <input_file_ref idref="fl-11"/>
      </object_component>
      <object_component id="oc-9f">
         <name>.const:.string</name>
         <load_address>0x9041a</load_address>
         <run_address>0x9041a</run_address>
         <size>0xb9</size>
         <input_file_ref idref="fl-2"/>
      </object_component>
      <object_component id="oc-151">
         <name>.const:.string</name>
         <load_address>0x904d4</load_address>
         <run_address>0x904d4</run_address>
         <size>0x13</size>
         <input_file_ref idref="fl-6"/>
      </object_component>
      <object_component id="oc-d7">
         <name>.debug_types</name>
         <load_address>0x0</load_address>
         <run_address>0x0</run_address>
         <size>0x1e30</size>
         <input_file_ref idref="fl-2"/>
      </object_component>
      <object_component id="oc-9e">
         <name>.debug_types</name>
         <load_address>0x1e30</load_address>
         <run_address>0x1e30</run_address>
         <size>0x4a1</size>
         <input_file_ref idref="fl-4"/>
      </object_component>
      <object_component id="oc-15c">
         <name>.debug_types</name>
         <load_address>0x22d1</load_address>
         <run_address>0x22d1</run_address>
         <size>0xdc7</size>
         <input_file_ref idref="fl-6"/>
      </object_component>
      <object_component id="oc-15e">
         <name>.debug_types</name>
         <load_address>0x3098</load_address>
         <run_address>0x3098</run_address>
         <size>0x16b</size>
         <input_file_ref idref="fl-f"/>
      </object_component>
      <object_component id="oc-d9">
         <name>.debug_types</name>
         <load_address>0x0</load_address>
         <run_address>0x0</run_address>
         <size>0x0</size>
         <input_file_ref idref="fl-10"/>
      </object_component>
      <object_component id="oc-12a">
         <name>.debug_types</name>
         <load_address>0x3203</load_address>
         <run_address>0x3203</run_address>
         <size>0x2f</size>
         <input_file_ref idref="fl-11"/>
      </object_component>
      <object_component id="oc-1ba">
         <name>.debug_types</name>
         <load_address>0x3232</load_address>
         <run_address>0x3232</run_address>
         <size>0x254</size>
         <input_file_ref idref="fl-12"/>
      </object_component>
      <object_component id="oc-e1">
         <name>.debug_types</name>
         <load_address>0x3486</load_address>
         <run_address>0x3486</run_address>
         <size>0xe3</size>
         <input_file_ref idref="fl-20"/>
      </object_component>
      <object_component id="oc-1e8">
         <name>.debug_types</name>
         <load_address>0x0</load_address>
         <run_address>0x0</run_address>
         <size>0x0</size>
         <input_file_ref idref="fl-21"/>
      </object_component>
      <object_component id="oc-240">
         <name>.debug_types</name>
         <load_address>0x3569</load_address>
         <run_address>0x3569</run_address>
         <size>0x441</size>
         <input_file_ref idref="fl-22"/>
      </object_component>
      <object_component id="oc-e6">
         <name>.debug_types</name>
         <load_address>0x39aa</load_address>
         <run_address>0x39aa</run_address>
         <size>0x194</size>
         <input_file_ref idref="fl-23"/>
      </object_component>
      <object_component id="oc-6f">
         <name>.debug_types</name>
         <load_address>0x0</load_address>
         <run_address>0x0</run_address>
         <size>0x0</size>
         <input_file_ref idref="fl-24"/>
      </object_component>
      <object_component id="oc-67">
         <name>.debug_types</name>
         <load_address>0x3b3e</load_address>
         <run_address>0x3b3e</run_address>
         <size>0x191</size>
         <input_file_ref idref="fl-25"/>
      </object_component>
      <object_component id="oc-222">
         <name>.debug_types</name>
         <load_address>0x3ccf</load_address>
         <run_address>0x3ccf</run_address>
         <size>0xbf</size>
         <input_file_ref idref="fl-26"/>
      </object_component>
      <object_component id="oc-25b">
         <name>.debug_types</name>
         <load_address>0x3d8e</load_address>
         <run_address>0x3d8e</run_address>
         <size>0x2f</size>
         <input_file_ref idref="fl-27"/>
      </object_component>
      <object_component id="oc-21a">
         <name>.debug_types</name>
         <load_address>0x3dbd</load_address>
         <run_address>0x3dbd</run_address>
         <size>0xe1</size>
         <input_file_ref idref="fl-28"/>
      </object_component>
      <object_component id="oc-1ac">
         <name>.debug_types</name>
         <load_address>0x0</load_address>
         <run_address>0x0</run_address>
         <size>0x0</size>
         <input_file_ref idref="fl-2a"/>
      </object_component>
      <object_component id="oc-1aa">
         <name>.debug_types</name>
         <load_address>0x0</load_address>
         <run_address>0x0</run_address>
         <size>0x0</size>
         <input_file_ref idref="fl-2b"/>
      </object_component>
      <object_component id="oc-291">
         <name>.debug_types</name>
         <load_address>0x0</load_address>
         <run_address>0x0</run_address>
         <size>0x0</size>
         <input_file_ref idref="fl-2d"/>
      </object_component>
      <object_component id="oc-49">
         <name>.debug_info</name>
         <load_address>0x0</load_address>
         <run_address>0x0</run_address>
         <size>0x42ce</size>
         <input_file_ref idref="fl-2"/>
      </object_component>
      <object_component id="oc-98">
         <name>.debug_info</name>
         <load_address>0x42ce</load_address>
         <run_address>0x42ce</run_address>
         <size>0x1e6</size>
         <input_file_ref idref="fl-4"/>
      </object_component>
      <object_component id="oc-9b">
         <name>.debug_info</name>
         <load_address>0x44b4</load_address>
         <run_address>0x44b4</run_address>
         <size>0x21a</size>
         <input_file_ref idref="fl-4"/>
      </object_component>
      <object_component id="oc-135">
         <name>.debug_info</name>
         <load_address>0x46ce</load_address>
         <run_address>0x46ce</run_address>
         <size>0x104</size>
         <input_file_ref idref="fl-4"/>
      </object_component>
      <object_component id="oc-138">
         <name>.debug_info</name>
         <load_address>0x47d2</load_address>
         <run_address>0x47d2</run_address>
         <size>0x106</size>
         <input_file_ref idref="fl-4"/>
      </object_component>
      <object_component id="oc-89">
         <name>.debug_info</name>
         <load_address>0x48d8</load_address>
         <run_address>0x48d8</run_address>
         <size>0x108</size>
         <input_file_ref idref="fl-4"/>
      </object_component>
      <object_component id="oc-86">
         <name>.debug_info</name>
         <load_address>0x49e0</load_address>
         <run_address>0x49e0</run_address>
         <size>0x1d38</size>
         <input_file_ref idref="fl-4"/>
      </object_component>
      <object_component id="oc-fd">
         <name>.debug_info</name>
         <load_address>0x6718</load_address>
         <run_address>0x6718</run_address>
         <size>0x957</size>
         <input_file_ref idref="fl-4"/>
      </object_component>
      <object_component id="oc-45">
         <name>.debug_info</name>
         <load_address>0x706f</load_address>
         <run_address>0x706f</run_address>
         <size>0x1df</size>
         <input_file_ref idref="fl-4"/>
      </object_component>
      <object_component id="oc-36">
         <name>.debug_info</name>
         <load_address>0x724e</load_address>
         <run_address>0x724e</run_address>
         <size>0x130</size>
         <input_file_ref idref="fl-5"/>
      </object_component>
      <object_component id="oc-7f">
         <name>.debug_info</name>
         <load_address>0x737e</load_address>
         <run_address>0x737e</run_address>
         <size>0x131</size>
         <input_file_ref idref="fl-5"/>
      </object_component>
      <object_component id="oc-159">
         <name>.debug_info</name>
         <load_address>0x74af</load_address>
         <run_address>0x74af</run_address>
         <size>0x17b</size>
         <input_file_ref idref="fl-6"/>
      </object_component>
      <object_component id="oc-a1">
         <name>.debug_info</name>
         <load_address>0x762a</load_address>
         <run_address>0x762a</run_address>
         <size>0x1cd2</size>
         <input_file_ref idref="fl-6"/>
      </object_component>
      <object_component id="oc-161">
         <name>.debug_info</name>
         <load_address>0x92fc</load_address>
         <run_address>0x92fc</run_address>
         <size>0x205</size>
         <input_file_ref idref="fl-f"/>
      </object_component>
      <object_component id="oc-bb">
         <name>.debug_info</name>
         <load_address>0x9501</load_address>
         <run_address>0x9501</run_address>
         <size>0x27d</size>
         <input_file_ref idref="fl-f"/>
      </object_component>
      <object_component id="oc-af">
         <name>.debug_info</name>
         <load_address>0x977e</load_address>
         <run_address>0x977e</run_address>
         <size>0x266</size>
         <input_file_ref idref="fl-f"/>
      </object_component>
      <object_component id="oc-b4">
         <name>.debug_info</name>
         <load_address>0x99e4</load_address>
         <run_address>0x99e4</run_address>
         <size>0x2ae</size>
         <input_file_ref idref="fl-f"/>
      </object_component>
      <object_component id="oc-bf">
         <name>.debug_info</name>
         <load_address>0x9c92</load_address>
         <run_address>0x9c92</run_address>
         <size>0x296</size>
         <input_file_ref idref="fl-f"/>
      </object_component>
      <object_component id="oc-a8">
         <name>.debug_info</name>
         <load_address>0x9f28</load_address>
         <run_address>0x9f28</run_address>
         <size>0x24f</size>
         <input_file_ref idref="fl-f"/>
      </object_component>
      <object_component id="oc-173">
         <name>.debug_info</name>
         <load_address>0xa177</load_address>
         <run_address>0xa177</run_address>
         <size>0x1fe</size>
         <input_file_ref idref="fl-10"/>
      </object_component>
      <object_component id="oc-16b">
         <name>.debug_info</name>
         <load_address>0xa375</load_address>
         <run_address>0xa375</run_address>
         <size>0x200</size>
         <input_file_ref idref="fl-10"/>
      </object_component>
      <object_component id="oc-f6">
         <name>.debug_info</name>
         <load_address>0xa575</load_address>
         <run_address>0xa575</run_address>
         <size>0x20f</size>
         <input_file_ref idref="fl-10"/>
      </object_component>
      <object_component id="oc-56">
         <name>.debug_info</name>
         <load_address>0xa784</load_address>
         <run_address>0xa784</run_address>
         <size>0x21c</size>
         <input_file_ref idref="fl-10"/>
      </object_component>
      <object_component id="oc-5c">
         <name>.debug_info</name>
         <load_address>0xa9a0</load_address>
         <run_address>0xa9a0</run_address>
         <size>0x202</size>
         <input_file_ref idref="fl-10"/>
      </object_component>
      <object_component id="oc-62">
         <name>.debug_info</name>
         <load_address>0xaba2</load_address>
         <run_address>0xaba2</run_address>
         <size>0x1e8</size>
         <input_file_ref idref="fl-10"/>
      </object_component>
      <object_component id="oc-53">
         <name>.debug_info</name>
         <load_address>0xad8a</load_address>
         <run_address>0xad8a</run_address>
         <size>0x20c</size>
         <input_file_ref idref="fl-10"/>
      </object_component>
      <object_component id="oc-c6">
         <name>.debug_info</name>
         <load_address>0xaf96</load_address>
         <run_address>0xaf96</run_address>
         <size>0x2b3</size>
         <input_file_ref idref="fl-10"/>
      </object_component>
      <object_component id="oc-114">
         <name>.debug_info</name>
         <load_address>0xb249</load_address>
         <run_address>0xb249</run_address>
         <size>0x205</size>
         <input_file_ref idref="fl-11"/>
      </object_component>
      <object_component id="oc-181">
         <name>.debug_info</name>
         <load_address>0xb44e</load_address>
         <run_address>0xb44e</run_address>
         <size>0x225</size>
         <input_file_ref idref="fl-11"/>
      </object_component>
      <object_component id="oc-17b">
         <name>.debug_info</name>
         <load_address>0xb673</load_address>
         <run_address>0xb673</run_address>
         <size>0x227</size>
         <input_file_ref idref="fl-11"/>
      </object_component>
      <object_component id="oc-11b">
         <name>.debug_info</name>
         <load_address>0xb89a</load_address>
         <run_address>0xb89a</run_address>
         <size>0x22f</size>
         <input_file_ref idref="fl-11"/>
      </object_component>
      <object_component id="oc-127">
         <name>.debug_info</name>
         <load_address>0xbac9</load_address>
         <run_address>0xbac9</run_address>
         <size>0x243</size>
         <input_file_ref idref="fl-11"/>
      </object_component>
      <object_component id="oc-120">
         <name>.debug_info</name>
         <load_address>0xbd0c</load_address>
         <run_address>0xbd0c</run_address>
         <size>0x233</size>
         <input_file_ref idref="fl-11"/>
      </object_component>
      <object_component id="oc-12e">
         <name>.debug_info</name>
         <load_address>0xbf3f</load_address>
         <run_address>0xbf3f</run_address>
         <size>0x235</size>
         <input_file_ref idref="fl-11"/>
      </object_component>
      <object_component id="oc-cd">
         <name>.debug_info</name>
         <load_address>0xc174</load_address>
         <run_address>0xc174</run_address>
         <size>0x2b5</size>
         <input_file_ref idref="fl-11"/>
      </object_component>
      <object_component id="oc-8e">
         <name>.debug_info</name>
         <load_address>0xc429</load_address>
         <run_address>0xc429</run_address>
         <size>0x2ce</size>
         <input_file_ref idref="fl-11"/>
      </object_component>
      <object_component id="oc-d3">
         <name>.debug_info</name>
         <load_address>0xc6f7</load_address>
         <run_address>0xc6f7</run_address>
         <size>0x23e</size>
         <input_file_ref idref="fl-11"/>
      </object_component>
      <object_component id="oc-94">
         <name>.debug_info</name>
         <load_address>0xc935</load_address>
         <run_address>0xc935</run_address>
         <size>0x268</size>
         <input_file_ref idref="fl-11"/>
      </object_component>
      <object_component id="oc-1cc">
         <name>.debug_info</name>
         <load_address>0xcb9d</load_address>
         <run_address>0xcb9d</run_address>
         <size>0x1f2</size>
         <input_file_ref idref="fl-12"/>
      </object_component>
      <object_component id="oc-1bf">
         <name>.debug_info</name>
         <load_address>0xcd8f</load_address>
         <run_address>0xcd8f</run_address>
         <size>0x20e</size>
         <input_file_ref idref="fl-12"/>
      </object_component>
      <object_component id="oc-28c">
         <name>.debug_info</name>
         <load_address>0xcf9d</load_address>
         <run_address>0xcf9d</run_address>
         <size>0x1e4</size>
         <input_file_ref idref="fl-12"/>
      </object_component>
      <object_component id="oc-2a1">
         <name>.debug_info</name>
         <load_address>0xd181</load_address>
         <run_address>0xd181</run_address>
         <size>0x217</size>
         <input_file_ref idref="fl-12"/>
      </object_component>
      <object_component id="oc-27a">
         <name>.debug_info</name>
         <load_address>0xd398</load_address>
         <run_address>0xd398</run_address>
         <size>0x244</size>
         <input_file_ref idref="fl-12"/>
      </object_component>
      <object_component id="oc-262">
         <name>.debug_info</name>
         <load_address>0xd5dc</load_address>
         <run_address>0xd5dc</run_address>
         <size>0x242</size>
         <input_file_ref idref="fl-12"/>
      </object_component>
      <object_component id="oc-268">
         <name>.debug_info</name>
         <load_address>0xd81e</load_address>
         <run_address>0xd81e</run_address>
         <size>0x24a</size>
         <input_file_ref idref="fl-12"/>
      </object_component>
      <object_component id="oc-280">
         <name>.debug_info</name>
         <load_address>0xda68</load_address>
         <run_address>0xda68</run_address>
         <size>0x24d</size>
         <input_file_ref idref="fl-12"/>
      </object_component>
      <object_component id="oc-26e">
         <name>.debug_info</name>
         <load_address>0xdcb5</load_address>
         <run_address>0xdcb5</run_address>
         <size>0x24e</size>
         <input_file_ref idref="fl-12"/>
      </object_component>
      <object_component id="oc-2ad">
         <name>.debug_info</name>
         <load_address>0xdf03</load_address>
         <run_address>0xdf03</run_address>
         <size>0x258</size>
         <input_file_ref idref="fl-12"/>
      </object_component>
      <object_component id="oc-274">
         <name>.debug_info</name>
         <load_address>0xe15b</load_address>
         <run_address>0xe15b</run_address>
         <size>0x27c</size>
         <input_file_ref idref="fl-12"/>
      </object_component>
      <object_component id="oc-286">
         <name>.debug_info</name>
         <load_address>0xe3d7</load_address>
         <run_address>0xe3d7</run_address>
         <size>0x241</size>
         <input_file_ref idref="fl-12"/>
      </object_component>
      <object_component id="oc-14e">
         <name>.debug_info</name>
         <load_address>0xe618</load_address>
         <run_address>0xe618</run_address>
         <size>0x277</size>
         <input_file_ref idref="fl-12"/>
      </object_component>
      <object_component id="oc-148">
         <name>.debug_info</name>
         <load_address>0xe88f</load_address>
         <run_address>0xe88f</run_address>
         <size>0x519</size>
         <input_file_ref idref="fl-12"/>
      </object_component>
      <object_component id="oc-230">
         <name>.debug_info</name>
         <load_address>0xeda8</load_address>
         <run_address>0xeda8</run_address>
         <size>0x3ba</size>
         <input_file_ref idref="fl-12"/>
      </object_component>
      <object_component id="oc-1c3">
         <name>.debug_info</name>
         <load_address>0xf162</load_address>
         <run_address>0xf162</run_address>
         <size>0x243</size>
         <input_file_ref idref="fl-12"/>
      </object_component>
      <object_component id="oc-154">
         <name>.debug_info</name>
         <load_address>0xf3a5</load_address>
         <run_address>0xf3a5</run_address>
         <size>0x251</size>
         <input_file_ref idref="fl-12"/>
      </object_component>
      <object_component id="oc-140">
         <name>.debug_info</name>
         <load_address>0xf5f6</load_address>
         <run_address>0xf5f6</run_address>
         <size>0x241</size>
         <input_file_ref idref="fl-12"/>
      </object_component>
      <object_component id="oc-ef">
         <name>.debug_info</name>
         <load_address>0xf837</load_address>
         <run_address>0xf837</run_address>
         <size>0x158</size>
         <input_file_ref idref="fl-1e"/>
      </object_component>
      <object_component id="oc-1d1">
         <name>.debug_info</name>
         <load_address>0xf98f</load_address>
         <run_address>0xf98f</run_address>
         <size>0x127</size>
         <input_file_ref idref="fl-1f"/>
      </object_component>
      <object_component id="oc-69">
         <name>.debug_info</name>
         <load_address>0xfab6</load_address>
         <run_address>0xfab6</run_address>
         <size>0x19b</size>
         <input_file_ref idref="fl-20"/>
      </object_component>
      <object_component id="oc-195">
         <name>.debug_info</name>
         <load_address>0xfc51</load_address>
         <run_address>0xfc51</run_address>
         <size>0x14d</size>
         <input_file_ref idref="fl-21"/>
      </object_component>
      <object_component id="oc-1ed">
         <name>.debug_info</name>
         <load_address>0xfd9e</load_address>
         <run_address>0xfd9e</run_address>
         <size>0x1bf</size>
         <input_file_ref idref="fl-22"/>
      </object_component>
      <object_component id="oc-71">
         <name>.debug_info</name>
         <load_address>0xff5d</load_address>
         <run_address>0xff5d</run_address>
         <size>0x1b6</size>
         <input_file_ref idref="fl-23"/>
      </object_component>
      <object_component id="oc-30">
         <name>.debug_info</name>
         <load_address>0x10113</load_address>
         <run_address>0x10113</run_address>
         <size>0x1b7</size>
         <input_file_ref idref="fl-24"/>
      </object_component>
      <object_component id="oc-27">
         <name>.debug_info</name>
         <load_address>0x102ca</load_address>
         <run_address>0x102ca</run_address>
         <size>0x219</size>
         <input_file_ref idref="fl-25"/>
      </object_component>
      <object_component id="oc-21c">
         <name>.debug_info</name>
         <load_address>0x104e3</load_address>
         <run_address>0x104e3</run_address>
         <size>0x19e</size>
         <input_file_ref idref="fl-26"/>
      </object_component>
      <object_component id="oc-1a4">
         <name>.debug_info</name>
         <load_address>0x10681</load_address>
         <run_address>0x10681</run_address>
         <size>0x1a9</size>
         <input_file_ref idref="fl-26"/>
      </object_component>
      <object_component id="oc-21f">
         <name>.debug_info</name>
         <load_address>0x1082a</load_address>
         <run_address>0x1082a</run_address>
         <size>0x107</size>
         <input_file_ref idref="fl-27"/>
      </object_component>
      <object_component id="oc-298">
         <name>.debug_info</name>
         <load_address>0x10931</load_address>
         <run_address>0x10931</run_address>
         <size>0x10b</size>
         <input_file_ref idref="fl-27"/>
      </object_component>
      <object_component id="oc-255">
         <name>.debug_info</name>
         <load_address>0x10a3c</load_address>
         <run_address>0x10a3c</run_address>
         <size>0x203</size>
         <input_file_ref idref="fl-27"/>
      </object_component>
      <object_component id="oc-19b">
         <name>.debug_info</name>
         <load_address>0x10c3f</load_address>
         <run_address>0x10c3f</run_address>
         <size>0x15d</size>
         <input_file_ref idref="fl-28"/>
      </object_component>
      <object_component id="oc-109">
         <name>.debug_info</name>
         <load_address>0x10d9c</load_address>
         <run_address>0x10d9c</run_address>
         <size>0x1f8</size>
         <input_file_ref idref="fl-2a"/>
      </object_component>
      <object_component id="oc-103">
         <name>.debug_info</name>
         <load_address>0x10f94</load_address>
         <run_address>0x10f94</run_address>
         <size>0x1c7</size>
         <input_file_ref idref="fl-2b"/>
      </object_component>
      <object_component id="oc-23a">
         <name>.debug_info</name>
         <load_address>0x1115b</load_address>
         <run_address>0x1115b</run_address>
         <size>0x147</size>
         <input_file_ref idref="fl-2d"/>
      </object_component>
      <object_component id="oc-2f8">
         <name>.debug_info</name>
         <load_address>0x112a2</load_address>
         <run_address>0x112a2</run_address>
         <size>0xd0</size>
      </object_component>
      <object_component id="oc-4b">
         <name>.debug_line</name>
         <load_address>0x0</load_address>
         <run_address>0x0</run_address>
         <size>0x812</size>
         <input_file_ref idref="fl-2"/>
      </object_component>
      <object_component id="oc-186">
         <name>.debug_line</name>
         <load_address>0x812</load_address>
         <run_address>0x812</run_address>
         <size>0x17f</size>
         <input_file_ref idref="fl-2"/>
      </object_component>
      <object_component id="oc-133">
         <name>.debug_line</name>
         <load_address>0x991</load_address>
         <run_address>0x991</run_address>
         <size>0x32</size>
         <input_file_ref idref="fl-4"/>
      </object_component>
      <object_component id="oc-13b">
         <name>.debug_line</name>
         <load_address>0x9c3</load_address>
         <run_address>0x9c3</run_address>
         <size>0x32</size>
         <input_file_ref idref="fl-4"/>
      </object_component>
      <object_component id="oc-1b6">
         <name>.debug_line</name>
         <load_address>0x9f5</load_address>
         <run_address>0x9f5</run_address>
         <size>0x32</size>
         <input_file_ref idref="fl-4"/>
      </object_component>
      <object_component id="oc-1b8">
         <name>.debug_line</name>
         <load_address>0xa27</load_address>
         <run_address>0xa27</run_address>
         <size>0x32</size>
         <input_file_ref idref="fl-4"/>
      </object_component>
      <object_component id="oc-10f">
         <name>.debug_line</name>
         <load_address>0xa59</load_address>
         <run_address>0xa59</run_address>
         <size>0x32</size>
         <input_file_ref idref="fl-4"/>
      </object_component>
      <object_component id="oc-83">
         <name>.debug_line</name>
         <load_address>0xa8b</load_address>
         <run_address>0xa8b</run_address>
         <size>0x48e</size>
         <input_file_ref idref="fl-4"/>
      </object_component>
      <object_component id="oc-100">
         <name>.debug_line</name>
         <load_address>0xf19</load_address>
         <run_address>0xf19</run_address>
         <size>0x2ad</size>
         <input_file_ref idref="fl-4"/>
      </object_component>
      <object_component id="oc-43">
         <name>.debug_line</name>
         <load_address>0x11c6</load_address>
         <run_address>0x11c6</run_address>
         <size>0x62</size>
         <input_file_ref idref="fl-4"/>
      </object_component>
      <object_component id="oc-13d">
         <name>.debug_line</name>
         <load_address>0x1228</load_address>
         <run_address>0x1228</run_address>
         <size>0x25e</size>
         <input_file_ref idref="fl-4"/>
      </object_component>
      <object_component id="oc-34">
         <name>.debug_line</name>
         <load_address>0x1486</load_address>
         <run_address>0x1486</run_address>
         <size>0x55</size>
         <input_file_ref idref="fl-5"/>
      </object_component>
      <object_component id="oc-7d">
         <name>.debug_line</name>
         <load_address>0x14db</load_address>
         <run_address>0x14db</run_address>
         <size>0x5d</size>
         <input_file_ref idref="fl-5"/>
      </object_component>
      <object_component id="oc-1d8">
         <name>.debug_line</name>
         <load_address>0x1538</load_address>
         <run_address>0x1538</run_address>
         <size>0x37</size>
         <input_file_ref idref="fl-6"/>
      </object_component>
      <object_component id="oc-a5">
         <name>.debug_line</name>
         <load_address>0x156f</load_address>
         <run_address>0x156f</run_address>
         <size>0x3fd</size>
         <input_file_ref idref="fl-6"/>
      </object_component>
      <object_component id="oc-1da">
         <name>.debug_line</name>
         <load_address>0x196c</load_address>
         <run_address>0x196c</run_address>
         <size>0xa5</size>
         <input_file_ref idref="fl-6"/>
      </object_component>
      <object_component id="oc-164">
         <name>.debug_line</name>
         <load_address>0x1a11</load_address>
         <run_address>0x1a11</run_address>
         <size>0x98</size>
         <input_file_ref idref="fl-f"/>
      </object_component>
      <object_component id="oc-b9">
         <name>.debug_line</name>
         <load_address>0x1aa9</load_address>
         <run_address>0x1aa9</run_address>
         <size>0xa2</size>
         <input_file_ref idref="fl-f"/>
      </object_component>
      <object_component id="oc-ad">
         <name>.debug_line</name>
         <load_address>0x1b4b</load_address>
         <run_address>0x1b4b</run_address>
         <size>0xb1</size>
         <input_file_ref idref="fl-f"/>
      </object_component>
      <object_component id="oc-b7">
         <name>.debug_line</name>
         <load_address>0x1bfc</load_address>
         <run_address>0x1bfc</run_address>
         <size>0x9f</size>
         <input_file_ref idref="fl-f"/>
      </object_component>
      <object_component id="oc-c3">
         <name>.debug_line</name>
         <load_address>0x1c9b</load_address>
         <run_address>0x1c9b</run_address>
         <size>0x9f</size>
         <input_file_ref idref="fl-f"/>
      </object_component>
      <object_component id="oc-a7">
         <name>.debug_line</name>
         <load_address>0x1d3a</load_address>
         <run_address>0x1d3a</run_address>
         <size>0x9f</size>
         <input_file_ref idref="fl-f"/>
      </object_component>
      <object_component id="oc-1dd">
         <name>.debug_line</name>
         <load_address>0x1dd9</load_address>
         <run_address>0x1dd9</run_address>
         <size>0xe4</size>
         <input_file_ref idref="fl-f"/>
      </object_component>
      <object_component id="oc-172">
         <name>.debug_line</name>
         <load_address>0x1ebd</load_address>
         <run_address>0x1ebd</run_address>
         <size>0x9d</size>
         <input_file_ref idref="fl-10"/>
      </object_component>
      <object_component id="oc-16e">
         <name>.debug_line</name>
         <load_address>0x1f5a</load_address>
         <run_address>0x1f5a</run_address>
         <size>0x9d</size>
         <input_file_ref idref="fl-10"/>
      </object_component>
      <object_component id="oc-f9">
         <name>.debug_line</name>
         <load_address>0x1ff7</load_address>
         <run_address>0x1ff7</run_address>
         <size>0xb8</size>
         <input_file_ref idref="fl-10"/>
      </object_component>
      <object_component id="oc-4f">
         <name>.debug_line</name>
         <load_address>0x20af</load_address>
         <run_address>0x20af</run_address>
         <size>0xa3</size>
         <input_file_ref idref="fl-10"/>
      </object_component>
      <object_component id="oc-5a">
         <name>.debug_line</name>
         <load_address>0x2152</load_address>
         <run_address>0x2152</run_address>
         <size>0x9b</size>
         <input_file_ref idref="fl-10"/>
      </object_component>
      <object_component id="oc-60">
         <name>.debug_line</name>
         <load_address>0x21ed</load_address>
         <run_address>0x21ed</run_address>
         <size>0x9b</size>
         <input_file_ref idref="fl-10"/>
      </object_component>
      <object_component id="oc-51">
         <name>.debug_line</name>
         <load_address>0x2288</load_address>
         <run_address>0x2288</run_address>
         <size>0xb1</size>
         <input_file_ref idref="fl-10"/>
      </object_component>
      <object_component id="oc-c5">
         <name>.debug_line</name>
         <load_address>0x2339</load_address>
         <run_address>0x2339</run_address>
         <size>0xb1</size>
         <input_file_ref idref="fl-10"/>
      </object_component>
      <object_component id="oc-189">
         <name>.debug_line</name>
         <load_address>0x23ea</load_address>
         <run_address>0x23ea</run_address>
         <size>0x21</size>
         <input_file_ref idref="fl-10"/>
      </object_component>
      <object_component id="oc-113">
         <name>.debug_line</name>
         <load_address>0x240b</load_address>
         <run_address>0x240b</run_address>
         <size>0x97</size>
         <input_file_ref idref="fl-11"/>
      </object_component>
      <object_component id="oc-180">
         <name>.debug_line</name>
         <load_address>0x24a2</load_address>
         <run_address>0x24a2</run_address>
         <size>0x98</size>
         <input_file_ref idref="fl-11"/>
      </object_component>
      <object_component id="oc-17a">
         <name>.debug_line</name>
         <load_address>0x253a</load_address>
         <run_address>0x253a</run_address>
         <size>0x99</size>
         <input_file_ref idref="fl-11"/>
      </object_component>
      <object_component id="oc-119">
         <name>.debug_line</name>
         <load_address>0x25d3</load_address>
         <run_address>0x25d3</run_address>
         <size>0x98</size>
         <input_file_ref idref="fl-11"/>
      </object_component>
      <object_component id="oc-125">
         <name>.debug_line</name>
         <load_address>0x266b</load_address>
         <run_address>0x266b</run_address>
         <size>0x98</size>
         <input_file_ref idref="fl-11"/>
      </object_component>
      <object_component id="oc-11f">
         <name>.debug_line</name>
         <load_address>0x2703</load_address>
         <run_address>0x2703</run_address>
         <size>0x98</size>
         <input_file_ref idref="fl-11"/>
      </object_component>
      <object_component id="oc-12d">
         <name>.debug_line</name>
         <load_address>0x279b</load_address>
         <run_address>0x279b</run_address>
         <size>0x99</size>
         <input_file_ref idref="fl-11"/>
      </object_component>
      <object_component id="oc-cc">
         <name>.debug_line</name>
         <load_address>0x2834</load_address>
         <run_address>0x2834</run_address>
         <size>0x9e</size>
         <input_file_ref idref="fl-11"/>
      </object_component>
      <object_component id="oc-8c">
         <name>.debug_line</name>
         <load_address>0x28d2</load_address>
         <run_address>0x28d2</run_address>
         <size>0xcc</size>
         <input_file_ref idref="fl-11"/>
      </object_component>
      <object_component id="oc-d2">
         <name>.debug_line</name>
         <load_address>0x299e</load_address>
         <run_address>0x299e</run_address>
         <size>0xb3</size>
         <input_file_ref idref="fl-11"/>
      </object_component>
      <object_component id="oc-92">
         <name>.debug_line</name>
         <load_address>0x2a51</load_address>
         <run_address>0x2a51</run_address>
         <size>0xa7</size>
         <input_file_ref idref="fl-11"/>
      </object_component>
      <object_component id="oc-1b2">
         <name>.debug_line</name>
         <load_address>0x2af8</load_address>
         <run_address>0x2af8</run_address>
         <size>0xe3</size>
         <input_file_ref idref="fl-11"/>
      </object_component>
      <object_component id="oc-1ca">
         <name>.debug_line</name>
         <load_address>0x2bdb</load_address>
         <run_address>0x2bdb</run_address>
         <size>0x9d</size>
         <input_file_ref idref="fl-12"/>
      </object_component>
      <object_component id="oc-1bd">
         <name>.debug_line</name>
         <load_address>0x2c78</load_address>
         <run_address>0x2c78</run_address>
         <size>0x9a</size>
         <input_file_ref idref="fl-12"/>
      </object_component>
      <object_component id="oc-28b">
         <name>.debug_line</name>
         <load_address>0x2d12</load_address>
         <run_address>0x2d12</run_address>
         <size>0x9c</size>
         <input_file_ref idref="fl-12"/>
      </object_component>
      <object_component id="oc-29f">
         <name>.debug_line</name>
         <load_address>0x2dae</load_address>
         <run_address>0x2dae</run_address>
         <size>0x9c</size>
         <input_file_ref idref="fl-12"/>
      </object_component>
      <object_component id="oc-278">
         <name>.debug_line</name>
         <load_address>0x2e4a</load_address>
         <run_address>0x2e4a</run_address>
         <size>0x9d</size>
         <input_file_ref idref="fl-12"/>
      </object_component>
      <object_component id="oc-260">
         <name>.debug_line</name>
         <load_address>0x2ee7</load_address>
         <run_address>0x2ee7</run_address>
         <size>0x9d</size>
         <input_file_ref idref="fl-12"/>
      </object_component>
      <object_component id="oc-267">
         <name>.debug_line</name>
         <load_address>0x2f84</load_address>
         <run_address>0x2f84</run_address>
         <size>0xa1</size>
         <input_file_ref idref="fl-12"/>
      </object_component>
      <object_component id="oc-27e">
         <name>.debug_line</name>
         <load_address>0x3025</load_address>
         <run_address>0x3025</run_address>
         <size>0xa2</size>
         <input_file_ref idref="fl-12"/>
      </object_component>
      <object_component id="oc-26c">
         <name>.debug_line</name>
         <load_address>0x30c7</load_address>
         <run_address>0x30c7</run_address>
         <size>0x9d</size>
         <input_file_ref idref="fl-12"/>
      </object_component>
      <object_component id="oc-2ac">
         <name>.debug_line</name>
         <load_address>0x3164</load_address>
         <run_address>0x3164</run_address>
         <size>0x9d</size>
         <input_file_ref idref="fl-12"/>
      </object_component>
      <object_component id="oc-273">
         <name>.debug_line</name>
         <load_address>0x3201</load_address>
         <run_address>0x3201</run_address>
         <size>0xa7</size>
         <input_file_ref idref="fl-12"/>
      </object_component>
      <object_component id="oc-285">
         <name>.debug_line</name>
         <load_address>0x32a8</load_address>
         <run_address>0x32a8</run_address>
         <size>0xa1</size>
         <input_file_ref idref="fl-12"/>
      </object_component>
      <object_component id="oc-14c">
         <name>.debug_line</name>
         <load_address>0x3349</load_address>
         <run_address>0x3349</run_address>
         <size>0xb4</size>
         <input_file_ref idref="fl-12"/>
      </object_component>
      <object_component id="oc-146">
         <name>.debug_line</name>
         <load_address>0x33fd</load_address>
         <run_address>0x33fd</run_address>
         <size>0x19e</size>
         <input_file_ref idref="fl-12"/>
      </object_component>
      <object_component id="oc-22f">
         <name>.debug_line</name>
         <load_address>0x359b</load_address>
         <run_address>0x359b</run_address>
         <size>0xd2</size>
         <input_file_ref idref="fl-12"/>
      </object_component>
      <object_component id="oc-1c6">
         <name>.debug_line</name>
         <load_address>0x366d</load_address>
         <run_address>0x366d</run_address>
         <size>0xbe</size>
         <input_file_ref idref="fl-12"/>
      </object_component>
      <object_component id="oc-157">
         <name>.debug_line</name>
         <load_address>0x372b</load_address>
         <run_address>0x372b</run_address>
         <size>0xa1</size>
         <input_file_ref idref="fl-12"/>
      </object_component>
      <object_component id="oc-143">
         <name>.debug_line</name>
         <load_address>0x37cc</load_address>
         <run_address>0x37cc</run_address>
         <size>0xc7</size>
         <input_file_ref idref="fl-12"/>
      </object_component>
      <object_component id="oc-22a">
         <name>.debug_line</name>
         <load_address>0x3893</load_address>
         <run_address>0x3893</run_address>
         <size>0x14b</size>
         <input_file_ref idref="fl-12"/>
      </object_component>
      <object_component id="oc-f2">
         <name>.debug_line</name>
         <load_address>0x39de</load_address>
         <run_address>0x39de</run_address>
         <size>0x4f</size>
         <input_file_ref idref="fl-1e"/>
      </object_component>
      <object_component id="oc-1d3">
         <name>.debug_line</name>
         <load_address>0x3a2d</load_address>
         <run_address>0x3a2d</run_address>
         <size>0xae</size>
         <input_file_ref idref="fl-1f"/>
      </object_component>
      <object_component id="oc-6c">
         <name>.debug_line</name>
         <load_address>0x3adb</load_address>
         <run_address>0x3adb</run_address>
         <size>0x63</size>
         <input_file_ref idref="fl-20"/>
      </object_component>
      <object_component id="oc-18c">
         <name>.debug_line</name>
         <load_address>0x3b3e</load_address>
         <run_address>0x3b3e</run_address>
         <size>0x21</size>
         <input_file_ref idref="fl-20"/>
      </object_component>
      <object_component id="oc-198">
         <name>.debug_line</name>
         <load_address>0x3b5f</load_address>
         <run_address>0x3b5f</run_address>
         <size>0x3f</size>
         <input_file_ref idref="fl-21"/>
      </object_component>
      <object_component id="oc-237">
         <name>.debug_line</name>
         <load_address>0x3b9e</load_address>
         <run_address>0x3b9e</run_address>
         <size>0x21</size>
         <input_file_ref idref="fl-21"/>
      </object_component>
      <object_component id="oc-1ec">
         <name>.debug_line</name>
         <load_address>0x3bbf</load_address>
         <run_address>0x3bbf</run_address>
         <size>0x74</size>
         <input_file_ref idref="fl-22"/>
      </object_component>
      <object_component id="oc-293">
         <name>.debug_line</name>
         <load_address>0x3c33</load_address>
         <run_address>0x3c33</run_address>
         <size>0x21</size>
         <input_file_ref idref="fl-22"/>
      </object_component>
      <object_component id="oc-74">
         <name>.debug_line</name>
         <load_address>0x3c54</load_address>
         <run_address>0x3c54</run_address>
         <size>0x4d</size>
         <input_file_ref idref="fl-23"/>
      </object_component>
      <object_component id="oc-18f">
         <name>.debug_line</name>
         <load_address>0x3ca1</load_address>
         <run_address>0x3ca1</run_address>
         <size>0x21</size>
         <input_file_ref idref="fl-23"/>
      </object_component>
      <object_component id="oc-2f">
         <name>.debug_line</name>
         <load_address>0x3cc2</load_address>
         <run_address>0x3cc2</run_address>
         <size>0x57</size>
         <input_file_ref idref="fl-24"/>
      </object_component>
      <object_component id="oc-e3">
         <name>.debug_line</name>
         <load_address>0x3d19</load_address>
         <run_address>0x3d19</run_address>
         <size>0x21</size>
         <input_file_ref idref="fl-24"/>
      </object_component>
      <object_component id="oc-2a">
         <name>.debug_line</name>
         <load_address>0x3d3a</load_address>
         <run_address>0x3d3a</run_address>
         <size>0x95</size>
         <input_file_ref idref="fl-25"/>
      </object_component>
      <object_component id="oc-de">
         <name>.debug_line</name>
         <load_address>0x3dcf</load_address>
         <run_address>0x3dcf</run_address>
         <size>0x21</size>
         <input_file_ref idref="fl-25"/>
      </object_component>
      <object_component id="oc-252">
         <name>.debug_line</name>
         <load_address>0x3df0</load_address>
         <run_address>0x3df0</run_address>
         <size>0x2b</size>
         <input_file_ref idref="fl-26"/>
      </object_component>
      <object_component id="oc-1a2">
         <name>.debug_line</name>
         <load_address>0x3e1b</load_address>
         <run_address>0x3e1b</run_address>
         <size>0x66</size>
         <input_file_ref idref="fl-26"/>
      </object_component>
      <object_component id="oc-25d">
         <name>.debug_line</name>
         <load_address>0x3e81</load_address>
         <run_address>0x3e81</run_address>
         <size>0x21</size>
         <input_file_ref idref="fl-26"/>
      </object_component>
      <object_component id="oc-25a">
         <name>.debug_line</name>
         <load_address>0x3ea2</load_address>
         <run_address>0x3ea2</run_address>
         <size>0x2c</size>
         <input_file_ref idref="fl-27"/>
      </object_component>
      <object_component id="oc-2b9">
         <name>.debug_line</name>
         <load_address>0x3ece</load_address>
         <run_address>0x3ece</run_address>
         <size>0x2c</size>
         <input_file_ref idref="fl-27"/>
      </object_component>
      <object_component id="oc-257">
         <name>.debug_line</name>
         <load_address>0x3efa</load_address>
         <run_address>0x3efa</run_address>
         <size>0x5f</size>
         <input_file_ref idref="fl-27"/>
      </object_component>
      <object_component id="oc-29c">
         <name>.debug_line</name>
         <load_address>0x3f59</load_address>
         <run_address>0x3f59</run_address>
         <size>0x21</size>
         <input_file_ref idref="fl-27"/>
      </object_component>
      <object_component id="oc-19e">
         <name>.debug_line</name>
         <load_address>0x3f7a</load_address>
         <run_address>0x3f7a</run_address>
         <size>0x4e</size>
         <input_file_ref idref="fl-28"/>
      </object_component>
      <object_component id="oc-24f">
         <name>.debug_line</name>
         <load_address>0x3fc8</load_address>
         <run_address>0x3fc8</run_address>
         <size>0x30</size>
         <input_file_ref idref="fl-28"/>
      </object_component>
      <object_component id="oc-10b">
         <name>.debug_line</name>
         <load_address>0x3ff8</load_address>
         <run_address>0x3ff8</run_address>
         <size>0xb0</size>
         <input_file_ref idref="fl-2a"/>
      </object_component>
      <object_component id="oc-227">
         <name>.debug_line</name>
         <load_address>0x40a8</load_address>
         <run_address>0x40a8</run_address>
         <size>0x21</size>
         <input_file_ref idref="fl-2a"/>
      </object_component>
      <object_component id="oc-105">
         <name>.debug_line</name>
         <load_address>0x40c9</load_address>
         <run_address>0x40c9</run_address>
         <size>0xa9</size>
         <input_file_ref idref="fl-2b"/>
      </object_component>
      <object_component id="oc-224">
         <name>.debug_line</name>
         <load_address>0x4172</load_address>
         <run_address>0x4172</run_address>
         <size>0x21</size>
         <input_file_ref idref="fl-2b"/>
      </object_component>
      <object_component id="oc-23e">
         <name>.debug_line</name>
         <load_address>0x4193</load_address>
         <run_address>0x4193</run_address>
         <size>0x3b</size>
         <input_file_ref idref="fl-2d"/>
      </object_component>
      <object_component id="oc-2b3">
         <name>.debug_line</name>
         <load_address>0x41ce</load_address>
         <run_address>0x41ce</run_address>
         <size>0x21</size>
         <input_file_ref idref="fl-2d"/>
      </object_component>
      <object_component id="oc-4c">
         <name>.debug_frame</name>
         <load_address>0x0</load_address>
         <run_address>0x0</run_address>
         <size>0x550</size>
         <input_file_ref idref="fl-2"/>
      </object_component>
      <object_component id="oc-84">
         <name>.debug_frame</name>
         <load_address>0x550</load_address>
         <run_address>0x550</run_address>
         <size>0x274</size>
         <input_file_ref idref="fl-4"/>
      </object_component>
      <object_component id="oc-fc">
         <name>.debug_frame</name>
         <load_address>0x7c4</load_address>
         <run_address>0x7c4</run_address>
         <size>0x140</size>
         <input_file_ref idref="fl-4"/>
      </object_component>
      <object_component id="oc-44">
         <name>.debug_frame</name>
         <load_address>0x904</load_address>
         <run_address>0x904</run_address>
         <size>0xb4</size>
         <input_file_ref idref="fl-4"/>
      </object_component>
      <object_component id="oc-a4">
         <name>.debug_frame</name>
         <load_address>0x9b8</load_address>
         <run_address>0x9b8</run_address>
         <size>0x230</size>
         <input_file_ref idref="fl-6"/>
      </object_component>
      <object_component id="oc-160">
         <name>.debug_frame</name>
         <load_address>0xbe8</load_address>
         <run_address>0xbe8</run_address>
         <size>0x44</size>
         <input_file_ref idref="fl-f"/>
      </object_component>
      <object_component id="oc-ba">
         <name>.debug_frame</name>
         <load_address>0xc2c</load_address>
         <run_address>0xc2c</run_address>
         <size>0x44</size>
         <input_file_ref idref="fl-f"/>
      </object_component>
      <object_component id="oc-ae">
         <name>.debug_frame</name>
         <load_address>0xc70</load_address>
         <run_address>0xc70</run_address>
         <size>0x44</size>
         <input_file_ref idref="fl-f"/>
      </object_component>
      <object_component id="oc-b3">
         <name>.debug_frame</name>
         <load_address>0xcb4</load_address>
         <run_address>0xcb4</run_address>
         <size>0x44</size>
         <input_file_ref idref="fl-f"/>
      </object_component>
      <object_component id="oc-c2">
         <name>.debug_frame</name>
         <load_address>0xcf8</load_address>
         <run_address>0xcf8</run_address>
         <size>0x44</size>
         <input_file_ref idref="fl-f"/>
      </object_component>
      <object_component id="oc-ab">
         <name>.debug_frame</name>
         <load_address>0xd3c</load_address>
         <run_address>0xd3c</run_address>
         <size>0x44</size>
         <input_file_ref idref="fl-f"/>
      </object_component>
      <object_component id="oc-171">
         <name>.debug_frame</name>
         <load_address>0xd80</load_address>
         <run_address>0xd80</run_address>
         <size>0x40</size>
         <input_file_ref idref="fl-10"/>
      </object_component>
      <object_component id="oc-16f">
         <name>.debug_frame</name>
         <load_address>0xdc0</load_address>
         <run_address>0xdc0</run_address>
         <size>0x40</size>
         <input_file_ref idref="fl-10"/>
      </object_component>
      <object_component id="oc-fa">
         <name>.debug_frame</name>
         <load_address>0xe00</load_address>
         <run_address>0xe00</run_address>
         <size>0x40</size>
         <input_file_ref idref="fl-10"/>
      </object_component>
      <object_component id="oc-4e">
         <name>.debug_frame</name>
         <load_address>0xe40</load_address>
         <run_address>0xe40</run_address>
         <size>0x4c</size>
         <input_file_ref idref="fl-10"/>
      </object_component>
      <object_component id="oc-5b">
         <name>.debug_frame</name>
         <load_address>0xe8c</load_address>
         <run_address>0xe8c</run_address>
         <size>0x48</size>
         <input_file_ref idref="fl-10"/>
      </object_component>
      <object_component id="oc-61">
         <name>.debug_frame</name>
         <load_address>0xed4</load_address>
         <run_address>0xed4</run_address>
         <size>0x48</size>
         <input_file_ref idref="fl-10"/>
      </object_component>
      <object_component id="oc-52">
         <name>.debug_frame</name>
         <load_address>0xf1c</load_address>
         <run_address>0xf1c</run_address>
         <size>0x44</size>
         <input_file_ref idref="fl-10"/>
[...]
         <usage_details>
         </usage_details>
      </memory_area>
   </placement_map>
   <cptbl_list>
      <cptbl>
         <name>__TI_cinit_table</name>
         <cprec>
            <name>.data</name>
            <load_address>0x83ec0</load_address>
            <load_size>0xe</load_size>
            <run_address>0xa96e</run_address>
            <run_size>0x1a</run_size>
            <compression>lzss</compression>
         </cprec>
         <cprec>
            <name>.bss</name>
            <load_address>0x83ed4</load_address>
            <load_size>0x4</load_size>
            <run_address>0xa800</run_address>
            <run_size>0x16e</run_size>
            <compression>zero_init</compression>
         </cprec>
      </cptbl>
   </cptbl_list>
   <handler_table>
      <handler_table_name>__TI_handler_table</handler_table_name>
      <handler>
         <index>0x0</index>
         <name>__TI_zero_init</name>
      </handler>
      <handler>
         <index>0x1</index>
         <name>__TI_decompress_lzss</name>
      </handler>
      <handler>
         <index>0x2</index>
         <name>__TI_decompress_none</name>
      </handler>
   </handler_table>
   <symbol_table>
      <symbol id="sm-1">
         <name>_RamfuncsLoadStart</name>
         <value>0x82000</value>
      </symbol>
      <symbol id="sm-2">
         <name>_RamfuncsLoadEnd</name>
         <value>0x822a0</value>
      </symbol>
      <symbol id="sm-3">
         <name>_RamfuncsRunStart</name>
         <value>0x8000</value>
      </symbol>
      <symbol id="sm-4">
         <name>RamfuncsLoadStart</name>
         <value>0x8000</value>
      </symbol>
      <symbol id="sm-5">
         <name>RamfuncsLoadSize</name>
         <value>0x0</value>
      </symbol>
      <symbol id="sm-6">
         <name>RamfuncsLoadEnd</name>
         <value>0x8000</value>
      </symbol>
      <symbol id="sm-7">
         <name>RamfuncsRunStart</name>
         <value>0x8000</value>
      </symbol>
      <symbol id="sm-8">
         <name>RamfuncsRunSize</name>
         <value>0x0</value>
      </symbol>
      <symbol id="sm-9">
         <name>RamfuncsRunEnd</name>
         <value>0x8000</value>
      </symbol>
      <symbol id="sm-a">
         <name>__TI_CINIT_Base</name>
         <value>0x83ed8</value>
      </symbol>
      <symbol id="sm-b">
         <name>__TI_CINIT_Limit</name>
         <value>0x83ee0</value>
      </symbol>
      <symbol id="sm-c">
         <name>__TI_CINIT_Warm</name>
         <value>0x83ee0</value>
      </symbol>
      <symbol id="sm-d">
         <name>__TI_Handler_Table_Base</name>
         <value>0x83ece</value>
      </symbol>
      <symbol id="sm-e">
         <name>__TI_Handler_Table_Limit</name>
         <value>0x83ed4</value>
      </symbol>
      <symbol id="sm-f">
         <name>__TI_STACK_SIZE</name>
         <value>0x100</value>
      </symbol>
      <symbol id="sm-10">
         <name>__TI_STACK_END</name>
         <value>0x500</value>
      </symbol>
      <symbol id="sm-11">
         <name>__TI_pprof_out_hndl</name>
         <value>0xffffffff</value>
      </symbol>
      <symbol id="sm-12">
         <name>__TI_prof_data_start</name>
         <value>0xffffffff</value>
      </symbol>
      <symbol id="sm-13">
         <name>__TI_prof_data_size</name>
         <value>0xffffffff</value>
      </symbol>
      <symbol id="sm-a0">
         <name>INPUTXBAR_init</name>
         <value>0x82b6a</value>
         <object_component_ref idref="oc-47"/>
      </symbol>
      <symbol id="sm-a1">
         <name>INTERRUPT_init</name>
         <value>0x82b72</value>
         <object_component_ref idref="oc-47"/>
      </symbol>
      <symbol id="sm-a2">
         <name>PinMux_init</name>
         <value>0x8269f</value>
         <object_component_ref idref="oc-47"/>
      </symbol>
      <symbol id="sm-a3">
         <name>myINPUTXBARINPUT0_init</name>
         <value>0x82b6d</value>
         <object_component_ref idref="oc-47"/>
      </symbol>
      <symbol id="sm-a4">
         <name>SCI_init</name>
         <value>0x82b7f</value>
         <object_component_ref idref="oc-47"/>
      </symbol>
      <symbol id="sm-a5">
         <name>Board_init</name>
         <value>0x8268e</value>
         <object_component_ref idref="oc-47"/>
      </symbol>
      <symbol id="sm-a6">
         <name>GPIO_init</name>
         <value>0x82b27</value>
         <object_component_ref idref="oc-47"/>
      </symbol>
      <symbol id="sm-a7">
         <name>myBoardLED1_GPIO_init</name>
         <value>0x82b56</value>
         <object_component_ref idref="oc-47"/>
      </symbol>
      <symbol id="sm-a8">
         <name>myBoardLED0_GPIO_init</name>
         <value>0x82b42</value>
         <object_component_ref idref="oc-47"/>
      </symbol>
      <symbol id="sm-a9">
         <name>SYNC_init</name>
         <value>0x82bc5</value>
         <object_component_ref idref="oc-47"/>
      </symbol>
      <symbol id="sm-aa">
         <name>myGPIO_SE_init</name>
         <value>0x82b2e</value>
         <object_component_ref idref="oc-47"/>
      </symbol>
      <symbol id="sm-ab">
         <name>EPWM_init</name>
         <value>0x82756</value>
         <object_component_ref idref="oc-47"/>
      </symbol>
      <symbol id="sm-ac">
         <name>mySCIA_init</name>
         <value>0x82b82</value>
         <object_component_ref idref="oc-47"/>
      </symbol>
      <symbol id="sm-189">
         <name>AdcBuf</name>
         <value>0xa900</value>
         <object_component_ref idref="oc-134"/>
      </symbol>
      <symbol id="sm-18a">
         <name>extractDelay</name>
         <value>0x8096</value>
         <object_component_ref idref="oc-fb"/>
      </symbol>
      <symbol id="sm-18b">
         <name>receivedChar</name>
         <value>0xa965</value>
         <object_component_ref idref="oc-97"/>
      </symbol>
      <symbol id="sm-18c">
         <name>rxStatus</name>
         <value>0xa964</value>
         <object_component_ref idref="oc-97"/>
      </symbol>
      <symbol id="sm-18d">
         <name>DutyModOn</name>
         <value>0xa96f</value>
         <object_component_ref idref="oc-9a"/>
      </symbol>
      <symbol id="sm-18e">
         <name>AdcBufB</name>
         <value>0xa932</value>
         <object_component_ref idref="oc-137"/>
      </symbol>
      <symbol id="sm-18f">
         <name>delayCycles</name>
         <value>0x82dc8</value>
         <object_component_ref idref="oc-82"/>
      </symbol>
      <symbol id="sm-190">
         <name>extractDeadp1</name>
         <value>0x80d8</value>
         <object_component_ref idref="oc-fb"/>
      </symbol>
      <symbol id="sm-191">
         <name>extractDeadp2</name>
         <value>0x811a</value>
         <object_component_ref idref="oc-fb"/>
      </symbol>
      <symbol id="sm-192">
         <name>extractDeads1</name>
         <value>0x815c</value>
         <object_component_ref idref="oc-fb"/>
      </symbol>
      <symbol id="sm-193">
         <name>extractDeads2</name>
         <value>0x819e</value>
         <object_component_ref idref="oc-fb"/>
      </symbol>
      <symbol id="sm-194">
         <name>extractSync</name>
         <value>0x81e0</value>
         <object_component_ref idref="oc-fb"/>
      </symbol>
      <symbol id="sm-195">
         <name>rxIndex</name>
         <value>0xa972</value>
         <object_component_ref idref="oc-9a"/>
      </symbol>
      <symbol id="sm-196">
         <name>ePwm_curDuty</name>
         <value>0xa96c</value>
         <object_component_ref idref="oc-97"/>
      </symbol>
      <symbol id="sm-197">
         <name>ePwm_MaxDuty</name>
         <value>0xa96a</value>
         <object_component_ref idref="oc-97"/>
      </symbol>
      <symbol id="sm-198">
         <name>main</name>
         <value>0x82df5</value>
         <object_component_ref idref="oc-82"/>
      </symbol>
      <symbol id="sm-199">
         <name>INT_mySCIA_RX_ISR</name>
         <value>0x8222</value>
         <object_component_ref idref="oc-41"/>
      </symbol>
      <symbol id="sm-19a">
         <name>DutyModDir</name>
         <value>0xa970</value>
         <object_component_ref idref="oc-9a"/>
      </symbol>
      <symbol id="sm-19b">
         <name>rxBuffer</name>
         <value>0xa800</value>
         <object_component_ref idref="oc-88"/>
      </symbol>
      <symbol id="sm-19c">
         <name>extractFrequency</name>
         <value>0x8054</value>
         <object_component_ref idref="oc-fb"/>
      </symbol>
      <symbol id="sm-19d">
         <name>flagRxComplete</name>
         <value>0xa973</value>
         <object_component_ref idref="oc-9a"/>
      </symbol>
      <symbol id="sm-19e">
         <name>LedCtr</name>
         <value>0xa96e</value>
         <object_component_ref idref="oc-9a"/>
      </symbol>
      <symbol id="sm-19f">
         <name>AdcBufPtr</name>
         <value>0xa974</value>
         <object_component_ref idref="oc-9a"/>
      </symbol>
      <symbol id="sm-1a0">
         <name>ePwm_TimeBase</name>
         <value>0xa966</value>
         <object_component_ref idref="oc-97"/>
      </symbol>
      <symbol id="sm-1a1">
         <name>DutyModCtr</name>
         <value>0xa971</value>
         <object_component_ref idref="oc-9a"/>
      </symbol>
      <symbol id="sm-1a2">
         <name>AdcBufPtrB</name>
         <value>0xa976</value>
         <object_component_ref idref="oc-9a"/>
      </symbol>
      <symbol id="sm-1a3">
         <name>ePwm_MinDuty</name>
         <value>0xa968</value>
         <object_component_ref idref="oc-97"/>
      </symbol>
      <symbol id="sm-1a4">
         <name>setPWMOutputState</name>
         <value>0x82dd7</value>
         <object_component_ref idref="oc-82"/>
      </symbol>
      <symbol id="sm-1b3">
         <name>code_start</name>
         <value>0x80000</value>
         <object_component_ref idref="oc-33"/>
      </symbol>
      <symbol id="sm-1e5">
         <name>Device_enableAllPeripherals</name>
         <value>0x831c9</value>
         <object_component_ref idref="oc-a0"/>
      </symbol>
      <symbol id="sm-1e6">
         <name>Device_initGPIO</name>
         <value>0x832b4</value>
         <object_component_ref idref="oc-a0"/>
      </symbol>
      <symbol id="sm-1e7">
         <name>Example_Fail</name>
         <value>0xa97c</value>
         <object_component_ref idref="oc-158"/>
      </symbol>
      <symbol id="sm-1e8">
         <name>Example_setResultFail</name>
         <value>0x834d2</value>
         <object_component_ref idref="oc-a0"/>
      </symbol>
      <symbol id="sm-1e9">
         <name>Device_bootCPU2</name>
         <value>0x8334c</value>
         <object_component_ref idref="oc-a0"/>
      </symbol>
      <symbol id="sm-1ea">
         <name>Device_init</name>
         <value>0x83189</value>
         <object_component_ref idref="oc-a0"/>
      </symbol>
      <symbol id="sm-1eb">
         <name>Example_Result</name>
         <value>0xa978</value>
         <object_component_ref idref="oc-158"/>
      </symbol>
      <symbol id="sm-1ec">
         <name>Device_enableUnbondedGPIOPullups</name>
         <value>0x83305</value>
         <object_component_ref idref="oc-a0"/>
      </symbol>
      <symbol id="sm-1ed">
         <name>__error__</name>
         <value>0x834c6</value>
         <object_component_ref idref="oc-a0"/>
      </symbol>
      <symbol id="sm-1ee">
         <name>Example_setResultPass</name>
         <value>0x834cd</value>
         <object_component_ref idref="oc-a0"/>
      </symbol>
      <symbol id="sm-1ef">
         <name>Device_configureTMXAnalogTrim</name>
         <value>0x8331b</value>
         <object_component_ref idref="oc-a0"/>
      </symbol>
      <symbol id="sm-1f0">
         <name>Device_enableUnbondedGPIOPullupsFor176Pin</name>
         <value>0x832d5</value>
         <object_component_ref idref="oc-a0"/>
      </symbol>
      <symbol id="sm-1f1">
         <name>Example_done</name>
         <value>0x834d7</value>
         <object_component_ref idref="oc-a0"/>
      </symbol>
      <symbol id="sm-1f2">
         <name>Example_PassCount</name>
         <value>0xa97a</value>
         <object_component_ref idref="oc-158"/>
      </symbol>
      <symbol id="sm-1f3">
         <name>Device_enableUnbondedGPIOPullupsFor100Pin</name>
         <value>0x832e8</value>
         <object_component_ref idref="oc-a0"/>
      </symbol>
      <symbol id="sm-235">
         <name>GPIO_setQualificationMode</name>
         <value>0x83aff</value>
         <object_component_ref idref="oc-b2"/>
      </symbol>
      <symbol id="sm-236">
         <name>GPIO_setPadConfig</name>
         <value>0x83861</value>
         <object_component_ref idref="oc-ac"/>
      </symbol>
      <symbol id="sm-237">
         <name>GPIO_setDirectionMode</name>
         <value>0x83b6d</value>
         <object_component_ref idref="oc-b8"/>
      </symbol>
      <symbol id="sm-238">
         <name>GPIO_setPinConfig</name>
         <value>0x83ac8</value>
         <object_component_ref idref="oc-a6"/>
      </symbol>
      <symbol id="sm-239">
         <name>GPIO_setControllerCore</name>
         <value>0x83a91</value>
         <object_component_ref idref="oc-be"/>
      </symbol>
      <symbol id="sm-288">
         <name>Interrupt_defaultHandler</name>
         <value>0x83d8b</value>
         <object_component_ref idref="oc-4d"/>
      </symbol>
      <symbol id="sm-289">
         <name>Interrupt_initModule</name>
         <value>0x83a54</value>
         <object_component_ref idref="oc-f5"/>
      </symbol>
      <symbol id="sm-28a">
         <name>Interrupt_nmiHandler</name>
         <value>0x83e76</value>
         <object_component_ref idref="oc-5f"/>
      </symbol>
      <symbol id="sm-28b">
         <name>Interrupt_enable</name>
         <value>0x83b36</value>
         <object_component_ref idref="oc-c4"/>
      </symbol>
      <symbol id="sm-28c">
         <name>Interrupt_initVectorTable</name>
         <value>0x83c89</value>
         <object_component_ref idref="oc-50"/>
      </symbol>
      <symbol id="sm-28d">
         <name>Interrupt_illegalOperationHandler</name>
         <value>0x83e6c</value>
         <object_component_ref idref="oc-59"/>
      </symbol>
      <symbol id="sm-30b">
         <name>SCI_clearInterruptStatus</name>
         <value>0x8394c</value>
         <object_component_ref idref="oc-91"/>
      </symbol>
      <symbol id="sm-30c">
         <name>SCI_writeCharArray</name>
         <value>0x839d5</value>
         <object_component_ref idref="oc-8b"/>
      </symbol>
      <symbol id="sm-30d">
         <name>SCI_setConfig</name>
         <value>0x83a16</value>
         <object_component_ref idref="oc-ca"/>
      </symbol>
      <symbol id="sm-30e">
         <name>SCI_enableInterrupt</name>
         <value>0x83991</value>
         <object_component_ref idref="oc-d0"/>
      </symbol>
      <symbol id="sm-3e7">
         <name>SysCtl_delay</name>
         <value>0x829c</value>
         <object_component_ref idref="oc-1c8"/>
      </symbol>
      <symbol id="sm-3e8">
         <name>SysCtl_getDeviceParametric</name>
         <value>0x837f9</value>
         <object_component_ref idref="oc-13f"/>
      </symbol>
      <symbol id="sm-3e9">
         <name>SysCtl_selectXTAL</name>
         <value>0x836e1</value>
         <object_component_ref idref="oc-22d"/>
      </symbol>
      <symbol id="sm-3ea">
         <name>SysCtl_selectOscSource</name>
         <value>0x83904</value>
         <object_component_ref idref="oc-1c2"/>
      </symbol>
      <symbol id="sm-3eb">
         <name>SysCtl_getLowSpeedClock</name>
         <value>0x83d13</value>
         <object_component_ref idref="oc-152"/>
      </symbol>
      <symbol id="sm-3ec">
         <name>SysCtl_setClock</name>
         <value>0x834d8</value>
         <object_component_ref idref="oc-145"/>
      </symbol>
      <symbol id="sm-3ed">
         <name>SysCtl_getClock</name>
         <value>0x838b3</value>
         <object_component_ref idref="oc-14b"/>
      </symbol>
      <symbol id="sm-3f7">
         <name>_c_int00</name>
         <value>0x83d74</value>
         <object_component_ref idref="oc-ee"/>
      </symbol>
      <symbol id="sm-3f8">
         <name>__stack</name>
         <value>0x400</value>
         <object_component_ref idref="oc-65"/>
      </symbol>
      <symbol id="sm-405">
         <name>__c28xabi_divf</name>
         <value>0x83771</value>
         <object_component_ref idref="oc-1cf"/>
      </symbol>
      <symbol id="sm-417">
         <name>memcpy</name>
         <value>0x83ca7</value>
         <object_component_ref idref="oc-68"/>
      </symbol>
      <symbol id="sm-424">
         <name>_system_pre_init</name>
         <value>0x83ebb</value>
         <object_component_ref idref="oc-193"/>
      </symbol>
      <symbol id="sm-433">
         <name>__TI_auto_init_nobinit_nopinit</name>
         <value>0x83bce</value>
         <object_component_ref idref="oc-1e9"/>
      </symbol>
      <symbol id="sm-442">
         <name>__TI_zero_init_nomemset</name>
         <value>0x83e48</value>
         <object_component_ref idref="oc-70"/>
      </symbol>
      <symbol id="sm-44f">
         <name>__TI_decompress_none</name>
         <value>0x83ea4</value>
         <object_component_ref idref="oc-2c"/>
      </symbol>
      <symbol id="sm-463">
         <name>__TI_decompress_lzss</name>
         <value>0x83b9e</value>
         <object_component_ref idref="oc-26"/>
      </symbol>
      <symbol id="sm-479">
         <name>C$$EXIT</name>
         <value>0x83bf9</value>
         <object_component_ref idref="oc-1a0"/>
      </symbol>
      <symbol id="sm-47a">
         <name>abort</name>
         <value>0x83bf9</value>
         <object_component_ref idref="oc-1a0"/>
      </symbol>
      <symbol id="sm-47b">
         <name>exit</name>
         <value>0x83bfb</value>
         <object_component_ref idref="oc-1a0"/>
      </symbol>
      <symbol id="sm-47c">
         <name>__TI_dtors_ptr</name>
         <value>0xa984</value>
         <object_component_ref idref="oc-21b"/>
      </symbol>
      <symbol id="sm-47d">
         <name>__TI_cleanup_ptr</name>
         <value>0xa982</value>
         <object_component_ref idref="oc-21b"/>
      </symbol>
      <symbol id="sm-47e">
         <name>__TI_enable_exit_profile_output</name>
         <value>0xa980</value>
         <object_component_ref idref="oc-21b"/>
      </symbol>
      <symbol id="sm-495">
         <name>_nop</name>
         <value>0x83e9b</value>
         <object_component_ref idref="oc-253"/>
      </symbol>
      <symbol id="sm-496">
         <name>_lock</name>
         <value>0xa97e</value>
         <object_component_ref idref="oc-21e"/>
      </symbol>
      <symbol id="sm-497">
         <name>_unlock</name>
         <value>0xa986</value>
         <object_component_ref idref="oc-297"/>
      </symbol>
      <symbol id="sm-498">
         <name>_register_lock</name>
         <value>0x83e97</value>
         <object_component_ref idref="oc-253"/>
      </symbol>
      <symbol id="sm-499">
         <name>_register_unlock</name>
         <value>0x83e93</value>
         <object_component_ref idref="oc-253"/>
      </symbol>
      <symbol id="sm-4a8">
         <name>_args_main</name>
         <value>0x83e55</value>
         <object_component_ref idref="oc-19a"/>
      </symbol>
      <symbol id="sm-4b8">
         <name>strcmp</name>
         <value>0x83e80</value>
         <object_component_ref idref="oc-107"/>
      </symbol>
      <symbol id="sm-4c6">
         <name>strlen</name>
         <value>0x83eac</value>
         <object_component_ref idref="oc-101"/>
      </symbol>
      <symbol id="sm-4d4">
         <name>_system_post_cinit</name>
         <value>0x83ebd</value>
         <object_component_ref idref="oc-239"/>
      </symbol>
      <symbol id="sm-4d6">
         <name>__c_args__</name>
         <value>0x0</value>
      </symbol>
   </symbol_table>
   <title>Link successful</title>
</link_info>
