******************************************************************************
             TMS320C2000 Linker PC v22.6.1                     
******************************************************************************
>> Linked Mon Mar 24 16:05:50 2025

OUTPUT FILE NAME:   <PWM_delfino.out>
ENTRY POINT SYMBOL: "code_start"  address: 00000000


MEMORY CONFIGURATION

         name            origin    length      used     unused   attr    fill
----------------------  --------  ---------  --------  --------  ----  --------
PAGE 0:
  BEGIN                 00000000   00000002  00000002  00000000  RWIX
  RAMM0                 00000123   000002dd  00000024  000002b9  RWIX
  RAMLS0                00008000   00000800  00000000  00000800  RWIX
  RAMLS1                00008800   00000800  00000000  00000800  RWIX
  RAMLS2                00009000   00000800  00000000  00000800  RWIX
  RAMLS3                00009800   00000800  00000000  00000800  RWIX
  RAMLS4                0000a000   00000800  00000000  00000800  RWIX
  RAMD0                 0000b000   00000800  00000000  00000800  RWIX
  FLASHA                00080002   00001ffe  00000000  00001ffe  RWIX
  FLASHB                00082000   00002000  00000000  00002000  RWIX
  FLASHC                00084000   00002000  00000000  00002000  RWIX
  FLASHD                00086000   00002000  00000000  00002000  RWIX
  FLASHE                00088000   00008000  00000000  00008000  RWIX
  FLASHF                00090000   00008000  00000000  00008000  RWIX
  FLASHG                00098000   00008000  00000000  00008000  RWIX
  FLASHH                000a0000   00008000  00000000  00008000  RWIX
  FLASHI                000a8000   00008000  00000000  00008000  RWIX
  FLASHJ                000b0000   00008000  00000000  00008000  RWIX
  FLASHK                000b8000   00002000  00000000  00002000  RWIX
  FLASHL                000ba000   00002000  00000000  00002000  RWIX
  FLASHM                000bc000   00002000  00000000  00002000  RWIX
  FLASHN                000be000   00001ff0  00000000  00001ff0  RWIX
  RESET                 003fffc0   00000002  00000000  00000002  RWIX

PAGE 1:
  BOOT_RSVD             00000002   00000121  00000000  00000121  RWIX
  RAMM1                 00000400   000003f8  00000100  000002f8  RWIX
  RAMLS5                0000a800   00000800  000006c7  00000139  RWIX
  RAMD1                 0000b800   00000800  00000000  00000800  RWIX
  RAMGS0                0000c000   00001000  00000000  00001000  RWIX
  RAMGS1                0000d000   00001000  00000000  00001000  RWIX
  RAMGS2                0000e000   00001000  00000000  00001000  RWIX
  RAMGS3                0000f000   00001000  00001000  00000000  RWIX
  RAMGS4                00010000   00001000  00000dd3  0000022d  RWIX
  RAMGS5                00011000   00001000  00000000  00001000  RWIX
  RAMGS6                00012000   00001000  00000000  00001000  RWIX
  RAMGS7                00013000   00001000  00000000  00001000  RWIX
  RAMGS8                00014000   00001000  00000000  00001000  RWIX
  RAMGS9                00015000   00001000  00000000  00001000  RWIX
  RAMGS10               00016000   00001000  00000000  00001000  RWIX
  RAMGS11               00017000   00001000  00000000  00001000  RWIX
  RAMGS12               00018000   00001000  00000000  00001000  RWIX
  RAMGS13               00019000   00001000  00000000  00001000  RWIX
  RAMGS14               0001a000   00001000  00000000  00001000  RWIX
  RAMGS15               0001b000   00000ff8  00000000  00000ff8  RWIX
  CPU2TOCPU1RAM         0003f800   00000400  00000000  00000400  RWIX
  CPU1TOCPU2RAM         0003fc00   00000400  00000000  00000400  RWIX
  CANA_MSG_RAM          00049000   00000800  00000000  00000800  RWIX
  CANB_MSG_RAM          0004b000   00000800  00000000  00000800  RWIX


SECTION ALLOCATION MAP

 output                                  attributes/
section   page    origin      length       input sections
--------  ----  ----------  ----------   ----------------
codestart 
*          0    00000000    00000002     
                  00000000    00000002     F2837xD_CodeStartBranch.obj (codestart)

.cinit     0    00000128    00000020     
                  00000128    0000000e     (.cinit..data.load) [load image, compression = lzss]
                  00000136    00000006     (__TI_handler_table)
                  0000013c    00000004     (.cinit..bss.load) [load image, compression = zero_init]
                  00000140    00000008     (__TI_cinit_table)

.reset     0    003fffc0    00000000     DSECT

.stack     1    00000400    00000100     UNINITIALIZED
                  00000400    00000100     --HOLE--

.bss       1    0000ad3e    00000170     UNINITIALIZED
                  0000ad3e    00000100     lab_main.obj (.bss:rxBuffer)
                  0000ae3e    00000032     lab_main.obj (.bss:AdcBuf)
                  0000ae70    00000032     lab_main.obj (.bss:AdcBufB)
                  0000aea2    0000000c     lab_main.obj (.bss)

.init_array 
*          0    00000123    00000000     UNINITIALIZED

.const     1    0000a800    0000053d     
                  0000a800    00000199     lab_main.obj (.const:.string)
                  0000a999    00000001     --HOLE-- [fill = 0]
                  0000a99a    000000f7     board.obj (.const:.string)
                  0000aa91    00000001     --HOLE-- [fill = 0]
                  0000aa92    000000c2     driverlib_eabi.lib : sysctl.obj (.const:.string)
                  0000ab54    000000bc                        : gpio.obj (.const:.string)
                  0000ac10    000000bb                        : sci.obj (.const:.string)
                  0000accb    00000001     --HOLE-- [fill = 0]
                  0000accc    0000005e                        : ecap.obj (.const:.string)
                  0000ad2a    00000013     device.obj (.const:.string)

.data      1    0000aeae    0000001a     UNINITIALIZED
                  0000aeae    0000000a     lab_main.obj (.data)
                  0000aeb8    00000006     device.obj (.data)
                  0000aebe    00000002     rts2800_fpu32_eabi.lib : _lock.c.obj (.data:_lock)
                  0000aec0    00000006                            : exit.c.obj (.data)
                  0000aec6    00000002                            : _lock.c.obj (.data:_unlock)

.TI.ramfunc 
*          0    00000123    00000004     
                  00000123    00000004     driverlib_eabi.lib : sysctl.obj (.TI.ramfunc)

GETBUFFER 
*          0    0003f800    00000000     DSECT

GETWRITEIDX 
*          0    0003f800    00000000     DSECT

PUTREADIDX 
*          0    0003f800    00000000     DSECT

.text.1    1    0000f000    00001000     
                  0000f000    00000a72     board.obj (.text)
                  0000fa72    0000047e     lab_main.obj (.text)
                  0000fef0    000000c1     lab_main.obj (.text:retain)
                  0000ffb1    00000048     driverlib_eabi.lib : sysctl.obj (.text:SysCtl_selectOscSource)
                  0000fff9    00000007                        : sysctl.obj (.text:SysCtl_resetMCD)

.text.2    1    00010000    00000dd3     
                  00010000    000003fd     device.obj (.text)
                  000103fd    00000209     driverlib_eabi.lib : sysctl.obj (.text:SysCtl_setClock)
                  00010606    00000090                        : sysctl.obj (.text:SysCtl_selectXTAL)
                  00010696    00000088     rts2800_fpu32_eabi.lib : fs_div28.asm.obj (.text)
                  0001071e    00000068     driverlib_eabi.lib : sysctl.obj (.text:SysCtl_getDeviceParametric)
                  00010786    00000052                        : gpio.obj (.text:GPIO_setPadConfig)
                  000107d8    00000051                        : sysctl.obj (.text:SysCtl_getClock)
                  00010829    00000045                        : sci.obj (.text:SCI_clearInterruptStatus)
                  0001086e    00000044                        : sci.obj (.text:SCI_enableInterrupt)
                  000108b2    00000041                        : sci.obj (.text:SCI_writeCharArray)
                  000108f3    0000003e                        : sci.obj (.text:SCI_setConfig)
                  00010931    0000003d                        : interrupt.obj (.text:Interrupt_initModule)
                  0001096e    00000037                        : gpio.obj (.text:GPIO_setControllerCore)
                  000109a5    00000037                        : gpio.obj (.text:GPIO_setPinConfig)
                  000109dc    00000037                        : gpio.obj (.text:GPIO_setQualificationMode)
                  00010a13    00000037                        : interrupt.obj (.text:Interrupt_enable)
                  00010a4a    00000031                        : gpio.obj (.text:GPIO_setDirectionMode)
                  00010a7b    00000030     rts2800_fpu32_eabi.lib : copy_decompress_lzss.c.obj (.text:decompress:lzss)
                  00010aab    0000002b                            : autoinit.c.obj (.text:__TI_auto_init_nobinit_nopinit)
                  00010ad6    00000029                            : exit.c.obj (.text)
                  00010aff    00000028     driverlib_eabi.lib : sysctl.obj (.text:CPUTimer_selectClockSource)
                  00010b27    00000023                        : ecap.obj (.text:ECAP_isBaseValid)
                  00010b4a    00000020                        : sci.obj (.text:SCI_isFIFOEnabled)
                  00010b6a    0000001f                        : sysctl.obj (.text:CPUTimer_getTimerOverflowStatus)
                  00010b89    0000001e                        : interrupt.obj (.text:Interrupt_initVectorTable)
                  00010ba7    0000001d     rts2800_fpu32_eabi.lib : memcpy.c.obj (.text)
                  00010bc4    0000001c     driverlib_eabi.lib : ecap.obj (.text:ECAP_setEmulationMode)
                  00010be0    0000001b                        : sci.obj (.text:SCI_isBaseValid)
                  00010bfb    0000001a                        : sysctl.obj (.text:CPUTimer_startTimer)
                  00010c15    0000001a                        : sci.obj (.text:SCI_isSpaceAvailableNonFIFO)
                  00010c2f    0000001a                        : sysctl.obj (.text:SysCtl_getLowSpeedClock)
                  00010c49    00000018                        : sci.obj (.text:SCI_disableModule)
                  00010c61    00000018                        : sci.obj (.text:SCI_performSoftwareReset)
                  00010c79    00000017                        : sysctl.obj (.text:CPUTimer_isBaseValid)
                  00010c90    00000017     rts2800_fpu32_eabi.lib : boot28.asm.obj (.text)
                  00010ca7    00000016     driverlib_eabi.lib : interrupt.obj (.text:Interrupt_defaultHandler)
                  00010cbd    00000014                        : sysctl.obj (.text:CPUTimer_stopTimer)
                  00010cd1    00000014                        : sci.obj (.text:SCI_getTxFIFOStatus)
                  00010ce5    00000013                        : sci.obj (.text:SCI_enableModule)
                  00010cf8    00000012                        : sysctl.obj (.text:CPUTimer_clearOverflowFlag)
                  00010d0a    00000012                        : sysctl.obj (.text:CPUTimer_disableInterrupt)
                  00010d1c    00000011                        : sysctl.obj (.text:CPUTimer_setPeriod)
                  00010d2d    0000000f                        : sysctl.obj (.text:SysCtl_pollCpuTimer)
                  00010d3c    0000000e                        : gpio.obj (.text:GPIO_isPinValid)
                  00010d4a    0000000d                        : interrupt.obj (.text:Interrupt_disableGlobal)
                  00010d57    0000000d                        : interrupt.obj (.text:Interrupt_enableGlobal)
                  00010d64    0000000d     rts2800_fpu32_eabi.lib : copy_zero_init.c.obj (.text:decompress:ZI:__TI_zero_init_nomemset)
                  00010d71    0000000c                            : args_main.c.obj (.text)
                  00010d7d    0000000b     driverlib_eabi.lib : sysctl.obj (.text:SysCtl_isMCDClockFailureDetected)
                  00010d88    0000000a                        : interrupt.obj (.text:Interrupt_illegalOperationHandler)
                  00010d92    0000000a                        : interrupt.obj (.text:Interrupt_nmiHandler)
                  00010d9c    0000000a     rts2800_fpu32_eabi.lib : strcmp.c.obj (.text)
                  00010da6    00000009     driverlib_eabi.lib : sysctl.obj (.text:SysCtl_serviceWatchdog)
                  00010daf    00000009     rts2800_fpu32_eabi.lib : _lock.c.obj (.text)
                  00010db8    00000008     F2837xD_CodeStartBranch.obj (.text)
                  00010dc0    00000008     rts2800_fpu32_eabi.lib : copy_decompress_none.c.obj (.text:decompress:none)
                  00010dc8    00000008                            : strlen.c.obj (.text)
                  00010dd0    00000002                            : pre_init.c.obj (.text)
                  00010dd2    00000001                            : startup.c.obj (.text)

MODULE SUMMARY

       Module                        code   ro data   rw data
       ------                        ----   -------   -------
    .\
       lab_main.obj                  1343   409       378    
    +--+-----------------------------+------+---------+---------+
       Total:                        1343   409       378    
                                                             
    .\device\
       device.obj                    1021   19        6      
       F2837xD_CodeStartBranch.obj   10     0         0      
    +--+-----------------------------+------+---------+---------+
       Total:                        1031   19        6      
                                                             
    .\syscfg\
       board.obj                     2674   247       0      
    +--+-----------------------------+------+---------+---------+
       Total:                        2674   247       0      
                                                             
    C:\ti\C2000Ware_5_04_00_00\driverlib\f2837xd\driverlib\ccs\Debug\driverlib_eabi.lib
       sysctl.obj                    1187   194       0      
       sci.obj                       436    187       0      
       gpio.obj                      310    188       0      
       interrupt.obj                 214    0         0      
       ecap.obj                      63     94        0      
    +--+-----------------------------+------+---------+---------+
       Total:                        2210   663       0      
                                                             
    C:\ti\ccs2002\ccs\tools\compiler\ti-cgt-c2000_22.6.1.LTS\lib\rts2800_fpu32_eabi.lib
       fs_div28.asm.obj              136    0         0      
       copy_decompress_lzss.c.obj    48     0         0      
       exit.c.obj                    41     0         6      
       autoinit.c.obj                43     0         0      
       memcpy.c.obj                  29     0         0      
       boot28.asm.obj                23     0         0      
       _lock.c.obj                   9      0         4      
       copy_zero_init.c.obj          13     0         0      
       args_main.c.obj               12     0         0      
       strcmp.c.obj                  10     0         0      
       copy_decompress_none.c.obj    8      0         0      
       strlen.c.obj                  8      0         0      
       pre_init.c.obj                2      0         0      
       startup.c.obj                 1      0         0      
    +--+-----------------------------+------+---------+---------+
       Total:                        383    0         10     
                                                             
       Stack:                        0      0         256    
       Linker Generated:             0      32        0      
    +--+-----------------------------+------+---------+---------+
       Grand Total:                  7641   1370      650    


LINKER GENERATED COPY TABLES

__TI_cinit_table @ 00000140 records: 2, size/record: 4, table size: 8
	.data: load addr=00000128, load size=0000000e bytes, run addr=0000aeae, run size=0000001a bytes, compression=lzss
	.bss: load addr=0000013c, load size=00000004 bytes, run addr=0000ad3e, run size=00000170 bytes, compression=zero_init


LINKER GENERATED HANDLER TABLE

__TI_handler_table @ 00000136 records: 3, size/record: 2, table size: 6
	index: 0, handler: __TI_zero_init
	index: 1, handler: __TI_decompress_lzss
	index: 2, handler: __TI_decompress_none


GLOBAL DATA SYMBOLS: SORTED BY DATA PAGE

address     data page           name
--------    ----------------    ----
00000400      10 (00000400)     __stack

0000ad3e     2b4 (0000ad00)     rxBuffer

0000ae3e     2b8 (0000ae00)     AdcBuf

0000ae70     2b9 (0000ae40)     AdcBufB

0000aea2     2ba (0000ae80)     ePwm_TimeBase
0000aea4     2ba (0000ae80)     ePwm_MinDuty
0000aea6     2ba (0000ae80)     ePwm_MaxDuty
0000aea8     2ba (0000ae80)     ePwm_curDuty
0000aeaa     2ba (0000ae80)     eCapPwmDuty
0000aeac     2ba (0000ae80)     eCapPwmPeriod
0000aeae     2ba (0000ae80)     LedCtr
0000aeaf     2ba (0000ae80)     DutyModOn
0000aeb0     2ba (0000ae80)     DutyModDir
0000aeb1     2ba (0000ae80)     DutyModCtr
0000aeb2     2ba (0000ae80)     rxIndex
0000aeb3     2ba (0000ae80)     flagRxComplete
0000aeb4     2ba (0000ae80)     AdcBufPtr
0000aeb6     2ba (0000ae80)     AdcBufPtrB
0000aeb8     2ba (0000ae80)     Example_Result
0000aeba     2ba (0000ae80)     Example_PassCount
0000aebc     2ba (0000ae80)     Example_Fail
0000aebe     2ba (0000ae80)     _lock

0000aec0     2bb (0000aec0)     __TI_enable_exit_profile_output
0000aec2     2bb (0000aec0)     __TI_cleanup_ptr
0000aec4     2bb (0000aec0)     __TI_dtors_ptr
0000aec6     2bb (0000aec0)     _unlock


GLOBAL SYMBOLS: SORTED ALPHABETICALLY BY Name 

page  address   name                                     
----  -------   ----                                     
1     0000ae3e  AdcBuf                                   
1     0000ae70  AdcBufB                                  
1     0000aeb4  AdcBufPtr                                
1     0000aeb6  AdcBufPtrB                               
1     0000f592  Board_init                               
1     00010ad6  C$$EXIT                                  
1     00010271  Device_bootCPU2                          
1     00010240  Device_configureTMXAnalogTrim            
1     000100ee  Device_enableAllPeripherals              
1     0001022a  Device_enableUnbondedGPIOPullups         
1     0001020d  Device_enableUnbondedGPIOPullupsFor100Pin
1     000101fa  Device_enableUnbondedGPIOPullupsFor176Pin
1     000100ae  Device_init                              
1     000101d9  Device_initGPIO                          
1     0000aeb1  DutyModCtr                               
1     0000aeb0  DutyModDir                               
1     0000aeaf  DutyModOn                                
1     0000f63c  ECAP_init                                
1     00010bc4  ECAP_setEmulationMode                    
1     0000f6b4  EPWM_init                                
1     0000aebc  Example_Fail                             
1     0000aeba  Example_PassCount                        
1     0000aeb8  Example_Result                           
1     000103fc  Example_done                             
1     000103f7  Example_setResultFail                    
1     000103f2  Example_setResultPass                    
1     0000f9c0  GPIO_init                                
1     0001096e  GPIO_setControllerCore                   
1     00010a4a  GPIO_setDirectionMode                    
1     00010786  GPIO_setPadConfig                        
1     000109a5  GPIO_setPinConfig                        
1     000109dc  GPIO_setQualificationMode                
1     0000f9ed  INPUTXBAR_init                           
1     0000f9f5  INTERRUPT_init                           
1     0000fef0  INT_mySCIA_RX_ISR                        
1     00010ca7  Interrupt_defaultHandler                 
1     00010a13  Interrupt_enable                         
1     00010d88  Interrupt_illegalOperationHandler        
1     00010931  Interrupt_initModule                     
1     00010b89  Interrupt_initVectorTable                
1     00010d92  Interrupt_nmiHandler                     
1     0000aeae  LedCtr                                   
1     0000f5a5  PinMux_init                              
1     00010829  SCI_clearInterruptStatus                 
1     0001086e  SCI_enableInterrupt                      
1     0000fa0e  SCI_init                                 
1     000108f3  SCI_setConfig                            
1     000108b2  SCI_writeCharArray                       
1     0000fa54  SYNC_init                                
0     00000123  SysCtl_delay                             
1     000107d8  SysCtl_getClock                          
1     0001071e  SysCtl_getDeviceParametric               
1     00010c2f  SysCtl_getLowSpeedClock                  
1     0000ffb1  SysCtl_selectOscSource                   
1     00010606  SysCtl_selectXTAL                        
1     000103fd  SysCtl_setClock                          
0     00000140  __TI_CINIT_Base                          
0     00000148  __TI_CINIT_Limit                         
0     00000148  __TI_CINIT_Warm                          
0     00000136  __TI_Handler_Table_Base                  
0     0000013c  __TI_Handler_Table_Limit                 
1     00000500  __TI_STACK_END                           
abs   00000100  __TI_STACK_SIZE                          
1     00010aab  __TI_auto_init_nobinit_nopinit           
1     0000aec2  __TI_cleanup_ptr                         
1     00010a7b  __TI_decompress_lzss                     
1     00010dc0  __TI_decompress_none                     
1     0000aec4  __TI_dtors_ptr                           
1     0000aec0  __TI_enable_exit_profile_output          
abs   ffffffff  __TI_pprof_out_hndl                      
abs   ffffffff  __TI_prof_data_size                      
abs   ffffffff  __TI_prof_data_start                     
1     00010d64  __TI_zero_init_nomemset                  
1     00010696  __c28xabi_divf                           
n/a   UNDEFED   __c_args__                               
1     000103eb  __error__                                
1     00000400  __stack                                  
1     00010d71  _args_main                               
1     00010c90  _c_int00                                 
1     0000aebe  _lock                                    
1     00010db7  _nop                                     
1     00010db3  _register_lock                           
1     00010daf  _register_unlock                         
1     00010dd2  _system_post_cinit                       
1     00010dd0  _system_pre_init                         
1     0000aec6  _unlock                                  
1     00010ad6  abort                                    
0     00000000  code_start                               
1     0000aeaa  eCapPwmDuty                              
1     0000aeac  eCapPwmPeriod                            
1     0000aea6  ePwm_MaxDuty                             
1     0000aea4  ePwm_MinDuty                             
1     0000aea2  ePwm_TimeBase                            
1     0000aea8  ePwm_curDuty                             
1     0000ff57  ecap1ISR                                 
1     00010ad8  exit                                     
1     0000fd41  extractDead                              
1     0000fcff  extractDelay                             
1     0000fcbd  extractFrequency                         
1     0000fd83  extractSync                              
1     0000aeb3  flagRxComplete                           
1     0000fdc5  main                                     
1     00010ba7  memcpy                                   
1     0000f9c5  myBoardLED0_GPIO_init                    
1     0000f9d9  myBoardLED1_GPIO_init                    
1     0000f63f  myECAP0_init                             
1     0000f9f0  myINPUTXBARINPUT0_init                   
1     0000fa11  mySCIA_init                              
1     0000ad3e  rxBuffer                                 
1     0000aeb2  rxIndex                                  
1     00010d9c  strcmp                                   
1     00010dc8  strlen                                   


GLOBAL SYMBOLS: SORTED BY Symbol Address 

page  address   name                                     
----  -------   ----                                     
0     00000000  code_start                               
0     00000123  SysCtl_delay                             
0     00000136  __TI_Handler_Table_Base                  
0     0000013c  __TI_Handler_Table_Limit                 
0     00000140  __TI_CINIT_Base                          
0     00000148  __TI_CINIT_Limit                         
0     00000148  __TI_CINIT_Warm                          
1     00000400  __stack                                  
1     00000500  __TI_STACK_END                           
1     0000ad3e  rxBuffer                                 
1     0000ae3e  AdcBuf                                   
1     0000ae70  AdcBufB                                  
1     0000aea2  ePwm_TimeBase                            
1     0000aea4  ePwm_MinDuty                             
1     0000aea6  ePwm_MaxDuty                             
1     0000aea8  ePwm_curDuty                             
1     0000aeaa  eCapPwmDuty                              
1     0000aeac  eCapPwmPeriod                            
1     0000aeae  LedCtr                                   
1     0000aeaf  DutyModOn                                
1     0000aeb0  DutyModDir                               
1     0000aeb1  DutyModCtr                               
1     0000aeb2  rxIndex                                  
1     0000aeb3  flagRxComplete                           
1     0000aeb4  AdcBufPtr                                
1     0000aeb6  AdcBufPtrB                               
1     0000aeb8  Example_Result                           
1     0000aeba  Example_PassCount                        
1     0000aebc  Example_Fail                             
1     0000aebe  _lock                                    
1     0000aec0  __TI_enable_exit_profile_output          
1     0000aec2  __TI_cleanup_ptr                         
1     0000aec4  __TI_dtors_ptr                           
1     0000aec6  _unlock                                  
1     0000f592  Board_init                               
1     0000f5a5  PinMux_init                              
1     0000f63c  ECAP_init                                
1     0000f63f  myECAP0_init                             
1     0000f6b4  EPWM_init                                
1     0000f9c0  GPIO_init                                
1     0000f9c5  myBoardLED0_GPIO_init                    
1     0000f9d9  myBoardLED1_GPIO_init                    
1     0000f9ed  INPUTXBAR_init                           
1     0000f9f0  myINPUTXBARINPUT0_init                   
1     0000f9f5  INTERRUPT_init                           
1     0000fa0e  SCI_init                                 
1     0000fa11  mySCIA_init                              
1     0000fa54  SYNC_init                                
1     0000fcbd  extractFrequency                         
1     0000fcff  extractDelay                             
1     0000fd41  extractDead                              
1     0000fd83  extractSync                              
1     0000fdc5  main                                     
1     0000fef0  INT_mySCIA_RX_ISR                        
1     0000ff57  ecap1ISR                                 
1     0000ffb1  SysCtl_selectOscSource                   
1     000100ae  Device_init                              
1     000100ee  Device_enableAllPeripherals              
1     000101d9  Device_initGPIO                          
1     000101fa  Device_enableUnbondedGPIOPullupsFor176Pin
1     0001020d  Device_enableUnbondedGPIOPullupsFor100Pin
1     0001022a  Device_enableUnbondedGPIOPullups         
1     00010240  Device_configureTMXAnalogTrim            
1     00010271  Device_bootCPU2                          
1     000103eb  __error__                                
1     000103f2  Example_setResultPass                    
1     000103f7  Example_setResultFail                    
1     000103fc  Example_done                             
1     000103fd  SysCtl_setClock                          
1     00010606  SysCtl_selectXTAL                        
1     00010696  __c28xabi_divf                           
1     0001071e  SysCtl_getDeviceParametric               
1     00010786  GPIO_setPadConfig                        
1     000107d8  SysCtl_getClock                          
1     00010829  SCI_clearInterruptStatus                 
1     0001086e  SCI_enableInterrupt                      
1     000108b2  SCI_writeCharArray                       
1     000108f3  SCI_setConfig                            
1     00010931  Interrupt_initModule                     
1     0001096e  GPIO_setControllerCore                   
1     000109a5  GPIO_setPinConfig                        
1     000109dc  GPIO_setQualificationMode                
1     00010a13  Interrupt_enable                         
1     00010a4a  GPIO_setDirectionMode                    
1     00010a7b  __TI_decompress_lzss                     
1     00010aab  __TI_auto_init_nobinit_nopinit           
1     00010ad6  C$$EXIT                                  
1     00010ad6  abort                                    
1     00010ad8  exit                                     
1     00010b89  Interrupt_initVectorTable                
1     00010ba7  memcpy                                   
1     00010bc4  ECAP_setEmulationMode                    
1     00010c2f  SysCtl_getLowSpeedClock                  
1     00010c90  _c_int00                                 
1     00010ca7  Interrupt_defaultHandler                 
1     00010d64  __TI_zero_init_nomemset                  
1     00010d71  _args_main                               
1     00010d88  Interrupt_illegalOperationHandler        
1     00010d92  Interrupt_nmiHandler                     
1     00010d9c  strcmp                                   
1     00010daf  _register_unlock                         
1     00010db3  _register_lock                           
1     00010db7  _nop                                     
1     00010dc0  __TI_decompress_none                     
1     00010dc8  strlen                                   
1     00010dd0  _system_pre_init                         
1     00010dd2  _system_post_cinit                       
abs   00000100  __TI_STACK_SIZE                          
abs   ffffffff  __TI_pprof_out_hndl                      
abs   ffffffff  __TI_prof_data_size                      
abs   ffffffff  __TI_prof_data_start                     
n/a   UNDEFED   __c_args__                               

[112 symbols]
