<?xml version="1.0" encoding="ISO-8859-1" ?>
<link_info>
   <banner>TMS320C2000 Linker PC v22.6.1.LTS</banner>
   <copyright>Copyright (c) 1996-2018 Texas Instruments Incorporated</copyright>
   <link_time>0x67e5541c</link_time>
   <link_errors>0x0</link_errors>
   <output_file>PWM_delfino.out</output_file>
   <entry_point>
      <name>code_start</name>
      <address>0x80000</address>
   </entry_point>
   <input_file_list>
      <input_file id="fl-2">
         <path>.\syscfg\</path>
         <kind>object</kind>
         <file>board.obj</file>
         <name>board.obj</name>
      </input_file>
      <input_file id="fl-3">
         <path>.\syscfg\</path>
         <kind>object</kind>
         <file>c2000ware_libraries.obj</file>
         <name>c2000ware_libraries.obj</name>
      </input_file>
      <input_file id="fl-4">
         <path>.\</path>
         <kind>object</kind>
         <file>lab_main.obj</file>
         <name>lab_main.obj</name>
      </input_file>
      <input_file id="fl-5">
         <path>.\device\</path>
         <kind>object</kind>
         <file>F2837xD_CodeStartBranch.obj</file>
         <name>F2837xD_CodeStartBranch.obj</name>
      </input_file>
      <input_file id="fl-6">
         <path>.\device\</path>
         <kind>object</kind>
         <file>device.obj</file>
         <name>device.obj</name>
      </input_file>
      <input_file id="fl-b">
         <kind>object</kind>
         <file>&lt;internal&gt;</file>
         <name>&lt;internal&gt;</name>
      </input_file>
      <input_file id="fl-f">
         <path>C:\ti\C2000Ware_5_04_00_00\driverlib\f2837xd\driverlib\ccs\Debug\</path>
         <kind>archive</kind>
         <file>driverlib_eabi.lib</file>
         <name>ecap.obj</name>
      </input_file>
      <input_file id="fl-10">
         <path>C:\ti\C2000Ware_5_04_00_00\driverlib\f2837xd\driverlib\ccs\Debug\</path>
         <kind>archive</kind>
         <file>driverlib_eabi.lib</file>
         <name>gpio.obj</name>
      </input_file>
      <input_file id="fl-11">
         <path>C:\ti\C2000Ware_5_04_00_00\driverlib\f2837xd\driverlib\ccs\Debug\</path>
         <kind>archive</kind>
         <file>driverlib_eabi.lib</file>
         <name>interrupt.obj</name>
      </input_file>
      <input_file id="fl-12">
         <path>C:\ti\C2000Ware_5_04_00_00\driverlib\f2837xd\driverlib\ccs\Debug\</path>
         <kind>archive</kind>
         <file>driverlib_eabi.lib</file>
         <name>sci.obj</name>
      </input_file>
      <input_file id="fl-13">
         <path>C:\ti\C2000Ware_5_04_00_00\driverlib\f2837xd\driverlib\ccs\Debug\</path>
         <kind>archive</kind>
         <file>driverlib_eabi.lib</file>
         <name>sysctl.obj</name>
      </input_file>
      <input_file id="fl-1f">
         <path>C:\ti\ccs2002\ccs\tools\compiler\ti-cgt-c2000_22.6.1.LTS\lib\</path>
         <kind>archive</kind>
         <file>rts2800_fpu32_eabi.lib</file>
         <name>boot28.asm.obj</name>
      </input_file>
      <input_file id="fl-20">
         <path>C:\ti\ccs2002\ccs\tools\compiler\ti-cgt-c2000_22.6.1.LTS\lib\</path>
         <kind>archive</kind>
         <file>rts2800_fpu32_eabi.lib</file>
         <name>fs_div28.asm.obj</name>
      </input_file>
      <input_file id="fl-21">
         <path>C:\ti\ccs2002\ccs\tools\compiler\ti-cgt-c2000_22.6.1.LTS\lib\</path>
         <kind>archive</kind>
         <file>rts2800_fpu32_eabi.lib</file>
         <name>memcpy.c.obj</name>
      </input_file>
      <input_file id="fl-22">
         <path>C:\ti\ccs2002\ccs\tools\compiler\ti-cgt-c2000_22.6.1.LTS\lib\</path>
         <kind>archive</kind>
         <file>rts2800_fpu32_eabi.lib</file>
         <name>pre_init.c.obj</name>
      </input_file>
      <input_file id="fl-23">
         <path>C:\ti\ccs2002\ccs\tools\compiler\ti-cgt-c2000_22.6.1.LTS\lib\</path>
         <kind>archive</kind>
         <file>rts2800_fpu32_eabi.lib</file>
         <name>autoinit.c.obj</name>
      </input_file>
      <input_file id="fl-24">
         <path>C:\ti\ccs2002\ccs\tools\compiler\ti-cgt-c2000_22.6.1.LTS\lib\</path>
         <kind>archive</kind>
         <file>rts2800_fpu32_eabi.lib</file>
         <name>copy_zero_init.c.obj</name>
      </input_file>
      <input_file id="fl-25">
         <path>C:\ti\ccs2002\ccs\tools\compiler\ti-cgt-c2000_22.6.1.LTS\lib\</path>
         <kind>archive</kind>
         <file>rts2800_fpu32_eabi.lib</file>
         <name>copy_decompress_none.c.obj</name>
      </input_file>
      <input_file id="fl-26">
         <path>C:\ti\ccs2002\ccs\tools\compiler\ti-cgt-c2000_22.6.1.LTS\lib\</path>
         <kind>archive</kind>
         <file>rts2800_fpu32_eabi.lib</file>
         <name>copy_decompress_lzss.c.obj</name>
      </input_file>
      <input_file id="fl-27">
         <path>C:\ti\ccs2002\ccs\tools\compiler\ti-cgt-c2000_22.6.1.LTS\lib\</path>
         <kind>archive</kind>
         <file>rts2800_fpu32_eabi.lib</file>
         <name>exit.c.obj</name>
      </input_file>
      <input_file id="fl-28">
         <path>C:\ti\ccs2002\ccs\tools\compiler\ti-cgt-c2000_22.6.1.LTS\lib\</path>
         <kind>archive</kind>
         <file>rts2800_fpu32_eabi.lib</file>
         <name>_lock.c.obj</name>
      </input_file>
      <input_file id="fl-29">
         <path>C:\ti\ccs2002\ccs\tools\compiler\ti-cgt-c2000_22.6.1.LTS\lib\</path>
         <kind>archive</kind>
         <file>rts2800_fpu32_eabi.lib</file>
         <name>args_main.c.obj</name>
      </input_file>
      <input_file id="fl-2a">
         <path>C:\ti\ccs2002\ccs\tools\compiler\ti-cgt-c2000_22.6.1.LTS\lib\</path>
         <kind>archive</kind>
         <file>rts2800_fpu32_eabi.lib</file>
         <name>memset.c.obj</name>
      </input_file>
      <input_file id="fl-2b">
         <path>C:\ti\ccs2002\ccs\tools\compiler\ti-cgt-c2000_22.6.1.LTS\lib\</path>
         <kind>archive</kind>
         <file>rts2800_fpu32_eabi.lib</file>
         <name>strcmp.c.obj</name>
      </input_file>
      <input_file id="fl-2c">
         <path>C:\ti\ccs2002\ccs\tools\compiler\ti-cgt-c2000_22.6.1.LTS\lib\</path>
         <kind>archive</kind>
         <file>rts2800_fpu32_eabi.lib</file>
         <name>strlen.c.obj</name>
      </input_file>
      <input_file id="fl-2d">
         <path>C:\ti\ccs2002\ccs\tools\compiler\ti-cgt-c2000_22.6.1.LTS\lib\</path>
         <kind>archive</kind>
         <file>rts2800_fpu32_eabi.lib</file>
         <name>cpy_tbl.c.obj</name>
      </input_file>
      <input_file id="fl-2e">
         <path>C:\ti\ccs2002\ccs\tools\compiler\ti-cgt-c2000_22.6.1.LTS\lib\</path>
         <kind>archive</kind>
         <file>rts2800_fpu32_eabi.lib</file>
         <name>startup.c.obj</name>
      </input_file>
   </input_file_list>
   <object_component_list>
      <object_component id="oc-308">
         <name>.cinit..data.load</name>
         <load_address>0x83f80</load_address>
         <run_address>0x83f80</run_address>
         <size>0xf</size>
      </object_component>
      <object_component id="oc-305">
         <name>__TI_handler_table</name>
         <load_address>0x83f90</load_address>
         <run_address>0x83f90</run_address>
         <size>0x6</size>
      </object_component>
      <object_component id="oc-307">
         <name>.cinit..bss.load</name>
         <load_address>0x83f96</load_address>
         <run_address>0x83f96</run_address>
         <size>0x4</size>
      </object_component>
      <object_component id="oc-306">
         <name>__TI_cinit_table</name>
         <load_address>0x83f9a</load_address>
         <run_address>0x83f9a</run_address>
         <size>0x8</size>
      </object_component>
      <object_component id="oc-47">
         <name>.text</name>
         <load_address>0x822c8</load_address>
         <run_address>0x822c8</run_address>
         <size>0xa72</size>
         <input_file_ref idref="fl-2"/>
      </object_component>
      <object_component id="oc-82">
         <name>.text</name>
         <load_address>0x82d3a</load_address>
         <run_address>0x82d3a</run_address>
         <size>0x41d</size>
         <input_file_ref idref="fl-4"/>
      </object_component>
      <object_component id="oc-a0">
         <name>.text</name>
         <load_address>0x83157</load_address>
         <run_address>0x83157</run_address>
         <size>0x3fd</size>
         <input_file_ref idref="fl-6"/>
      </object_component>
      <object_component id="oc-14b">
         <name>.text:SysCtl_setClock</name>
         <load_address>0x83554</load_address>
         <run_address>0x83554</run_address>
         <size>0x209</size>
         <input_file_ref idref="fl-13"/>
      </object_component>
      <object_component id="oc-240">
         <name>.text:SysCtl_selectXTAL</name>
         <load_address>0x8375d</load_address>
         <run_address>0x8375d</run_address>
         <size>0x90</size>
         <input_file_ref idref="fl-13"/>
      </object_component>
      <object_component id="oc-1de">
         <name>.text</name>
         <load_address>0x837ed</load_address>
         <run_address>0x837ed</run_address>
         <size>0x88</size>
         <input_file_ref idref="fl-20"/>
      </object_component>
      <object_component id="oc-145">
         <name>.text:SysCtl_getDeviceParametric</name>
         <load_address>0x83875</load_address>
         <run_address>0x83875</run_address>
         <size>0x68</size>
         <input_file_ref idref="fl-13"/>
      </object_component>
      <object_component id="oc-ac">
         <name>.text:GPIO_setPadConfig</name>
         <load_address>0x838dd</load_address>
         <run_address>0x838dd</run_address>
         <size>0x52</size>
         <input_file_ref idref="fl-10"/>
      </object_component>
      <object_component id="oc-151">
         <name>.text:SysCtl_getClock</name>
         <load_address>0x8392f</load_address>
         <run_address>0x8392f</run_address>
         <size>0x51</size>
         <input_file_ref idref="fl-13"/>
      </object_component>
      <object_component id="oc-1d1">
         <name>.text:SysCtl_selectOscSource</name>
         <load_address>0x83980</load_address>
         <run_address>0x83980</run_address>
         <size>0x48</size>
         <input_file_ref idref="fl-13"/>
      </object_component>
      <object_component id="oc-91">
         <name>.text:SCI_clearInterruptStatus</name>
         <load_address>0x839c8</load_address>
         <run_address>0x839c8</run_address>
         <size>0x45</size>
         <input_file_ref idref="fl-12"/>
      </object_component>
      <object_component id="oc-d6">
         <name>.text:SCI_enableInterrupt</name>
         <load_address>0x83a0d</load_address>
         <run_address>0x83a0d</run_address>
         <size>0x44</size>
         <input_file_ref idref="fl-12"/>
      </object_component>
      <object_component id="oc-8b">
         <name>.text:SCI_writeCharArray</name>
         <load_address>0x83a51</load_address>
         <run_address>0x83a51</run_address>
         <size>0x41</size>
         <input_file_ref idref="fl-12"/>
      </object_component>
      <object_component id="oc-d0">
         <name>.text:SCI_setConfig</name>
         <load_address>0x83a92</load_address>
         <run_address>0x83a92</run_address>
         <size>0x3e</size>
         <input_file_ref idref="fl-12"/>
      </object_component>
      <object_component id="oc-fb">
         <name>.text:Interrupt_initModule</name>
         <load_address>0x83ad0</load_address>
         <run_address>0x83ad0</run_address>
         <size>0x3d</size>
         <input_file_ref idref="fl-11"/>
      </object_component>
      <object_component id="oc-c4">
         <name>.text:GPIO_setControllerCore</name>
         <load_address>0x83b0d</load_address>
         <run_address>0x83b0d</run_address>
         <size>0x37</size>
         <input_file_ref idref="fl-10"/>
      </object_component>
      <object_component id="oc-a6">
         <name>.text:GPIO_setPinConfig</name>
         <load_address>0x83b44</load_address>
         <run_address>0x83b44</run_address>
         <size>0x37</size>
         <input_file_ref idref="fl-10"/>
      </object_component>
      <object_component id="oc-b2">
         <name>.text:GPIO_setQualificationMode</name>
         <load_address>0x83b7b</load_address>
         <run_address>0x83b7b</run_address>
         <size>0x37</size>
         <input_file_ref idref="fl-10"/>
      </object_component>
      <object_component id="oc-ca">
         <name>.text:Interrupt_enable</name>
         <load_address>0x83bb2</load_address>
         <run_address>0x83bb2</run_address>
         <size>0x37</size>
         <input_file_ref idref="fl-11"/>
      </object_component>
      <object_component id="oc-be">
         <name>.text:GPIO_setDirectionMode</name>
         <load_address>0x83be9</load_address>
         <run_address>0x83be9</run_address>
         <size>0x31</size>
         <input_file_ref idref="fl-10"/>
      </object_component>
      <object_component id="oc-26">
         <name>.text:decompress:lzss</name>
         <load_address>0x83c1a</load_address>
         <run_address>0x83c1a</run_address>
         <size>0x30</size>
         <input_file_ref idref="fl-26"/>
      </object_component>
      <object_component id="oc-1fc">
         <name>.text:__TI_auto_init_nobinit_nopinit</name>
         <load_address>0x83c4a</load_address>
         <run_address>0x83c4a</run_address>
         <size>0x2b</size>
         <input_file_ref idref="fl-23"/>
      </object_component>
      <object_component id="oc-1af">
         <name>.text</name>
         <load_address>0x83c75</load_address>
         <run_address>0x83c75</run_address>
         <size>0x29</size>
         <input_file_ref idref="fl-27"/>
      </object_component>
      <object_component id="oc-284">
         <name>.text:CPUTimer_selectClockSource</name>
         <load_address>0x83c9e</load_address>
         <run_address>0x83c9e</run_address>
         <size>0x28</size>
         <input_file_ref idref="fl-13"/>
      </object_component>
      <object_component id="oc-16e">
         <name>.text:ECAP_isBaseValid</name>
         <load_address>0x83cc6</load_address>
         <run_address>0x83cc6</run_address>
         <size>0x23</size>
         <input_file_ref idref="fl-f"/>
      </object_component>
      <object_component id="oc-11d">
         <name>.text:SCI_isFIFOEnabled</name>
         <load_address>0x83ce9</load_address>
         <run_address>0x83ce9</run_address>
         <size>0x20</size>
         <input_file_ref idref="fl-12"/>
      </object_component>
      <object_component id="oc-2bd">
         <name>.text:CPUTimer_getTimerOverflowStatus</name>
         <load_address>0x83d09</load_address>
         <run_address>0x83d09</run_address>
         <size>0x1f</size>
         <input_file_ref idref="fl-13"/>
      </object_component>
      <object_component id="oc-4e">
         <name>.text:Interrupt_initVectorTable</name>
         <load_address>0x83d28</load_address>
         <run_address>0x83d28</run_address>
         <size>0x1e</size>
         <input_file_ref idref="fl-11"/>
      </object_component>
      <object_component id="oc-68">
         <name>.text</name>
         <load_address>0x83d46</load_address>
         <run_address>0x83d46</run_address>
         <size>0x1d</size>
         <input_file_ref idref="fl-21"/>
      </object_component>
      <object_component id="oc-b8">
         <name>.text:ECAP_setEmulationMode</name>
         <load_address>0x83d63</load_address>
         <run_address>0x83d63</run_address>
         <size>0x1c</size>
         <input_file_ref idref="fl-f"/>
      </object_component>
      <object_component id="oc-116">
         <name>.text:SCI_isBaseValid</name>
         <load_address>0x83d7f</load_address>
         <run_address>0x83d7f</run_address>
         <size>0x1b</size>
         <input_file_ref idref="fl-12"/>
      </object_component>
      <object_component id="oc-290">
         <name>.text:CPUTimer_startTimer</name>
         <load_address>0x83d9a</load_address>
         <run_address>0x83d9a</run_address>
         <size>0x1a</size>
         <input_file_ref idref="fl-13"/>
      </object_component>
      <object_component id="oc-129">
         <name>.text:SCI_isSpaceAvailableNonFIFO</name>
         <load_address>0x83db4</load_address>
         <run_address>0x83db4</run_address>
         <size>0x1a</size>
         <input_file_ref idref="fl-12"/>
      </object_component>
      <object_component id="oc-158">
         <name>.text:SysCtl_getLowSpeedClock</name>
         <load_address>0x83dce</load_address>
         <run_address>0x83dce</run_address>
         <size>0x1a</size>
         <input_file_ref idref="fl-13"/>
      </object_component>
      <object_component id="oc-186">
         <name>.text:SCI_disableModule</name>
         <load_address>0x83de8</load_address>
         <run_address>0x83de8</run_address>
         <size>0x18</size>
         <input_file_ref idref="fl-12"/>
      </object_component>
      <object_component id="oc-131">
         <name>.text:SCI_performSoftwareReset</name>
         <load_address>0x83e00</load_address>
         <run_address>0x83e00</run_address>
         <size>0x18</size>
         <input_file_ref idref="fl-12"/>
      </object_component>
      <object_component id="oc-2b1">
         <name>.text:CPUTimer_isBaseValid</name>
         <load_address>0x83e18</load_address>
         <run_address>0x83e18</run_address>
         <size>0x17</size>
         <input_file_ref idref="fl-13"/>
      </object_component>
      <object_component id="oc-f4">
         <name>.text</name>
         <load_address>0x83e2f</load_address>
         <run_address>0x83e2f</run_address>
         <size>0x17</size>
         <input_file_ref idref="fl-1f"/>
      </object_component>
      <object_component id="oc-4d">
         <name>.text:Interrupt_defaultHandler</name>
         <load_address>0x83e46</load_address>
         <run_address>0x83e46</run_address>
         <size>0x16</size>
         <input_file_ref idref="fl-11"/>
      </object_component>
      <object_component id="oc-278">
         <name>.text:CPUTimer_stopTimer</name>
         <load_address>0x83e5c</load_address>
         <run_address>0x83e5c</run_address>
         <size>0x14</size>
         <input_file_ref idref="fl-13"/>
      </object_component>
      <object_component id="oc-123">
         <name>.text:SCI_getTxFIFOStatus</name>
         <load_address>0x83e70</load_address>
         <run_address>0x83e70</run_address>
         <size>0x14</size>
         <input_file_ref idref="fl-12"/>
      </object_component>
      <object_component id="oc-18c">
         <name>.text:SCI_enableModule</name>
         <load_address>0x83e84</load_address>
         <run_address>0x83e84</run_address>
         <size>0x13</size>
         <input_file_ref idref="fl-12"/>
      </object_component>
      <object_component id="oc-28a">
         <name>.text:CPUTimer_clearOverflowFlag</name>
         <load_address>0x83e97</load_address>
         <run_address>0x83e97</run_address>
         <size>0x12</size>
         <input_file_ref idref="fl-13"/>
      </object_component>
      <object_component id="oc-272">
         <name>.text:CPUTimer_disableInterrupt</name>
         <load_address>0x83ea9</load_address>
         <run_address>0x83ea9</run_address>
         <size>0x12</size>
         <input_file_ref idref="fl-13"/>
      </object_component>
      <object_component id="oc-27e">
         <name>.text:CPUTimer_setPeriod</name>
         <load_address>0x83ebb</load_address>
         <run_address>0x83ebb</run_address>
         <size>0x11</size>
         <input_file_ref idref="fl-13"/>
      </object_component>
      <object_component id="oc-296">
         <name>.text:SysCtl_pollCpuTimer</name>
         <load_address>0x83ecc</load_address>
         <run_address>0x83ecc</run_address>
         <size>0xf</size>
         <input_file_ref idref="fl-13"/>
      </object_component>
      <object_component id="oc-165">
         <name>.text:GPIO_isPinValid</name>
         <load_address>0x83edb</load_address>
         <run_address>0x83edb</run_address>
         <size>0xe</size>
         <input_file_ref idref="fl-10"/>
      </object_component>
      <object_component id="oc-179">
         <name>.text:Interrupt_disableGlobal</name>
         <load_address>0x83ee9</load_address>
         <run_address>0x83ee9</run_address>
         <size>0xd</size>
         <input_file_ref idref="fl-11"/>
      </object_component>
      <object_component id="oc-17f">
         <name>.text:Interrupt_enableGlobal</name>
         <load_address>0x83ef6</load_address>
         <run_address>0x83ef6</run_address>
         <size>0xd</size>
         <input_file_ref idref="fl-11"/>
      </object_component>
      <object_component id="oc-70">
         <name>.text:decompress:ZI:__TI_zero_init_nomemset</name>
         <load_address>0x83f03</load_address>
         <run_address>0x83f03</run_address>
         <size>0xd</size>
         <input_file_ref idref="fl-24"/>
      </object_component>
      <object_component id="oc-1a9">
         <name>.text</name>
         <load_address>0x83f10</load_address>
         <run_address>0x83f10</run_address>
         <size>0xc</size>
         <input_file_ref idref="fl-29"/>
      </object_component>
      <object_component id="oc-1cb">
         <name>.text:SysCtl_isMCDClockFailureDetected</name>
         <load_address>0x83f1c</load_address>
         <run_address>0x83f1c</run_address>
         <size>0xb</size>
         <input_file_ref idref="fl-13"/>
      </object_component>
      <object_component id="oc-59">
         <name>.text:Interrupt_illegalOperationHandler</name>
         <load_address>0x83f27</load_address>
         <run_address>0x83f27</run_address>
         <size>0xa</size>
         <input_file_ref idref="fl-11"/>
      </object_component>
      <object_component id="oc-5f">
         <name>.text:Interrupt_nmiHandler</name>
         <load_address>0x83f31</load_address>
         <run_address>0x83f31</run_address>
         <size>0xa</size>
         <input_file_ref idref="fl-11"/>
      </object_component>
      <object_component id="oc-10d">
         <name>.text</name>
         <load_address>0x83f3b</load_address>
         <run_address>0x83f3b</run_address>
         <size>0xa</size>
         <input_file_ref idref="fl-2b"/>
      </object_component>
      <object_component id="oc-1d8">
         <name>.text:SysCtl_serviceWatchdog</name>
         <load_address>0x83f45</load_address>
         <run_address>0x83f45</run_address>
         <size>0x9</size>
         <input_file_ref idref="fl-13"/>
      </object_component>
      <object_component id="oc-266">
         <name>.text</name>
         <load_address>0x83f4e</load_address>
         <run_address>0x83f4e</run_address>
         <size>0x9</size>
         <input_file_ref idref="fl-28"/>
      </object_component>
      <object_component id="oc-7c">
         <name>.text</name>
         <load_address>0x83f57</load_address>
         <run_address>0x83f57</run_address>
         <size>0x8</size>
         <input_file_ref idref="fl-5"/>
      </object_component>
      <object_component id="oc-2c">
         <name>.text:decompress:none</name>
         <load_address>0x83f5f</load_address>
         <run_address>0x83f5f</run_address>
         <size>0x8</size>
         <input_file_ref idref="fl-25"/>
      </object_component>
      <object_component id="oc-107">
         <name>.text</name>
         <load_address>0x83f67</load_address>
         <run_address>0x83f67</run_address>
         <size>0x8</size>
         <input_file_ref idref="fl-2c"/>
      </object_component>
      <object_component id="oc-29c">
         <name>.text:SysCtl_resetMCD</name>
         <load_address>0x83f6f</load_address>
         <run_address>0x83f6f</run_address>
         <size>0x7</size>
         <input_file_ref idref="fl-13"/>
      </object_component>
      <object_component id="oc-1a2">
         <name>.text</name>
         <load_address>0x83f76</load_address>
         <run_address>0x83f76</run_address>
         <size>0x2</size>
         <input_file_ref idref="fl-22"/>
      </object_component>
      <object_component id="oc-24c">
         <name>.text</name>
         <load_address>0x83f78</load_address>
         <run_address>0x83f78</run_address>
         <size>0x1</size>
         <input_file_ref idref="fl-2e"/>
      </object_component>
      <object_component id="oc-33">
         <name>codestart</name>
         <load_address>0x80000</load_address>
         <run_address>0x80000</run_address>
         <size>0x2</size>
         <input_file_ref idref="fl-5"/>
      </object_component>
      <object_component id="oc-65">
         <name>.stack</name>
         <uninitialized>true</uninitialized>
         <run_address>0x400</run_address>
         <size>0x0</size>
         <input_file_ref idref="fl-1f"/>
      </object_component>
      <object_component id="oc-309">
         <name>.stack</name>
         <uninitialized>true</uninitialized>
         <run_address>0x400</run_address>
         <size>0x0</size>
      </object_component>
      <object_component id="oc-101">
         <name>.TI.ramfunc</name>
         <load_address>0x82000</load_address>
         <run_address>0x8000</run_address>
         <size>0x200</size>
         <input_file_ref idref="fl-4"/>
      </object_component>
      <object_component id="oc-41">
         <name>.TI.ramfunc:retain</name>
         <load_address>0x82200</load_address>
         <run_address>0x8200</run_address>
         <size>0xc1</size>
         <input_file_ref idref="fl-4"/>
      </object_component>
      <object_component id="oc-1d7">
         <name>.TI.ramfunc</name>
         <load_address>0x822c1</load_address>
         <run_address>0x82c1</run_address>
         <size>0x4</size>
         <input_file_ref idref="fl-13"/>
      </object_component>
      <object_component id="oc-9a">
         <name>.bss</name>
         <uninitialized>true</uninitialized>
         <run_address>0xa964</run_address>
         <size>0xc</size>
         <input_file_ref idref="fl-4"/>
      </object_component>
      <object_component id="oc-138">
         <name>.bss:AdcBuf</name>
         <uninitialized>true</uninitialized>
         <run_address>0xa900</run_address>
         <size>0x32</size>
         <input_file_ref idref="fl-4"/>
      </object_component>
      <object_component id="oc-13b">
         <name>.bss:AdcBufB</name>
         <uninitialized>true</uninitialized>
         <run_address>0xa932</run_address>
         <size>0x32</size>
         <input_file_ref idref="fl-4"/>
      </object_component>
      <object_component id="oc-88">
         <name>.bss:rxBuffer</name>
         <uninitialized>true</uninitialized>
         <run_address>0xa800</run_address>
         <size>0x100</size>
         <input_file_ref idref="fl-4"/>
      </object_component>
      <object_component id="oc-97">
         <name>.data</name>
         <load_address>0xa970</load_address>
         <run_address>0xa970</run_address>
         <size>0xa</size>
         <input_file_ref idref="fl-4"/>
      </object_component>
      <object_component id="oc-15e">
         <name>.data</name>
         <load_address>0xa97a</load_address>
         <run_address>0xa97a</run_address>
         <size>0x6</size>
         <input_file_ref idref="fl-6"/>
      </object_component>
      <object_component id="oc-22e">
         <name>.data</name>
         <load_address>0xa980</load_address>
         <run_address>0xa980</run_address>
         <size>0x6</size>
         <input_file_ref idref="fl-27"/>
      </object_component>
      <object_component id="oc-231">
         <name>.data:_lock</name>
         <load_address>0xa986</load_address>
         <run_address>0xa986</run_address>
         <size>0x2</size>
         <input_file_ref idref="fl-28"/>
      </object_component>
      <object_component id="oc-2aa">
         <name>.data:_unlock</name>
         <load_address>0xa988</load_address>
         <run_address>0xa988</run_address>
         <size>0x2</size>
         <input_file_ref idref="fl-28"/>
      </object_component>
      <object_component id="oc-fa">
         <name>.const:.string</name>
         <load_address>0x90000</load_address>
         <run_address>0x90000</run_address>
         <size>0x1ab</size>
         <input_file_ref idref="fl-4"/>
      </object_component>
      <object_component id="oc-9f">
         <name>.const:.string</name>
         <load_address>0x901ac</load_address>
         <run_address>0x901ac</run_address>
         <size>0xf7</size>
         <input_file_ref idref="fl-2"/>
      </object_component>
      <object_component id="oc-1ca">
         <name>.const:.string</name>
         <load_address>0x902a4</load_address>
         <run_address>0x902a4</run_address>
         <size>0xc2</size>
         <input_file_ref idref="fl-13"/>
      </object_component>
      <object_component id="oc-16b">
         <name>.const:.string</name>
         <load_address>0x90366</load_address>
         <run_address>0x90366</run_address>
         <size>0xbc</size>
         <input_file_ref idref="fl-10"/>
      </object_component>
      <object_component id="oc-11c">
         <name>.const:.string</name>
         <load_address>0x90422</load_address>
         <run_address>0x90422</run_address>
         <size>0xbb</size>
         <input_file_ref idref="fl-12"/>
      </object_component>
      <object_component id="oc-174">
         <name>.const:.string</name>
         <load_address>0x904de</load_address>
         <run_address>0x904de</run_address>
         <size>0x5e</size>
         <input_file_ref idref="fl-f"/>
      </object_component>
      <object_component id="oc-157">
         <name>.const:.string</name>
         <load_address>0x9053c</load_address>
         <run_address>0x9053c</run_address>
         <size>0x13</size>
         <input_file_ref idref="fl-6"/>
      </object_component>
      <object_component id="oc-dd">
         <name>.debug_types</name>
         <load_address>0x0</load_address>
         <run_address>0x0</run_address>
         <size>0x21a7</size>
         <input_file_ref idref="fl-2"/>
      </object_component>
      <object_component id="oc-9e">
         <name>.debug_types</name>
         <load_address>0x21a7</load_address>
         <run_address>0x21a7</run_address>
         <size>0x2fc</size>
         <input_file_ref idref="fl-4"/>
      </object_component>
      <object_component id="oc-162">
         <name>.debug_types</name>
         <load_address>0x24a3</load_address>
         <run_address>0x24a3</run_address>
         <size>0xdc7</size>
         <input_file_ref idref="fl-6"/>
      </object_component>
      <object_component id="oc-176">
         <name>.debug_types</name>
         <load_address>0x0</load_address>
         <run_address>0x0</run_address>
         <size>0x0</size>
         <input_file_ref idref="fl-f"/>
      </object_component>
      <object_component id="oc-164">
         <name>.debug_types</name>
         <load_address>0x326a</load_address>
         <run_address>0x326a</run_address>
         <size>0x16b</size>
         <input_file_ref idref="fl-10"/>
      </object_component>
      <object_component id="oc-df">
         <name>.debug_types</name>
         <load_address>0x0</load_address>
         <run_address>0x0</run_address>
         <size>0x0</size>
         <input_file_ref idref="fl-11"/>
      </object_component>
      <object_component id="oc-130">
         <name>.debug_types</name>
         <load_address>0x33d5</load_address>
         <run_address>0x33d5</run_address>
         <size>0x2f</size>
         <input_file_ref idref="fl-12"/>
      </object_component>
      <object_component id="oc-1c9">
         <name>.debug_types</name>
         <load_address>0x3404</load_address>
         <run_address>0x3404</run_address>
         <size>0x254</size>
         <input_file_ref idref="fl-13"/>
      </object_component>
      <object_component id="oc-e7">
         <name>.debug_types</name>
         <load_address>0x3658</load_address>
         <run_address>0x3658</run_address>
         <size>0xe3</size>
         <input_file_ref idref="fl-21"/>
      </object_component>
      <object_component id="oc-1fb">
         <name>.debug_types</name>
         <load_address>0x0</load_address>
         <run_address>0x0</run_address>
         <size>0x0</size>
         <input_file_ref idref="fl-22"/>
      </object_component>
      <object_component id="oc-253">
         <name>.debug_types</name>
         <load_address>0x373b</load_address>
         <run_address>0x373b</run_address>
         <size>0x441</size>
         <input_file_ref idref="fl-23"/>
      </object_component>
      <object_component id="oc-ec">
         <name>.debug_types</name>
         <load_address>0x3b7c</load_address>
         <run_address>0x3b7c</run_address>
         <size>0x194</size>
         <input_file_ref idref="fl-24"/>
      </object_component>
      <object_component id="oc-6f">
         <name>.debug_types</name>
         <load_address>0x0</load_address>
         <run_address>0x0</run_address>
         <size>0x0</size>
         <input_file_ref idref="fl-25"/>
      </object_component>
      <object_component id="oc-67">
         <name>.debug_types</name>
         <load_address>0x3d10</load_address>
         <run_address>0x3d10</run_address>
         <size>0x191</size>
         <input_file_ref idref="fl-26"/>
      </object_component>
      <object_component id="oc-235">
         <name>.debug_types</name>
         <load_address>0x3ea1</load_address>
         <run_address>0x3ea1</run_address>
         <size>0xbf</size>
         <input_file_ref idref="fl-27"/>
      </object_component>
      <object_component id="oc-26e">
         <name>.debug_types</name>
         <load_address>0x3f60</load_address>
         <run_address>0x3f60</run_address>
         <size>0x2f</size>
         <input_file_ref idref="fl-28"/>
      </object_component>
      <object_component id="oc-22d">
         <name>.debug_types</name>
         <load_address>0x3f8f</load_address>
         <run_address>0x3f8f</run_address>
         <size>0xe1</size>
         <input_file_ref idref="fl-29"/>
      </object_component>
      <object_component id="oc-1bb">
         <name>.debug_types</name>
         <load_address>0x0</load_address>
         <run_address>0x0</run_address>
         <size>0x0</size>
         <input_file_ref idref="fl-2b"/>
      </object_component>
      <object_component id="oc-1b9">
         <name>.debug_types</name>
         <load_address>0x0</load_address>
         <run_address>0x0</run_address>
         <size>0x0</size>
         <input_file_ref idref="fl-2c"/>
      </object_component>
      <object_component id="oc-2a4">
         <name>.debug_types</name>
         <load_address>0x0</load_address>
         <run_address>0x0</run_address>
         <size>0x0</size>
         <input_file_ref idref="fl-2e"/>
      </object_component>
      <object_component id="oc-49">
         <name>.debug_info</name>
         <load_address>0x0</load_address>
         <run_address>0x0</run_address>
         <size>0x4eff</size>
         <input_file_ref idref="fl-2"/>
      </object_component>
      <object_component id="oc-98">
         <name>.debug_info</name>
         <load_address>0x4eff</load_address>
         <run_address>0x4eff</run_address>
         <size>0x21a</size>
         <input_file_ref idref="fl-4"/>
      </object_component>
      <object_component id="oc-9b">
         <name>.debug_info</name>
         <load_address>0x5119</load_address>
         <run_address>0x5119</run_address>
         <size>0x1ee</size>
         <input_file_ref idref="fl-4"/>
      </object_component>
      <object_component id="oc-139">
         <name>.debug_info</name>
         <load_address>0x5307</load_address>
         <run_address>0x5307</run_address>
         <size>0x104</size>
         <input_file_ref idref="fl-4"/>
      </object_component>
      <object_component id="oc-13c">
         <name>.debug_info</name>
         <load_address>0x540b</load_address>
         <run_address>0x540b</run_address>
         <size>0x106</size>
         <input_file_ref idref="fl-4"/>
      </object_component>
      <object_component id="oc-89">
         <name>.debug_info</name>
         <load_address>0x5511</load_address>
         <run_address>0x5511</run_address>
         <size>0x108</size>
         <input_file_ref idref="fl-4"/>
      </object_component>
      <object_component id="oc-83">
         <name>.debug_info</name>
         <load_address>0x5619</load_address>
         <run_address>0x5619</run_address>
         <size>0x1851</size>
         <input_file_ref idref="fl-4"/>
      </object_component>
      <object_component id="oc-102">
         <name>.debug_info</name>
         <load_address>0x6e6a</load_address>
         <run_address>0x6e6a</run_address>
         <size>0x80d</size>
         <input_file_ref idref="fl-4"/>
      </object_component>
      <object_component id="oc-42">
         <name>.debug_info</name>
         <load_address>0x7677</load_address>
         <run_address>0x7677</run_address>
         <size>0x2e1</size>
         <input_file_ref idref="fl-4"/>
      </object_component>
      <object_component id="oc-34">
         <name>.debug_info</name>
         <load_address>0x7958</load_address>
         <run_address>0x7958</run_address>
         <size>0x130</size>
         <input_file_ref idref="fl-5"/>
      </object_component>
      <object_component id="oc-7e">
         <name>.debug_info</name>
         <load_address>0x7a88</load_address>
         <run_address>0x7a88</run_address>
         <size>0x131</size>
         <input_file_ref idref="fl-5"/>
      </object_component>
      <object_component id="oc-15f">
         <name>.debug_info</name>
         <load_address>0x7bb9</load_address>
         <run_address>0x7bb9</run_address>
         <size>0x17b</size>
         <input_file_ref idref="fl-6"/>
      </object_component>
      <object_component id="oc-a4">
         <name>.debug_info</name>
         <load_address>0x7d34</load_address>
         <run_address>0x7d34</run_address>
         <size>0x1cd2</size>
         <input_file_ref idref="fl-6"/>
      </object_component>
      <object_component id="oc-172">
         <name>.debug_info</name>
         <load_address>0x9a06</load_address>
         <run_address>0x9a06</run_address>
         <size>0x209</size>
         <input_file_ref idref="fl-f"/>
      </object_component>
      <object_component id="oc-bb">
         <name>.debug_info</name>
         <load_address>0x9c0f</load_address>
         <run_address>0x9c0f</run_address>
         <size>0x251</size>
         <input_file_ref idref="fl-f"/>
      </object_component>
      <object_component id="oc-166">
         <name>.debug_info</name>
         <load_address>0x9e60</load_address>
         <run_address>0x9e60</run_address>
         <size>0x205</size>
         <input_file_ref idref="fl-10"/>
      </object_component>
      <object_component id="oc-c0">
         <name>.debug_info</name>
         <load_address>0xa065</load_address>
         <run_address>0xa065</run_address>
         <size>0x27d</size>
         <input_file_ref idref="fl-10"/>
      </object_component>
      <object_component id="oc-ae">
         <name>.debug_info</name>
         <load_address>0xa2e2</load_address>
         <run_address>0xa2e2</run_address>
         <size>0x266</size>
         <input_file_ref idref="fl-10"/>
      </object_component>
      <object_component id="oc-b5">
         <name>.debug_info</name>
         <load_address>0xa548</load_address>
         <run_address>0xa548</run_address>
         <size>0x2ae</size>
         <input_file_ref idref="fl-10"/>
      </object_component>
      <object_component id="oc-c7">
         <name>.debug_info</name>
         <load_address>0xa7f6</load_address>
         <run_address>0xa7f6</run_address>
         <size>0x296</size>
         <input_file_ref idref="fl-10"/>
      </object_component>
      <object_component id="oc-a9">
         <name>.debug_info</name>
         <load_address>0xaa8c</load_address>
         <run_address>0xaa8c</run_address>
         <size>0x24f</size>
         <input_file_ref idref="fl-10"/>
      </object_component>
      <object_component id="oc-180">
         <name>.debug_info</name>
         <load_address>0xacdb</load_address>
         <run_address>0xacdb</run_address>
         <size>0x1fe</size>
         <input_file_ref idref="fl-11"/>
      </object_component>
      <object_component id="oc-17c">
         <name>.debug_info</name>
         <load_address>0xaed9</load_address>
         <run_address>0xaed9</run_address>
         <size>0x200</size>
         <input_file_ref idref="fl-11"/>
      </object_component>
      <object_component id="oc-fc">
         <name>.debug_info</name>
         <load_address>0xb0d9</load_address>
         <run_address>0xb0d9</run_address>
         <size>0x20f</size>
         <input_file_ref idref="fl-11"/>
      </object_component>
      <object_component id="oc-55">
         <name>.debug_info</name>
         <load_address>0xb2e8</load_address>
         <run_address>0xb2e8</run_address>
         <size>0x21c</size>
         <input_file_ref idref="fl-11"/>
      </object_component>
      <object_component id="oc-5c">
         <name>.debug_info</name>
         <load_address>0xb504</load_address>
         <run_address>0xb504</run_address>
         <size>0x202</size>
         <input_file_ref idref="fl-11"/>
      </object_component>
      <object_component id="oc-63">
         <name>.debug_info</name>
         <load_address>0xb706</load_address>
         <run_address>0xb706</run_address>
         <size>0x1e8</size>
         <input_file_ref idref="fl-11"/>
      </object_component>
      <object_component id="oc-52">
         <name>.debug_info</name>
         <load_address>0xb8ee</load_address>
         <run_address>0xb8ee</run_address>
         <size>0x20c</size>
         <input_file_ref idref="fl-11"/>
      </object_component>
      <object_component id="oc-cc">
         <name>.debug_info</name>
         <load_address>0xbafa</load_address>
         <run_address>0xbafa</run_address>
         <size>0x2b3</size>
         <input_file_ref idref="fl-11"/>
      </object_component>
      <object_component id="oc-117">
         <name>.debug_info</name>
         <load_address>0xbdad</load_address>
         <run_address>0xbdad</run_address>
         <size>0x205</size>
         <input_file_ref idref="fl-12"/>
      </object_component>
      <object_component id="oc-18e">
         <name>.debug_info</name>
         <load_address>0xbfb2</load_address>
         <run_address>0xbfb2</run_address>
         <size>0x225</size>
         <input_file_ref idref="fl-12"/>
      </object_component>
      <object_component id="oc-187">
         <name>.debug_info</name>
         <load_address>0xc1d7</load_address>
         <run_address>0xc1d7</run_address>
         <size>0x227</size>
         <input_file_ref idref="fl-12"/>
      </object_component>
      <object_component id="oc-11e">
         <name>.debug_info</name>
         <load_address>0xc3fe</load_address>
         <run_address>0xc3fe</run_address>
         <size>0x22f</size>
         <input_file_ref idref="fl-12"/>
      </object_component>
      <object_component id="oc-12a">
         <name>.debug_info</name>
         <load_address>0xc62d</load_address>
         <run_address>0xc62d</run_address>
         <size>0x243</size>
         <input_file_ref idref="fl-12"/>
      </object_component>
      <object_component id="oc-124">
         <name>.debug_info</name>
         <load_address>0xc870</load_address>
         <run_address>0xc870</run_address>
         <size>0x233</size>
         <input_file_ref idref="fl-12"/>
      </object_component>
      <object_component id="oc-133">
         <name>.debug_info</name>
         <load_address>0xcaa3</load_address>
         <run_address>0xcaa3</run_address>
         <size>0x235</size>
         <input_file_ref idref="fl-12"/>
      </object_component>
      <object_component id="oc-d1">
         <name>.debug_info</name>
         <load_address>0xccd8</load_address>
         <run_address>0xccd8</run_address>
         <size>0x2b5</size>
         <input_file_ref idref="fl-12"/>
      </object_component>
      <object_component id="oc-8c">
         <name>.debug_info</name>
         <load_address>0xcf8d</load_address>
         <run_address>0xcf8d</run_address>
         <size>0x2ce</size>
         <input_file_ref idref="fl-12"/>
      </object_component>
      <object_component id="oc-d7">
         <name>.debug_info</name>
         <load_address>0xd25b</load_address>
         <run_address>0xd25b</run_address>
         <size>0x23e</size>
         <input_file_ref idref="fl-12"/>
      </object_component>
      <object_component id="oc-92">
         <name>.debug_info</name>
         <load_address>0xd499</load_address>
         <run_address>0xd499</run_address>
         <size>0x268</size>
         <input_file_ref idref="fl-12"/>
      </object_component>
      <object_component id="oc-1d9">
         <name>.debug_info</name>
         <load_address>0xd701</load_address>
         <run_address>0xd701</run_address>
         <size>0x1f2</size>
         <input_file_ref idref="fl-13"/>
      </object_component>
      <object_component id="oc-1cd">
         <name>.debug_info</name>
         <load_address>0xd8f3</load_address>
         <run_address>0xd8f3</run_address>
         <size>0x20e</size>
         <input_file_ref idref="fl-13"/>
      </object_component>
      <object_component id="oc-29d">
         <name>.debug_info</name>
         <load_address>0xdb01</load_address>
         <run_address>0xdb01</run_address>
         <size>0x1e4</size>
         <input_file_ref idref="fl-13"/>
      </object_component>
      <object_component id="oc-2b2">
         <name>.debug_info</name>
         <load_address>0xdce5</load_address>
         <run_address>0xdce5</run_address>
         <size>0x217</size>
         <input_file_ref idref="fl-13"/>
      </object_component>
      <object_component id="oc-28c">
         <name>.debug_info</name>
         <load_address>0xdefc</load_address>
         <run_address>0xdefc</run_address>
         <size>0x244</size>
         <input_file_ref idref="fl-13"/>
      </object_component>
      <object_component id="oc-274">
         <name>.debug_info</name>
         <load_address>0xe140</load_address>
         <run_address>0xe140</run_address>
         <size>0x242</size>
         <input_file_ref idref="fl-13"/>
      </object_component>
      <object_component id="oc-27a">
         <name>.debug_info</name>
         <load_address>0xe382</load_address>
         <run_address>0xe382</run_address>
         <size>0x24a</size>
         <input_file_ref idref="fl-13"/>
      </object_component>
      <object_component id="oc-292">
         <name>.debug_info</name>
         <load_address>0xe5cc</load_address>
         <run_address>0xe5cc</run_address>
         <size>0x24d</size>
         <input_file_ref idref="fl-13"/>
      </object_component>
      <object_component id="oc-280">
         <name>.debug_info</name>
         <load_address>0xe819</load_address>
         <run_address>0xe819</run_address>
         <size>0x24e</size>
         <input_file_ref idref="fl-13"/>
      </object_component>
      <object_component id="oc-2bf">
         <name>.debug_info</name>
         <load_address>0xea67</load_address>
         <run_address>0xea67</run_address>
         <size>0x258</size>
         <input_file_ref idref="fl-13"/>
      </object_component>
      <object_component id="oc-286">
         <name>.debug_info</name>
         <load_address>0xecbf</load_address>
         <run_address>0xecbf</run_address>
         <size>0x27c</size>
         <input_file_ref idref="fl-13"/>
      </object_component>
      <object_component id="oc-297">
         <name>.debug_info</name>
         <load_address>0xef3b</load_address>
         <run_address>0xef3b</run_address>
         <size>0x241</size>
         <input_file_ref idref="fl-13"/>
      </object_component>
      <object_component id="oc-153">
         <name>.debug_info</name>
         <load_address>0xf17c</load_address>
         <run_address>0xf17c</run_address>
         <size>0x277</size>
         <input_file_ref idref="fl-13"/>
      </object_component>
      <object_component id="oc-14d">
         <name>.debug_info</name>
         <load_address>0xf3f3</load_address>
         <run_address>0xf3f3</run_address>
         <size>0x519</size>
         <input_file_ref idref="fl-13"/>
      </object_component>
      <object_component id="oc-241">
         <name>.debug_info</name>
         <load_address>0xf90c</load_address>
         <run_address>0xf90c</run_address>
         <size>0x3ba</size>
         <input_file_ref idref="fl-13"/>
      </object_component>
      <object_component id="oc-1d2">
         <name>.debug_info</name>
         <load_address>0xfcc6</load_address>
         <run_address>0xfcc6</run_address>
         <size>0x243</size>
         <input_file_ref idref="fl-13"/>
      </object_component>
      <object_component id="oc-159">
         <name>.debug_info</name>
         <load_address>0xff09</load_address>
         <run_address>0xff09</run_address>
         <size>0x251</size>
         <input_file_ref idref="fl-13"/>
      </object_component>
      <object_component id="oc-146">
         <name>.debug_info</name>
         <load_address>0x1015a</load_address>
         <run_address>0x1015a</run_address>
         <size>0x241</size>
         <input_file_ref idref="fl-13"/>
      </object_component>
      <object_component id="oc-f6">
         <name>.debug_info</name>
         <load_address>0x1039b</load_address>
         <run_address>0x1039b</run_address>
         <size>0x158</size>
         <input_file_ref idref="fl-1f"/>
      </object_component>
      <object_component id="oc-1e1">
         <name>.debug_info</name>
         <load_address>0x104f3</load_address>
         <run_address>0x104f3</run_address>
         <size>0x127</size>
         <input_file_ref idref="fl-20"/>
      </object_component>
      <object_component id="oc-69">
         <name>.debug_info</name>
         <load_address>0x1061a</load_address>
         <run_address>0x1061a</run_address>
         <size>0x19b</size>
         <input_file_ref idref="fl-21"/>
      </object_component>
      <object_component id="oc-1a5">
         <name>.debug_info</name>
         <load_address>0x107b5</load_address>
         <run_address>0x107b5</run_address>
         <size>0x14d</size>
         <input_file_ref idref="fl-22"/>
      </object_component>
      <object_component id="oc-1fe">
         <name>.debug_info</name>
         <load_address>0x10902</load_address>
         <run_address>0x10902</run_address>
         <size>0x1bf</size>
         <input_file_ref idref="fl-23"/>
      </object_component>
      <object_component id="oc-71">
         <name>.debug_info</name>
         <load_address>0x10ac1</load_address>
         <run_address>0x10ac1</run_address>
         <size>0x1b6</size>
         <input_file_ref idref="fl-24"/>
      </object_component>
      <object_component id="oc-2d">
         <name>.debug_info</name>
         <load_address>0x10c77</load_address>
         <run_address>0x10c77</run_address>
         <size>0x1b7</size>
         <input_file_ref idref="fl-25"/>
      </object_component>
      <object_component id="oc-28">
         <name>.debug_info</name>
         <load_address>0x10e2e</load_address>
         <run_address>0x10e2e</run_address>
         <size>0x219</size>
         <input_file_ref idref="fl-26"/>
      </object_component>
      <object_component id="oc-22f">
         <name>.debug_info</name>
         <load_address>0x11047</load_address>
         <run_address>0x11047</run_address>
         <size>0x19e</size>
         <input_file_ref idref="fl-27"/>
      </object_component>
      <object_component id="oc-1b1">
         <name>.debug_info</name>
         <load_address>0x111e5</load_address>
         <run_address>0x111e5</run_address>
         <size>0x1a9</size>
         <input_file_ref idref="fl-27"/>
      </object_component>
      <object_component id="oc-232">
         <name>.debug_info</name>
         <load_address>0x1138e</load_address>
         <run_address>0x1138e</run_address>
         <size>0x107</size>
         <input_file_ref idref="fl-28"/>
      </object_component>
      <object_component id="oc-2ab">
         <name>.debug_info</name>
         <load_address>0x11495</load_address>
         <run_address>0x11495</run_address>
         <size>0x10b</size>
         <input_file_ref idref="fl-28"/>
      </object_component>
      <object_component id="oc-267">
         <name>.debug_info</name>
         <load_address>0x115a0</load_address>
         <run_address>0x115a0</run_address>
         <size>0x203</size>
         <input_file_ref idref="fl-28"/>
      </object_component>
      <object_component id="oc-1aa">
         <name>.debug_info</name>
         <load_address>0x117a3</load_address>
         <run_address>0x117a3</run_address>
         <size>0x15d</size>
         <input_file_ref idref="fl-29"/>
      </object_component>
      <object_component id="oc-10f">
         <name>.debug_info</name>
         <load_address>0x11900</load_address>
         <run_address>0x11900</run_address>
         <size>0x1f8</size>
         <input_file_ref idref="fl-2b"/>
      </object_component>
      <object_component id="oc-108">
         <name>.debug_info</name>
         <load_address>0x11af8</load_address>
         <run_address>0x11af8</run_address>
         <size>0x1c7</size>
         <input_file_ref idref="fl-2c"/>
      </object_component>
      <object_component id="oc-24d">
         <name>.debug_info</name>
         <load_address>0x11cbf</load_address>
         <run_address>0x11cbf</run_address>
         <size>0x147</size>
         <input_file_ref idref="fl-2e"/>
      </object_component>
      <object_component id="oc-30b">
         <name>.debug_info</name>
         <load_address>0x11e06</load_address>
         <run_address>0x11e06</run_address>
         <size>0xd0</size>
      </object_component>
      <object_component id="oc-4b">
         <name>.debug_line</name>
         <load_address>0x0</load_address>
         <run_address>0x0</run_address>
         <size>0xa2e</size>
         <input_file_ref idref="fl-2"/>
      </object_component>
      <object_component id="oc-195">
         <name>.debug_line</name>
         <load_address>0xa2e</load_address>
         <run_address>0xa2e</run_address>
         <size>0x1c0</size>
         <input_file_ref idref="fl-2"/>
      </object_component>
      <object_component id="oc-13f">
         <name>.debug_line</name>
         <load_address>0xbee</load_address>
         <run_address>0xbee</run_address>
         <size>0x32</size>
         <input_file_ref idref="fl-4"/>
      </object_component>
      <object_component id="oc-141">
         <name>.debug_line</name>
         <load_address>0xc20</load_address>
         <run_address>0xc20</run_address>
         <size>0x32</size>
         <input_file_ref idref="fl-4"/>
      </object_component>
      <object_component id="oc-1c5">
         <name>.debug_line</name>
         <load_address>0xc52</load_address>
         <run_address>0xc52</run_address>
         <size>0x32</size>
         <input_file_ref idref="fl-4"/>
      </object_component>
      <object_component id="oc-1c7">
         <name>.debug_line</name>
         <load_address>0xc84</load_address>
         <run_address>0xc84</run_address>
         <size>0x32</size>
         <input_file_ref idref="fl-4"/>
      </object_component>
      <object_component id="oc-115">
         <name>.debug_line</name>
         <load_address>0xcb6</load_address>
         <run_address>0xcb6</run_address>
         <size>0x32</size>
         <input_file_ref idref="fl-4"/>
      </object_component>
      <object_component id="oc-86">
         <name>.debug_line</name>
         <load_address>0xce8</load_address>
         <run_address>0xce8</run_address>
         <size>0x504</size>
         <input_file_ref idref="fl-4"/>
      </object_component>
      <object_component id="oc-105">
         <name>.debug_line</name>
         <load_address>0x11ec</load_address>
         <run_address>0x11ec</run_address>
         <size>0x28e</size>
         <input_file_ref idref="fl-4"/>
      </object_component>
      <object_component id="oc-45">
         <name>.debug_line</name>
         <load_address>0x147a</load_address>
         <run_address>0x147a</run_address>
         <size>0x78</size>
         <input_file_ref idref="fl-4"/>
      </object_component>
      <object_component id="oc-143">
         <name>.debug_line</name>
         <load_address>0x14f2</load_address>
         <run_address>0x14f2</run_address>
         <size>0x25e</size>
         <input_file_ref idref="fl-4"/>
      </object_component>
      <object_component id="oc-37">
         <name>.debug_line</name>
         <load_address>0x1750</load_address>
         <run_address>0x1750</run_address>
         <size>0x55</size>
         <input_file_ref idref="fl-5"/>
      </object_component>
      <object_component id="oc-7d">
         <name>.debug_line</name>
         <load_address>0x17a5</load_address>
         <run_address>0x17a5</run_address>
         <size>0x5d</size>
         <input_file_ref idref="fl-5"/>
      </object_component>
      <object_component id="oc-1e7">
         <name>.debug_line</name>
         <load_address>0x1802</load_address>
         <run_address>0x1802</run_address>
         <size>0x37</size>
         <input_file_ref idref="fl-6"/>
      </object_component>
      <object_component id="oc-a2">
         <name>.debug_line</name>
         <load_address>0x1839</load_address>
         <run_address>0x1839</run_address>
         <size>0x3fd</size>
         <input_file_ref idref="fl-6"/>
      </object_component>
      <object_component id="oc-1e9">
         <name>.debug_line</name>
         <load_address>0x1c36</load_address>
         <run_address>0x1c36</run_address>
         <size>0xa5</size>
         <input_file_ref idref="fl-6"/>
      </object_component>
      <object_component id="oc-16f">
         <name>.debug_line</name>
         <load_address>0x1cdb</load_address>
         <run_address>0x1cdb</run_address>
         <size>0x9c</size>
         <input_file_ref idref="fl-f"/>
      </object_component>
      <object_component id="oc-ba">
         <name>.debug_line</name>
         <load_address>0x1d77</load_address>
         <run_address>0x1d77</run_address>
         <size>0x98</size>
         <input_file_ref idref="fl-f"/>
      </object_component>
      <object_component id="oc-1f1">
         <name>.debug_line</name>
         <load_address>0x1e0f</load_address>
         <run_address>0x1e0f</run_address>
         <size>0xe4</size>
         <input_file_ref idref="fl-f"/>
      </object_component>
      <object_component id="oc-169">
         <name>.debug_line</name>
         <load_address>0x1ef3</load_address>
         <run_address>0x1ef3</run_address>
         <size>0x98</size>
         <input_file_ref idref="fl-10"/>
      </object_component>
      <object_component id="oc-c3">
         <name>.debug_line</name>
         <load_address>0x1f8b</load_address>
         <run_address>0x1f8b</run_address>
         <size>0xa2</size>
         <input_file_ref idref="fl-10"/>
      </object_component>
      <object_component id="oc-b1">
         <name>.debug_line</name>
         <load_address>0x202d</load_address>
         <run_address>0x202d</run_address>
         <size>0xb1</size>
         <input_file_ref idref="fl-10"/>
      </object_component>
      <object_component id="oc-b3">
         <name>.debug_line</name>
         <load_address>0x20de</load_address>
         <run_address>0x20de</run_address>
         <size>0x9f</size>
         <input_file_ref idref="fl-10"/>
      </object_component>
      <object_component id="oc-c6">
         <name>.debug_line</name>
         <load_address>0x217d</load_address>
         <run_address>0x217d</run_address>
         <size>0x9f</size>
         <input_file_ref idref="fl-10"/>
      </object_component>
      <object_component id="oc-a8">
         <name>.debug_line</name>
         <load_address>0x221c</load_address>
         <run_address>0x221c</run_address>
         <size>0x9f</size>
         <input_file_ref idref="fl-10"/>
      </object_component>
      <object_component id="oc-1ec">
         <name>.debug_line</name>
         <load_address>0x22bb</load_address>
         <run_address>0x22bb</run_address>
         <size>0xe4</size>
         <input_file_ref idref="fl-10"/>
      </object_component>
      <object_component id="oc-183">
         <name>.debug_line</name>
         <load_address>0x239f</load_address>
         <run_address>0x239f</run_address>
         <size>0x9d</size>
         <input_file_ref idref="fl-11"/>
      </object_component>
      <object_component id="oc-17e">
         <name>.debug_line</name>
         <load_address>0x243c</load_address>
         <run_address>0x243c</run_address>
         <size>0x9d</size>
         <input_file_ref idref="fl-11"/>
      </object_component>
      <object_component id="oc-100">
         <name>.debug_line</name>
         <load_address>0x24d9</load_address>
         <run_address>0x24d9</run_address>
         <size>0xb8</size>
         <input_file_ref idref="fl-11"/>
      </object_component>
      <object_component id="oc-58">
         <name>.debug_line</name>
         <load_address>0x2591</load_address>
         <run_address>0x2591</run_address>
         <size>0xa3</size>
         <input_file_ref idref="fl-11"/>
      </object_component>
      <object_component id="oc-5a">
         <name>.debug_line</name>
         <load_address>0x2634</load_address>
         <run_address>0x2634</run_address>
         <size>0x9b</size>
         <input_file_ref idref="fl-11"/>
      </object_component>
      <object_component id="oc-62">
         <name>.debug_line</name>
         <load_address>0x26cf</load_address>
         <run_address>0x26cf</run_address>
         <size>0x9b</size>
         <input_file_ref idref="fl-11"/>
      </object_component>
      <object_component id="oc-50">
         <name>.debug_line</name>
         <load_address>0x276a</load_address>
         <run_address>0x276a</run_address>
         <size>0xb1</size>
         <input_file_ref idref="fl-11"/>
      </object_component>
      <object_component id="oc-cb">
         <name>.debug_line</name>
         <load_address>0x281b</load_address>
         <run_address>0x281b</run_address>
         <size>0xb1</size>
         <input_file_ref idref="fl-11"/>
      </object_component>
      <object_component id="oc-198">
         <name>.debug_line</name>
         <load_address>0x28cc</load_address>
         <run_address>0x28cc</run_address>
         <size>0x21</size>
         <input_file_ref idref="fl-11"/>
      </object_component>
      <object_component id="oc-11b">
         <name>.debug_line</name>
         <load_address>0x28ed</load_address>
         <run_address>0x28ed</run_address>
         <size>0x97</size>
         <input_file_ref idref="fl-12"/>
      </object_component>
      <object_component id="oc-18d">
         <name>.debug_line</name>
         <load_address>0x2984</load_address>
         <run_address>0x2984</run_address>
         <size>0x98</size>
         <input_file_ref idref="fl-12"/>
      </object_component>
      <object_component id="oc-18a">
         <name>.debug_line</name>
         <load_address>0x2a1c</load_address>
         <run_address>0x2a1c</run_address>
         <size>0x99</size>
         <input_file_ref idref="fl-12"/>
      </object_component>
      <object_component id="oc-121">
         <name>.debug_line</name>
         <load_address>0x2ab5</load_address>
         <run_address>0x2ab5</run_address>
         <size>0x98</size>
         <input_file_ref idref="fl-12"/>
      </object_component>
      <object_component id="oc-12d">
         <name>.debug_line</name>
         <load_address>0x2b4d</load_address>
         <run_address>0x2b4d</run_address>
         <size>0x98</size>
         <input_file_ref idref="fl-12"/>
      </object_component>
      <object_component id="oc-127">
         <name>.debug_line</name>
         <load_address>0x2be5</load_address>
         <run_address>0x2be5</run_address>
         <size>0x98</size>
         <input_file_ref idref="fl-12"/>
      </object_component>
      <object_component id="oc-132">
         <name>.debug_line</name>
         <load_address>0x2c7d</load_address>
         <run_address>0x2c7d</run_address>
         <size>0x99</size>
         <input_file_ref idref="fl-12"/>
      </object_component>
      <object_component id="oc-d4">
         <name>.debug_line</name>
         <load_address>0x2d16</load_address>
         <run_address>0x2d16</run_address>
         <size>0x9e</size>
         <input_file_ref idref="fl-12"/>
      </object_component>
      <object_component id="oc-8f">
         <name>.debug_line</name>
         <load_address>0x2db4</load_address>
         <run_address>0x2db4</run_address>
         <size>0xcc</size>
         <input_file_ref idref="fl-12"/>
      </object_component>
      <object_component id="oc-da">
         <name>.debug_line</name>
         <load_address>0x2e80</load_address>
         <run_address>0x2e80</run_address>
         <size>0xb3</size>
         <input_file_ref idref="fl-12"/>
      </object_component>
      <object_component id="oc-95">
         <name>.debug_line</name>
         <load_address>0x2f33</load_address>
         <run_address>0x2f33</run_address>
         <size>0xa7</size>
         <input_file_ref idref="fl-12"/>
      </object_component>
      <object_component id="oc-1c1">
         <name>.debug_line</name>
         <load_address>0x2fda</load_address>
         <run_address>0x2fda</run_address>
         <size>0xe3</size>
         <input_file_ref idref="fl-12"/>
      </object_component>
      <object_component id="oc-1dc">
         <name>.debug_line</name>
         <load_address>0x30bd</load_address>
         <run_address>0x30bd</run_address>
         <size>0x9d</size>
         <input_file_ref idref="fl-13"/>
      </object_component>
      <object_component id="oc-1cc">
         <name>.debug_line</name>
         <load_address>0x315a</load_address>
         <run_address>0x315a</run_address>
         <size>0x9a</size>
         <input_file_ref idref="fl-13"/>
      </object_component>
      <object_component id="oc-2a0">
         <name>.debug_line</name>
         <load_address>0x31f4</load_address>
         <run_address>0x31f4</run_address>
         <size>0x9c</size>
         <input_file_ref idref="fl-13"/>
      </object_component>
      <object_component id="oc-2b5">
         <name>.debug_line</name>
         <load_address>0x3290</load_address>
         <run_address>0x3290</run_address>
         <size>0x9c</size>
         <input_file_ref idref="fl-13"/>
      </object_component>
      <object_component id="oc-28b">
         <name>.debug_line</name>
         <load_address>0x332c</load_address>
         <run_address>0x332c</run_address>
         <size>0x9d</size>
         <input_file_ref idref="fl-13"/>
      </object_component>
      <object_component id="oc-273">
         <name>.debug_line</name>
         <load_address>0x33c9</load_address>
         <run_address>0x33c9</run_address>
         <size>0x9d</size>
         <input_file_ref idref="fl-13"/>
      </object_component>
      <object_component id="oc-279">
         <name>.debug_line</name>
         <load_address>0x3466</load_address>
         <run_address>0x3466</run_address>
         <size>0xa1</size>
         <input_file_ref idref="fl-13"/>
      </object_component>
      <object_component id="oc-291">
         <name>.debug_line</name>
         <load_address>0x3507</load_address>
         <run_address>0x3507</run_address>
         <size>0xa2</size>
         <input_file_ref idref="fl-13"/>
      </object_component>
      <object_component id="oc-27f">
         <name>.debug_line</name>
         <load_address>0x35a9</load_address>
         <run_address>0x35a9</run_address>
         <size>0x9d</size>
         <input_file_ref idref="fl-13"/>
      </object_component>
      <object_component id="oc-2be">
         <name>.debug_line</name>
         <load_address>0x3646</load_address>
         <run_address>0x3646</run_address>
         <size>0x9d</size>
         <input_file_ref idref="fl-13"/>
      </object_component>
      <object_component id="oc-285">
         <name>.debug_line</name>
         <load_address>0x36e3</load_address>
         <run_address>0x36e3</run_address>
         <size>0xa7</size>
         <input_file_ref idref="fl-13"/>
      </object_component>
      <object_component id="oc-29a">
         <name>.debug_line</name>
         <load_address>0x378a</load_address>
         <run_address>0x378a</run_address>
         <size>0xa1</size>
         <input_file_ref idref="fl-13"/>
      </object_component>
      <object_component id="oc-152">
         <name>.debug_line</name>
         <load_address>0x382b</load_address>
         <run_address>0x382b</run_address>
         <size>0xb4</size>
         <input_file_ref idref="fl-13"/>
      </object_component>
      <object_component id="oc-14c">
         <name>.debug_line</name>
         <load_address>0x38df</load_address>
         <run_address>0x38df</run_address>
         <size>0x19e</size>
         <input_file_ref idref="fl-13"/>
      </object_component>
      <object_component id="oc-244">
         <name>.debug_line</name>
         <load_address>0x3a7d</load_address>
         <run_address>0x3a7d</run_address>
         <size>0xd2</size>
         <input_file_ref idref="fl-13"/>
      </object_component>
      <object_component id="oc-1d5">
         <name>.debug_line</name>
         <load_address>0x3b4f</load_address>
         <run_address>0x3b4f</run_address>
         <size>0xbe</size>
         <input_file_ref idref="fl-13"/>
      </object_component>
      <object_component id="oc-15c">
         <name>.debug_line</name>
         <load_address>0x3c0d</load_address>
         <run_address>0x3c0d</run_address>
         <size>0xa1</size>
         <input_file_ref idref="fl-13"/>
      </object_component>
      <object_component id="oc-14a">
         <name>.debug_line</name>
         <load_address>0x3cae</load_address>
         <run_address>0x3cae</run_address>
         <size>0xc7</size>
         <input_file_ref idref="fl-13"/>
      </object_component>
      <object_component id="oc-23d">
         <name>.debug_line</name>
         <load_address>0x3d75</load_address>
         <run_address>0x3d75</run_address>
         <size>0x14b</size>
         <input_file_ref idref="fl-13"/>
      </object_component>
      <object_component id="oc-f5">
         <name>.debug_line</name>
         <load_address>0x3ec0</load_address>
         <run_address>0x3ec0</run_address>
         <size>0x4f</size>
         <input_file_ref idref="fl-1f"/>
      </object_component>
      <object_component id="oc-1e0">
         <name>.debug_line</name>
         <load_address>0x3f0f</load_address>
         <run_address>0x3f0f</run_address>
         <size>0xae</size>
         <input_file_ref idref="fl-20"/>
      </object_component>
      <object_component id="oc-6c">
         <name>.debug_line</name>
         <load_address>0x3fbd</load_address>
         <run_address>0x3fbd</run_address>
         <size>0x63</size>
         <input_file_ref idref="fl-21"/>
      </object_component>
      <object_component id="oc-19b">
         <name>.debug_line</name>
         <load_address>0x4020</load_address>
         <run_address>0x4020</run_address>
         <size>0x21</size>
         <input_file_ref idref="fl-21"/>
      </object_component>
      <object_component id="oc-1a7">
         <name>.debug_line</name>
         <load_address>0x4041</load_address>
         <run_address>0x4041</run_address>
         <size>0x3f</size>
         <input_file_ref idref="fl-22"/>
      </object_component>
      <object_component id="oc-24a">
         <name>.debug_line</name>
         <load_address>0x4080</load_address>
         <run_address>0x4080</run_address>
         <size>0x21</size>
         <input_file_ref idref="fl-22"/>
      </object_component>
      <object_component id="oc-201">
         <name>.debug_line</name>
         <load_address>0x40a1</load_address>
         <run_address>0x40a1</run_address>
         <size>0x74</size>
         <input_file_ref idref="fl-23"/>
      </object_component>
      <object_component id="oc-2a6">
         <name>.debug_line</name>
         <load_address>0x4115</load_address>
         <run_address>0x4115</run_address>
         <size>0x21</size>
         <input_file_ref idref="fl-23"/>
      </object_component>
      <object_component id="oc-74">
         <name>.debug_line</name>
         <load_address>0x4136</load_address>
         <run_address>0x4136</run_address>
         <size>0x4d</size>
         <input_file_ref idref="fl-24"/>
      </object_component>
      <object_component id="oc-19e">
         <name>.debug_line</name>
         <load_address>0x4183</load_address>
         <run_address>0x4183</run_address>
         <size>0x21</size>
         <input_file_ref idref="fl-24"/>
      </object_component>
      <object_component id="oc-30">
         <name>.debug_line</name>
         <load_address>0x41a4</load_address>
         <run_address>0x41a4</run_address>
         <size>0x57</size>
         <input_file_ref idref="fl-25"/>
      </object_component>
      <object_component id="oc-e9">
         <name>.debug_line</name>
         <load_address>0x41fb</load_address>
         <run_address>0x41fb</run_address>
         <size>0x21</size>
         <input_file_ref idref="fl-25"/>
      </object_component>
      <object_component id="oc-2b">
         <name>.debug_line</name>
         <load_address>0x421c</load_address>
         <run_address>0x421c</run_address>
         <size>0x95</size>
         <input_file_ref idref="fl-26"/>
      </object_component>
      <object_component id="oc-e4">
         <name>.debug_line</name>
         <load_address>0x42b1</load_address>
         <run_address>0x42b1</run_address>
         <size>0x21</size>
         <input_file_ref idref="fl-26"/>
      </object_component>
      <object_component id="oc-265">
         <name>.debug_line</name>
         <load_address>0x42d2</load_address>
         <run_address>0x42d2</run_address>
         <size>0x2b</size>
         <input_file_ref idref="fl-27"/>
      </object_component>
      <object_component id="oc-1b4">
         <name>.debug_line</name>
         <load_address>0x42fd</load_address>
         <run_address>0x42fd</run_address>
         <size>0x66</size>
         <input_file_ref idref="fl-27"/>
      </object_component>
      <object_component id="oc-270">
         <name>.debug_line</name>
         <load_address>0x4363</load_address>
         <run_address>0x4363</run_address>
         <size>0x21</size>
         <input_file_ref idref="fl-27"/>
      </object_component>
      <object_component id="oc-26d">
         <name>.debug_line</name>
         <load_address>0x4384</load_address>
         <run_address>0x4384</run_address>
         <size>0x2c</size>
         <input_file_ref idref="fl-28"/>
      </object_component>
      <object_component id="oc-2cc">
         <name>.debug_line</name>
         <load_address>0x43b0</load_address>
         <run_address>0x43b0</run_address>
         <size>0x2c</size>
         <input_file_ref idref="fl-28"/>
      </object_component>
      <object_component id="oc-26a">
         <name>.debug_line</name>
         <load_address>0x43dc</load_address>
         <run_address>0x43dc</run_address>
         <size>0x5f</size>
         <input_file_ref idref="fl-28"/>
      </object_component>
      <object_component id="oc-2af">
         <name>.debug_line</name>
         <load_address>0x443b</load_address>
         <run_address>0x443b</run_address>
         <size>0x21</size>
         <input_file_ref idref="fl-28"/>
      </object_component>
      <object_component id="oc-1ae">
         <name>.debug_line</name>
         <load_address>0x445c</load_address>
         <run_address>0x445c</run_address>
         <size>0x4e</size>
         <input_file_ref idref="fl-29"/>
      </object_component>
      <object_component id="oc-262">
         <name>.debug_line</name>
         <load_address>0x44aa</load_address>
         <run_address>0x44aa</run_address>
         <size>0x30</size>
         <input_file_ref idref="fl-29"/>
      </object_component>
      <object_component id="oc-112">
         <name>.debug_line</name>
         <load_address>0x44da</load_address>
         <run_address>0x44da</run_address>
         <size>0xb0</size>
         <input_file_ref idref="fl-2b"/>
      </object_component>
      <object_component id="oc-23a">
         <name>.debug_line</name>
         <load_address>0x458a</load_address>
         <run_address>0x458a</run_address>
         <size>0x21</size>
         <input_file_ref idref="fl-2b"/>
      </object_component>
      <object_component id="oc-10b">
         <name>.debug_line</name>
         <load_address>0x45ab</load_address>
         <run_address>0x45ab</run_address>
         <size>0xa9</size>
         <input_file_ref idref="fl-2c"/>
      </object_component>
      <object_component id="oc-237">
         <name>.debug_line</name>
         <load_address>0x4654</load_address>
         <run_address>0x4654</run_address>
         <size>0x21</size>
         <input_file_ref idref="fl-2c"/>
      </object_component>
      <object_component id="oc-250">
         <name>.debug_line</name>
         <load_address>0x4675</load_address>
         <run_address>0x4675</run_address>
         <size>0x3b</size>
         <input_file_ref idref="fl-2e"/>
      </object_component>
      <object_component id="oc-2c6">
         <name>.debug_line</name>
         <load_address>0x46b0</load_address>
         <run_address>0x46b0</run_address>
         <size>0x21</size>
         <input_file_ref idref="fl-2e"/>
      </object_component>
      <object_component id="oc-4c">
         <name>.debug_frame</name>
         <load_address>0x0</load_address>
         <run_address>0x0</run_address>
         <size>0x728</size>
         <input_file_ref idref="fl-2"/>
      </object_component>
      <object_component id="oc-87">
         <name>.debug_frame</name>
         <load_address>0x728</load_address>
         <run_address>0x728</run_address>
         <size>0x258</size>
         <input_file_ref idref="fl-4"/>
      </object_component>
      <object_component id="oc-106">
         <name>.debug_frame</name>
         <load_address>0x980</load_address>
         <run_address>0x980</run_address>
         <size>0x124</size>
         <input_file_ref idref="fl-4"/>
      </object_component>
      <object_component id="oc-46">
         <name>.debug_frame</name>
         <load_address>0xaa4</load_address>
         <run_address>0xaa4</run_address>
         <size>0x138</size>
         <input_file_ref idref="fl-4"/>
      </object_component>
      <object_component id="oc-a3">
         <name>.debug_frame</name>
         <load_address>0xbdc</load_address>
         <run_address>0xbdc</run_address>
         <size>0x230</size>
         <input_file_ref idref="fl-6"/>
      </object_component>
      <object_component id="oc-170">
         <name>.debug_frame</name>
         <load_address>0xe0c</load_address>
         <run_address>0xe0c</run_address>
         <size>0x44</size>
         <input_file_ref idref="fl-f"/>
      </object_component>
      <object_component id="oc-b9">
         <name>.debug_frame</name>
         <load_address>0xe50</load_address>
         <run_address>0xe50</run_address>
         <size>0x44</size>
         <input_file_ref idref="fl-f"/>
      </object_component>
      <object_component id="oc-16a">
         <name>.debug_frame</name>
         <load_address>0xe94</load_address>
         <run_address>0xe94</run_address>
[...]
         <cprec>
            <name>.data</name>
            <load_address>0x83f80</load_address>
            <load_size>0xf</load_size>
            <run_address>0xa970</run_address>
            <run_size>0x1a</run_size>
            <compression>lzss</compression>
         </cprec>
         <cprec>
            <name>.bss</name>
            <load_address>0x83f96</load_address>
            <load_size>0x4</load_size>
            <run_address>0xa800</run_address>
            <run_size>0x170</run_size>
            <compression>zero_init</compression>
         </cprec>
      </cptbl>
   </cptbl_list>
   <handler_table>
      <handler_table_name>__TI_handler_table</handler_table_name>
      <handler>
         <index>0x0</index>
         <name>__TI_zero_init</name>
      </handler>
      <handler>
         <index>0x1</index>
         <name>__TI_decompress_lzss</name>
      </handler>
      <handler>
         <index>0x2</index>
         <name>__TI_decompress_none</name>
      </handler>
   </handler_table>
   <symbol_table>
      <symbol id="sm-1">
         <name>_RamfuncsLoadStart</name>
         <value>0x82000</value>
      </symbol>
      <symbol id="sm-2">
         <name>_RamfuncsLoadEnd</name>
         <value>0x822c5</value>
      </symbol>
      <symbol id="sm-3">
         <name>_RamfuncsRunStart</name>
         <value>0x8000</value>
      </symbol>
      <symbol id="sm-4">
         <name>RamfuncsLoadStart</name>
         <value>0x8000</value>
      </symbol>
      <symbol id="sm-5">
         <name>RamfuncsLoadSize</name>
         <value>0x0</value>
      </symbol>
      <symbol id="sm-6">
         <name>RamfuncsLoadEnd</name>
         <value>0x8000</value>
      </symbol>
      <symbol id="sm-7">
         <name>RamfuncsRunStart</name>
         <value>0x8000</value>
      </symbol>
      <symbol id="sm-8">
         <name>RamfuncsRunSize</name>
         <value>0x0</value>
      </symbol>
      <symbol id="sm-9">
         <name>RamfuncsRunEnd</name>
         <value>0x8000</value>
      </symbol>
      <symbol id="sm-a">
         <name>__TI_CINIT_Base</name>
         <value>0x83f9a</value>
      </symbol>
      <symbol id="sm-b">
         <name>__TI_CINIT_Limit</name>
         <value>0x83fa2</value>
      </symbol>
      <symbol id="sm-c">
         <name>__TI_CINIT_Warm</name>
         <value>0x83fa2</value>
      </symbol>
      <symbol id="sm-d">
         <name>__TI_Handler_Table_Base</name>
         <value>0x83f90</value>
      </symbol>
      <symbol id="sm-e">
         <name>__TI_Handler_Table_Limit</name>
         <value>0x83f96</value>
      </symbol>
      <symbol id="sm-f">
         <name>__TI_STACK_SIZE</name>
         <value>0x100</value>
      </symbol>
      <symbol id="sm-10">
         <name>__TI_STACK_END</name>
         <value>0x500</value>
      </symbol>
      <symbol id="sm-11">
         <name>__TI_pprof_out_hndl</name>
         <value>0xffffffff</value>
      </symbol>
      <symbol id="sm-12">
         <name>__TI_prof_data_start</name>
         <value>0xffffffff</value>
      </symbol>
      <symbol id="sm-13">
         <name>__TI_prof_data_size</name>
         <value>0xffffffff</value>
      </symbol>
      <symbol id="sm-c6">
         <name>INPUTXBAR_init</name>
         <value>0x82cb5</value>
         <object_component_ref idref="oc-47"/>
      </symbol>
      <symbol id="sm-c7">
         <name>INTERRUPT_init</name>
         <value>0x82cbd</value>
         <object_component_ref idref="oc-47"/>
      </symbol>
      <symbol id="sm-c8">
         <name>PinMux_init</name>
         <value>0x8286d</value>
         <object_component_ref idref="oc-47"/>
      </symbol>
      <symbol id="sm-c9">
         <name>myINPUTXBARINPUT0_init</name>
         <value>0x82cb8</value>
         <object_component_ref idref="oc-47"/>
      </symbol>
      <symbol id="sm-ca">
         <name>ECAP_init</name>
         <value>0x82904</value>
         <object_component_ref idref="oc-47"/>
      </symbol>
      <symbol id="sm-cb">
         <name>SCI_init</name>
         <value>0x82cd6</value>
         <object_component_ref idref="oc-47"/>
      </symbol>
      <symbol id="sm-cc">
         <name>Board_init</name>
         <value>0x8285a</value>
         <object_component_ref idref="oc-47"/>
      </symbol>
      <symbol id="sm-cd">
         <name>GPIO_init</name>
         <value>0x82c88</value>
         <object_component_ref idref="oc-47"/>
      </symbol>
      <symbol id="sm-ce">
         <name>myBoardLED1_GPIO_init</name>
         <value>0x82ca1</value>
         <object_component_ref idref="oc-47"/>
      </symbol>
      <symbol id="sm-cf">
         <name>myBoardLED0_GPIO_init</name>
         <value>0x82c8d</value>
         <object_component_ref idref="oc-47"/>
      </symbol>
      <symbol id="sm-d0">
         <name>SYNC_init</name>
         <value>0x82d1c</value>
         <object_component_ref idref="oc-47"/>
      </symbol>
      <symbol id="sm-d1">
         <name>EPWM_init</name>
         <value>0x8297c</value>
         <object_component_ref idref="oc-47"/>
      </symbol>
      <symbol id="sm-d2">
         <name>myECAP0_init</name>
         <value>0x82907</value>
         <object_component_ref idref="oc-47"/>
      </symbol>
      <symbol id="sm-d3">
         <name>mySCIA_init</name>
         <value>0x82cd9</value>
         <object_component_ref idref="oc-47"/>
      </symbol>
      <symbol id="sm-1a6">
         <name>AdcBuf</name>
         <value>0xa900</value>
         <object_component_ref idref="oc-138"/>
      </symbol>
      <symbol id="sm-1a7">
         <name>extractDelay</name>
         <value>0x8074</value>
         <object_component_ref idref="oc-101"/>
      </symbol>
      <symbol id="sm-1a8">
         <name>DutyModOn</name>
         <value>0xa971</value>
         <object_component_ref idref="oc-97"/>
      </symbol>
      <symbol id="sm-1a9">
         <name>AdcBufB</name>
         <value>0xa932</value>
         <object_component_ref idref="oc-13b"/>
      </symbol>
      <symbol id="sm-1aa">
         <name>ecap1ISR</name>
         <value>0x8267</value>
         <object_component_ref idref="oc-41"/>
      </symbol>
      <symbol id="sm-1ab">
         <name>extractDeadp1</name>
         <value>0x80b6</value>
         <object_component_ref idref="oc-101"/>
      </symbol>
      <symbol id="sm-1ac">
         <name>extractDeadp2</name>
         <value>0x80f8</value>
         <object_component_ref idref="oc-101"/>
      </symbol>
      <symbol id="sm-1ad">
         <name>extractDeads1</name>
         <value>0x813a</value>
         <object_component_ref idref="oc-101"/>
      </symbol>
      <symbol id="sm-1ae">
         <name>extractDeads2</name>
         <value>0x817c</value>
         <object_component_ref idref="oc-101"/>
      </symbol>
      <symbol id="sm-1af">
         <name>extractSync</name>
         <value>0x81be</value>
         <object_component_ref idref="oc-101"/>
      </symbol>
      <symbol id="sm-1b0">
         <name>rxIndex</name>
         <value>0xa974</value>
         <object_component_ref idref="oc-97"/>
      </symbol>
      <symbol id="sm-1b1">
         <name>ePwm_curDuty</name>
         <value>0xa96a</value>
         <object_component_ref idref="oc-9a"/>
      </symbol>
      <symbol id="sm-1b2">
         <name>ePwm_MaxDuty</name>
         <value>0xa968</value>
         <object_component_ref idref="oc-9a"/>
      </symbol>
      <symbol id="sm-1b3">
         <name>main</name>
         <value>0x82f53</value>
         <object_component_ref idref="oc-82"/>
      </symbol>
      <symbol id="sm-1b4">
         <name>INT_mySCIA_RX_ISR</name>
         <value>0x8200</value>
         <object_component_ref idref="oc-41"/>
      </symbol>
      <symbol id="sm-1b5">
         <name>DutyModDir</name>
         <value>0xa972</value>
         <object_component_ref idref="oc-97"/>
      </symbol>
      <symbol id="sm-1b6">
         <name>rxBuffer</name>
         <value>0xa800</value>
         <object_component_ref idref="oc-88"/>
      </symbol>
      <symbol id="sm-1b7">
         <name>extractFrequency</name>
         <value>0x8032</value>
         <object_component_ref idref="oc-101"/>
      </symbol>
      <symbol id="sm-1b8">
         <name>flagRxComplete</name>
         <value>0xa975</value>
         <object_component_ref idref="oc-97"/>
      </symbol>
      <symbol id="sm-1b9">
         <name>LedCtr</name>
         <value>0xa970</value>
         <object_component_ref idref="oc-97"/>
      </symbol>
      <symbol id="sm-1ba">
         <name>AdcBufPtr</name>
         <value>0xa976</value>
         <object_component_ref idref="oc-97"/>
      </symbol>
      <symbol id="sm-1bb">
         <name>ePwm_TimeBase</name>
         <value>0xa964</value>
         <object_component_ref idref="oc-9a"/>
      </symbol>
      <symbol id="sm-1bc">
         <name>eCapPwmDuty</name>
         <value>0xa96c</value>
         <object_component_ref idref="oc-9a"/>
      </symbol>
      <symbol id="sm-1bd">
         <name>DutyModCtr</name>
         <value>0xa973</value>
         <object_component_ref idref="oc-97"/>
      </symbol>
      <symbol id="sm-1be">
         <name>AdcBufPtrB</name>
         <value>0xa978</value>
         <object_component_ref idref="oc-97"/>
      </symbol>
      <symbol id="sm-1bf">
         <name>ePwm_MinDuty</name>
         <value>0xa966</value>
         <object_component_ref idref="oc-9a"/>
      </symbol>
      <symbol id="sm-1c0">
         <name>eCapPwmPeriod</name>
         <value>0xa96e</value>
         <object_component_ref idref="oc-9a"/>
      </symbol>
      <symbol id="sm-1cf">
         <name>code_start</name>
         <value>0x80000</value>
         <object_component_ref idref="oc-33"/>
      </symbol>
      <symbol id="sm-201">
         <name>Device_enableAllPeripherals</name>
         <value>0x83245</value>
         <object_component_ref idref="oc-a0"/>
      </symbol>
      <symbol id="sm-202">
         <name>Device_initGPIO</name>
         <value>0x83330</value>
         <object_component_ref idref="oc-a0"/>
      </symbol>
      <symbol id="sm-203">
         <name>Example_Fail</name>
         <value>0xa97e</value>
         <object_component_ref idref="oc-15e"/>
      </symbol>
      <symbol id="sm-204">
         <name>Example_setResultFail</name>
         <value>0x8354e</value>
         <object_component_ref idref="oc-a0"/>
      </symbol>
      <symbol id="sm-205">
         <name>Device_bootCPU2</name>
         <value>0x833c8</value>
         <object_component_ref idref="oc-a0"/>
      </symbol>
      <symbol id="sm-206">
         <name>Device_init</name>
         <value>0x83205</value>
         <object_component_ref idref="oc-a0"/>
      </symbol>
      <symbol id="sm-207">
         <name>Example_Result</name>
         <value>0xa97a</value>
         <object_component_ref idref="oc-15e"/>
      </symbol>
      <symbol id="sm-208">
         <name>Device_enableUnbondedGPIOPullups</name>
         <value>0x83381</value>
         <object_component_ref idref="oc-a0"/>
      </symbol>
      <symbol id="sm-209">
         <name>__error__</name>
         <value>0x83542</value>
         <object_component_ref idref="oc-a0"/>
      </symbol>
      <symbol id="sm-20a">
         <name>Example_setResultPass</name>
         <value>0x83549</value>
         <object_component_ref idref="oc-a0"/>
      </symbol>
      <symbol id="sm-20b">
         <name>Device_configureTMXAnalogTrim</name>
         <value>0x83397</value>
         <object_component_ref idref="oc-a0"/>
      </symbol>
      <symbol id="sm-20c">
         <name>Device_enableUnbondedGPIOPullupsFor176Pin</name>
         <value>0x83351</value>
         <object_component_ref idref="oc-a0"/>
      </symbol>
      <symbol id="sm-20d">
         <name>Example_done</name>
         <value>0x83553</value>
         <object_component_ref idref="oc-a0"/>
      </symbol>
      <symbol id="sm-20e">
         <name>Example_PassCount</name>
         <value>0xa97c</value>
         <object_component_ref idref="oc-15e"/>
      </symbol>
      <symbol id="sm-20f">
         <name>Device_enableUnbondedGPIOPullupsFor100Pin</name>
         <value>0x83364</value>
         <object_component_ref idref="oc-a0"/>
      </symbol>
      <symbol id="sm-229">
         <name>ECAP_setEmulationMode</name>
         <value>0x83d63</value>
         <object_component_ref idref="oc-b8"/>
      </symbol>
      <symbol id="sm-26b">
         <name>GPIO_setQualificationMode</name>
         <value>0x83b7b</value>
         <object_component_ref idref="oc-b2"/>
      </symbol>
      <symbol id="sm-26c">
         <name>GPIO_setPadConfig</name>
         <value>0x838dd</value>
         <object_component_ref idref="oc-ac"/>
      </symbol>
      <symbol id="sm-26d">
         <name>GPIO_setDirectionMode</name>
         <value>0x83be9</value>
         <object_component_ref idref="oc-be"/>
      </symbol>
      <symbol id="sm-26e">
         <name>GPIO_setPinConfig</name>
         <value>0x83b44</value>
         <object_component_ref idref="oc-a6"/>
      </symbol>
      <symbol id="sm-26f">
         <name>GPIO_setControllerCore</name>
         <value>0x83b0d</value>
         <object_component_ref idref="oc-c4"/>
      </symbol>
      <symbol id="sm-2be">
         <name>Interrupt_defaultHandler</name>
         <value>0x83e46</value>
         <object_component_ref idref="oc-4d"/>
      </symbol>
      <symbol id="sm-2bf">
         <name>Interrupt_initModule</name>
         <value>0x83ad0</value>
         <object_component_ref idref="oc-fb"/>
      </symbol>
      <symbol id="sm-2c0">
         <name>Interrupt_nmiHandler</name>
         <value>0x83f31</value>
         <object_component_ref idref="oc-5f"/>
      </symbol>
      <symbol id="sm-2c1">
         <name>Interrupt_enable</name>
         <value>0x83bb2</value>
         <object_component_ref idref="oc-ca"/>
      </symbol>
      <symbol id="sm-2c2">
         <name>Interrupt_initVectorTable</name>
         <value>0x83d28</value>
         <object_component_ref idref="oc-4e"/>
      </symbol>
      <symbol id="sm-2c3">
         <name>Interrupt_illegalOperationHandler</name>
         <value>0x83f27</value>
         <object_component_ref idref="oc-59"/>
      </symbol>
      <symbol id="sm-341">
         <name>SCI_clearInterruptStatus</name>
         <value>0x839c8</value>
         <object_component_ref idref="oc-91"/>
      </symbol>
      <symbol id="sm-342">
         <name>SCI_writeCharArray</name>
         <value>0x83a51</value>
         <object_component_ref idref="oc-8b"/>
      </symbol>
      <symbol id="sm-343">
         <name>SCI_setConfig</name>
         <value>0x83a92</value>
         <object_component_ref idref="oc-d0"/>
      </symbol>
      <symbol id="sm-344">
         <name>SCI_enableInterrupt</name>
         <value>0x83a0d</value>
         <object_component_ref idref="oc-d6"/>
      </symbol>
      <symbol id="sm-41d">
         <name>SysCtl_delay</name>
         <value>0x82c1</value>
         <object_component_ref idref="oc-1d7"/>
      </symbol>
      <symbol id="sm-41e">
         <name>SysCtl_getDeviceParametric</name>
         <value>0x83875</value>
         <object_component_ref idref="oc-145"/>
      </symbol>
      <symbol id="sm-41f">
         <name>SysCtl_selectXTAL</name>
         <value>0x8375d</value>
         <object_component_ref idref="oc-240"/>
      </symbol>
      <symbol id="sm-420">
         <name>SysCtl_selectOscSource</name>
         <value>0x83980</value>
         <object_component_ref idref="oc-1d1"/>
      </symbol>
      <symbol id="sm-421">
         <name>SysCtl_getLowSpeedClock</name>
         <value>0x83dce</value>
         <object_component_ref idref="oc-158"/>
      </symbol>
      <symbol id="sm-422">
         <name>SysCtl_setClock</name>
         <value>0x83554</value>
         <object_component_ref idref="oc-14b"/>
      </symbol>
      <symbol id="sm-423">
         <name>SysCtl_getClock</name>
         <value>0x8392f</value>
         <object_component_ref idref="oc-151"/>
      </symbol>
      <symbol id="sm-42d">
         <name>_c_int00</name>
         <value>0x83e2f</value>
         <object_component_ref idref="oc-f4"/>
      </symbol>
      <symbol id="sm-42e">
         <name>__stack</name>
         <value>0x400</value>
         <object_component_ref idref="oc-65"/>
      </symbol>
      <symbol id="sm-43b">
         <name>__c28xabi_divf</name>
         <value>0x837ed</value>
         <object_component_ref idref="oc-1de"/>
      </symbol>
      <symbol id="sm-44d">
         <name>memcpy</name>
         <value>0x83d46</value>
         <object_component_ref idref="oc-68"/>
      </symbol>
      <symbol id="sm-45a">
         <name>_system_pre_init</name>
         <value>0x83f76</value>
         <object_component_ref idref="oc-1a2"/>
      </symbol>
      <symbol id="sm-469">
         <name>__TI_auto_init_nobinit_nopinit</name>
         <value>0x83c4a</value>
         <object_component_ref idref="oc-1fc"/>
      </symbol>
      <symbol id="sm-478">
         <name>__TI_zero_init_nomemset</name>
         <value>0x83f03</value>
         <object_component_ref idref="oc-70"/>
      </symbol>
      <symbol id="sm-485">
         <name>__TI_decompress_none</name>
         <value>0x83f5f</value>
         <object_component_ref idref="oc-2c"/>
      </symbol>
      <symbol id="sm-499">
         <name>__TI_decompress_lzss</name>
         <value>0x83c1a</value>
         <object_component_ref idref="oc-26"/>
      </symbol>
      <symbol id="sm-4af">
         <name>C$$EXIT</name>
         <value>0x83c75</value>
         <object_component_ref idref="oc-1af"/>
      </symbol>
      <symbol id="sm-4b0">
         <name>abort</name>
         <value>0x83c75</value>
         <object_component_ref idref="oc-1af"/>
      </symbol>
      <symbol id="sm-4b1">
         <name>exit</name>
         <value>0x83c77</value>
         <object_component_ref idref="oc-1af"/>
      </symbol>
      <symbol id="sm-4b2">
         <name>__TI_dtors_ptr</name>
         <value>0xa984</value>
         <object_component_ref idref="oc-22e"/>
      </symbol>
      <symbol id="sm-4b3">
         <name>__TI_cleanup_ptr</name>
         <value>0xa982</value>
         <object_component_ref idref="oc-22e"/>
      </symbol>
      <symbol id="sm-4b4">
         <name>__TI_enable_exit_profile_output</name>
         <value>0xa980</value>
         <object_component_ref idref="oc-22e"/>
      </symbol>
      <symbol id="sm-4cb">
         <name>_nop</name>
         <value>0x83f56</value>
         <object_component_ref idref="oc-266"/>
      </symbol>
      <symbol id="sm-4cc">
         <name>_lock</name>
         <value>0xa986</value>
         <object_component_ref idref="oc-231"/>
      </symbol>
      <symbol id="sm-4cd">
         <name>_unlock</name>
         <value>0xa988</value>
         <object_component_ref idref="oc-2aa"/>
      </symbol>
      <symbol id="sm-4ce">
         <name>_register_lock</name>
         <value>0x83f52</value>
         <object_component_ref idref="oc-266"/>
      </symbol>
      <symbol id="sm-4cf">
         <name>_register_unlock</name>
         <value>0x83f4e</value>
         <object_component_ref idref="oc-266"/>
      </symbol>
      <symbol id="sm-4de">
         <name>_args_main</name>
         <value>0x83f10</value>
         <object_component_ref idref="oc-1a9"/>
      </symbol>
      <symbol id="sm-4ee">
         <name>strcmp</name>
         <value>0x83f3b</value>
         <object_component_ref idref="oc-10d"/>
      </symbol>
      <symbol id="sm-4fc">
         <name>strlen</name>
         <value>0x83f67</value>
         <object_component_ref idref="oc-107"/>
      </symbol>
      <symbol id="sm-50a">
         <name>_system_post_cinit</name>
         <value>0x83f78</value>
         <object_component_ref idref="oc-24c"/>
      </symbol>
      <symbol id="sm-50c">
         <name>__c_args__</name>
         <value>0x0</value>
      </symbol>
   </symbol_table>
   <title>Link successful</title>
</link_info>
