******************************************************************************
             TMS320C2000 Linker PC v22.6.1                     
******************************************************************************
>> Linked Fri Mar 28 13:11:41 2025

OUTPUT FILE NAME:   <PWM_delfino.out>
ENTRY POINT SYMBOL: "code_start"  address: 00000000


MEMORY CONFIGURATION

         name            origin    length      used     unused   attr    fill
----------------------  --------  ---------  --------  --------  ----  --------
PAGE 0:
  BEGIN                 00000000   00000002  00000002  00000000  RWIX
  RAMM0                 00000123   000002dd  00000026  000002b7  RWIX
  RAMLS0                00008000   00000800  00000000  00000800  RWIX
  RAMLS1                00008800   00000800  00000000  00000800  RWIX
  RAMLS2                00009000   00000800  00000000  00000800  RWIX
  RAMLS3                00009800   00000800  00000000  00000800  RWIX
  RAMLS4                0000a000   00000800  00000000  00000800  RWIX
  RAMD0                 0000b000   00000800  00000000  00000800  RWIX
  FLASHA                00080002   00001ffe  00000000  00001ffe  RWIX
  FLASHB                00082000   00002000  00000000  00002000  RWIX
  FLASHC                00084000   00002000  00000000  00002000  RWIX
  FLASHD                00086000   00002000  00000000  00002000  RWIX
  FLASHE                00088000   00008000  00000000  00008000  RWIX
  FLASHF                00090000   00008000  00000000  00008000  RWIX
  FLASHG                00098000   00008000  00000000  00008000  RWIX
  FLASHH                000a0000   00008000  00000000  00008000  RWIX
  FLASHI                000a8000   00008000  00000000  00008000  RWIX
  FLASHJ                000b0000   00008000  00000000  00008000  RWIX
  FLASHK                000b8000   00002000  00000000  00002000  RWIX
  FLASHL                000ba000   00002000  00000000  00002000  RWIX
  FLASHM                000bc000   00002000  00000000  00002000  RWIX
  FLASHN                000be000   00001ff0  00000000  00001ff0  RWIX
  RESET                 003fffc0   00000002  00000000  00000002  RWIX

PAGE 1:
  BOOT_RSVD             00000002   00000121  00000000  00000121  RWIX
  RAMM1                 00000400   000003f8  00000100  000002f8  RWIX
  RAMLS5                0000a800   00000800  000006d9  00000127  RWIX
  RAMD1                 0000b800   00000800  00000000  00000800  RWIX
  RAMGS0                0000c000   00001000  00000000  00001000  RWIX
  RAMGS1                0000d000   00001000  00000000  00001000  RWIX
  RAMGS2                0000e000   00001000  00000000  00001000  RWIX
  RAMGS3                0000f000   00001000  00001000  00000000  RWIX
  RAMGS4                00010000   00001000  00000f64  0000009c  RWIX
  RAMGS5                00011000   00001000  00000000  00001000  RWIX
  RAMGS6                00012000   00001000  00000000  00001000  RWIX
  RAMGS7                00013000   00001000  00000000  00001000  RWIX
  RAMGS8                00014000   00001000  00000000  00001000  RWIX
  RAMGS9                00015000   00001000  00000000  00001000  RWIX
  RAMGS10               00016000   00001000  00000000  00001000  RWIX
  RAMGS11               00017000   00001000  00000000  00001000  RWIX
  RAMGS12               00018000   00001000  00000000  00001000  RWIX
  RAMGS13               00019000   00001000  00000000  00001000  RWIX
  RAMGS14               0001a000   00001000  00000000  00001000  RWIX
  RAMGS15               0001b000   00000ff8  00000000  00000ff8  RWIX
  CPU2TOCPU1RAM         0003f800   00000400  00000000  00000400  RWIX
  CPU1TOCPU2RAM         0003fc00   00000400  00000000  00000400  RWIX
  CANA_MSG_RAM          00049000   00000800  00000000  00000800  RWIX
  CANB_MSG_RAM          0004b000   00000800  00000000  00000800  RWIX


SECTION ALLOCATION MAP

 output                                  attributes/
section   page    origin      length       input sections
--------  ----  ----------  ----------   ----------------
codestart 
*          0    00000000    00000002     
                  00000000    00000002     F2837xD_CodeStartBranch.obj (codestart)

.cinit     0    00000128    00000022     
                  00000128    0000000f     (.cinit..data.load) [load image, compression = lzss]
                  00000137    00000001     --HOLE-- [fill = 0]
                  00000138    00000006     (__TI_handler_table)
                  0000013e    00000004     (.cinit..bss.load) [load image, compression = zero_init]
                  00000142    00000008     (__TI_cinit_table)

.reset     0    003fffc0    00000000     DSECT

.stack     1    00000400    00000100     UNINITIALIZED
                  00000400    00000100     --HOLE--

.bss       1    0000ad50    00000170     UNINITIALIZED
                  0000ad50    00000100     lab_main.obj (.bss:rxBuffer)
                  0000ae50    00000032     lab_main.obj (.bss:AdcBuf)
                  0000ae82    00000032     lab_main.obj (.bss:AdcBufB)
                  0000aeb4    0000000c     lab_main.obj (.bss)

.init_array 
*          0    00000123    00000000     UNINITIALIZED

.const     1    0000a800    0000054f     
                  0000a800    000001ab     lab_main.obj (.const:.string)
                  0000a9ab    00000001     --HOLE-- [fill = 0]
                  0000a9ac    000000f7     board.obj (.const:.string)
                  0000aaa3    00000001     --HOLE-- [fill = 0]
                  0000aaa4    000000c2     driverlib_eabi.lib : sysctl.obj (.const:.string)
                  0000ab66    000000bc                        : gpio.obj (.const:.string)
                  0000ac22    000000bb                        : sci.obj (.const:.string)
                  0000acdd    00000001     --HOLE-- [fill = 0]
                  0000acde    0000005e                        : ecap.obj (.const:.string)
                  0000ad3c    00000013     device.obj (.const:.string)

.data      1    0000aec0    0000001a     UNINITIALIZED
                  0000aec0    0000000a     lab_main.obj (.data)
                  0000aeca    00000006     device.obj (.data)
                  0000aed0    00000006     rts2800_fpu32_eabi.lib : exit.c.obj (.data)
                  0000aed6    00000002                            : _lock.c.obj (.data:_lock)
                  0000aed8    00000002                            : _lock.c.obj (.data:_unlock)

.TI.ramfunc 
*          0    00000123    00000004     
                  00000123    00000004     driverlib_eabi.lib : sysctl.obj (.TI.ramfunc)

GETBUFFER 
*          0    0003f800    00000000     DSECT

GETWRITEIDX 
*          0    0003f800    00000000     DSECT

PUTREADIDX 
*          0    0003f800    00000000     DSECT

.text.1    1    0000f000    00001000     
                  0000f000    00000a72     board.obj (.text)
                  0000fa72    000003fd     device.obj (.text)
                  0000fe6f    000000c1     lab_main.obj (.text:retain)
                  0000ff30    00000090     driverlib_eabi.lib : sysctl.obj (.text:SysCtl_selectXTAL)
                  0000ffc0    0000003e                        : sci.obj (.text:SCI_setConfig)
                  0000fffe    00000002     rts2800_fpu32_eabi.lib : pre_init.c.obj (.text)

.text.2    1    00010000    00000f64     
                  00010000    0000060f     lab_main.obj (.text)
                  0001060f    00000209     driverlib_eabi.lib : sysctl.obj (.text:SysCtl_setClock)
                  00010818    00000088     rts2800_fpu32_eabi.lib : fs_div28.asm.obj (.text)
                  000108a0    00000068     driverlib_eabi.lib : sysctl.obj (.text:SysCtl_getDeviceParametric)
                  00010908    00000052                        : gpio.obj (.text:GPIO_setPadConfig)
                  0001095a    00000051                        : sysctl.obj (.text:SysCtl_getClock)
                  000109ab    00000048                        : sysctl.obj (.text:SysCtl_selectOscSource)
                  000109f3    00000045                        : sci.obj (.text:SCI_clearInterruptStatus)
                  00010a38    00000044                        : sci.obj (.text:SCI_enableInterrupt)
                  00010a7c    00000041                        : sci.obj (.text:SCI_writeCharArray)
                  00010abd    0000003d                        : interrupt.obj (.text:Interrupt_initModule)
                  00010afa    00000037                        : gpio.obj (.text:GPIO_setControllerCore)
                  00010b31    00000037                        : gpio.obj (.text:GPIO_setPinConfig)
                  00010b68    00000037                        : gpio.obj (.text:GPIO_setQualificationMode)
                  00010b9f    00000037                        : interrupt.obj (.text:Interrupt_enable)
                  00010bd6    00000031                        : gpio.obj (.text:GPIO_setDirectionMode)
                  00010c07    00000030     rts2800_fpu32_eabi.lib : copy_decompress_lzss.c.obj (.text:decompress:lzss)
                  00010c37    0000002b                            : autoinit.c.obj (.text:__TI_auto_init_nobinit_nopinit)
                  00010c62    00000029                            : exit.c.obj (.text)
                  00010c8b    00000028     driverlib_eabi.lib : sysctl.obj (.text:CPUTimer_selectClockSource)
                  00010cb3    00000023                        : ecap.obj (.text:ECAP_isBaseValid)
                  00010cd6    00000020                        : sci.obj (.text:SCI_isFIFOEnabled)
                  00010cf6    0000001f                        : sysctl.obj (.text:CPUTimer_getTimerOverflowStatus)
                  00010d15    0000001e                        : interrupt.obj (.text:Interrupt_initVectorTable)
                  00010d33    0000001d     rts2800_fpu32_eabi.lib : memcpy.c.obj (.text)
                  00010d50    0000001c     driverlib_eabi.lib : ecap.obj (.text:ECAP_setEmulationMode)
                  00010d6c    0000001b                        : sci.obj (.text:SCI_isBaseValid)
                  00010d87    0000001a                        : sysctl.obj (.text:CPUTimer_startTimer)
                  00010da1    0000001a                        : sci.obj (.text:SCI_isSpaceAvailableNonFIFO)
                  00010dbb    0000001a                        : sysctl.obj (.text:SysCtl_getLowSpeedClock)
                  00010dd5    00000018                        : sci.obj (.text:SCI_disableModule)
                  00010ded    00000018                        : sci.obj (.text:SCI_performSoftwareReset)
                  00010e05    00000017                        : sysctl.obj (.text:CPUTimer_isBaseValid)
                  00010e1c    00000017     rts2800_fpu32_eabi.lib : boot28.asm.obj (.text)
                  00010e33    00000016     driverlib_eabi.lib : interrupt.obj (.text:Interrupt_defaultHandler)
                  00010e49    00000014                        : sysctl.obj (.text:CPUTimer_stopTimer)
                  00010e5d    00000014                        : sci.obj (.text:SCI_getTxFIFOStatus)
                  00010e71    00000013                        : sci.obj (.text:SCI_enableModule)
                  00010e84    00000012                        : sysctl.obj (.text:CPUTimer_clearOverflowFlag)
                  00010e96    00000012                        : sysctl.obj (.text:CPUTimer_disableInterrupt)
                  00010ea8    00000011                        : sysctl.obj (.text:CPUTimer_setPeriod)
                  00010eb9    0000000f                        : sysctl.obj (.text:SysCtl_pollCpuTimer)
                  00010ec8    0000000e                        : gpio.obj (.text:GPIO_isPinValid)
                  00010ed6    0000000d                        : interrupt.obj (.text:Interrupt_disableGlobal)
                  00010ee3    0000000d                        : interrupt.obj (.text:Interrupt_enableGlobal)
                  00010ef0    0000000d     rts2800_fpu32_eabi.lib : copy_zero_init.c.obj (.text:decompress:ZI:__TI_zero_init_nomemset)
                  00010efd    0000000c                            : args_main.c.obj (.text)
                  00010f09    0000000b     driverlib_eabi.lib : sysctl.obj (.text:SysCtl_isMCDClockFailureDetected)
                  00010f14    0000000a                        : interrupt.obj (.text:Interrupt_illegalOperationHandler)
                  00010f1e    0000000a                        : interrupt.obj (.text:Interrupt_nmiHandler)
                  00010f28    0000000a     rts2800_fpu32_eabi.lib : strcmp.c.obj (.text)
                  00010f32    00000009     driverlib_eabi.lib : sysctl.obj (.text:SysCtl_serviceWatchdog)
                  00010f3b    00000009     rts2800_fpu32_eabi.lib : _lock.c.obj (.text)
                  00010f44    00000008     F2837xD_CodeStartBranch.obj (.text)
                  00010f4c    00000008     rts2800_fpu32_eabi.lib : copy_decompress_none.c.obj (.text:decompress:none)
                  00010f54    00000008                            : strlen.c.obj (.text)
                  00010f5c    00000007     driverlib_eabi.lib : sysctl.obj (.text:SysCtl_resetMCD)
                  00010f63    00000001     rts2800_fpu32_eabi.lib : startup.c.obj (.text)

MODULE SUMMARY

       Module                        code   ro data   rw data
       ------                        ----   -------   -------
    .\
       lab_main.obj                  1744   427       378    
    +--+-----------------------------+------+---------+---------+
       Total:                        1744   427       378    
                                                             
    .\device\
       device.obj                    1021   19        6      
       F2837xD_CodeStartBranch.obj   10     0         0      
    +--+-----------------------------+------+---------+---------+
       Total:                        1031   19        6      
                                                             
    .\syscfg\
       board.obj                     2674   247       0      
    +--+-----------------------------+------+---------+---------+
       Total:                        2674   247       0      
                                                             
    C:\ti\C2000Ware_5_04_00_00\driverlib\f2837xd\driverlib\ccs\Debug\driverlib_eabi.lib
       sysctl.obj                    1187   194       0      
       sci.obj                       436    187       0      
       gpio.obj                      310    188       0      
       interrupt.obj                 214    0         0      
       ecap.obj                      63     94        0      
    +--+-----------------------------+------+---------+---------+
       Total:                        2210   663       0      
                                                             
    C:\ti\ccs2002\ccs\tools\compiler\ti-cgt-c2000_22.6.1.LTS\lib\rts2800_fpu32_eabi.lib
       fs_div28.asm.obj              136    0         0      
       copy_decompress_lzss.c.obj    48     0         0      
       exit.c.obj                    41     0         6      
       autoinit.c.obj                43     0         0      
       memcpy.c.obj                  29     0         0      
       boot28.asm.obj                23     0         0      
       _lock.c.obj                   9      0         4      
       copy_zero_init.c.obj          13     0         0      
       args_main.c.obj               12     0         0      
       strcmp.c.obj                  10     0         0      
       copy_decompress_none.c.obj    8      0         0      
       strlen.c.obj                  8      0         0      
       pre_init.c.obj                2      0         0      
       startup.c.obj                 1      0         0      
    +--+-----------------------------+------+---------+---------+
       Total:                        383    0         10     
                                                             
       Stack:                        0      0         256    
       Linker Generated:             0      33        0      
    +--+-----------------------------+------+---------+---------+
       Grand Total:                  8042   1389      650    


LINKER GENERATED COPY TABLES

__TI_cinit_table @ 00000142 records: 2, size/record: 4, table size: 8
	.data: load addr=00000128, load size=0000000f bytes, run addr=0000aec0, run size=0000001a bytes, compression=lzss
	.bss: load addr=0000013e, load size=00000004 bytes, run addr=0000ad50, run size=00000170 bytes, compression=zero_init


LINKER GENERATED HANDLER TABLE

__TI_handler_table @ 00000138 records: 3, size/record: 2, table size: 6
	index: 0, handler: __TI_zero_init
	index: 1, handler: __TI_decompress_lzss
	index: 2, handler: __TI_decompress_none


GLOBAL DATA SYMBOLS: SORTED BY DATA PAGE

address     data page           name
--------    ----------------    ----
00000400      10 (00000400)     __stack

0000ad50     2b5 (0000ad40)     rxBuffer

0000ae50     2b9 (0000ae40)     AdcBuf

0000ae82     2ba (0000ae80)     AdcBufB
0000aeb4     2ba (0000ae80)     ePwm_TimeBase
0000aeb6     2ba (0000ae80)     ePwm_MinDuty
0000aeb8     2ba (0000ae80)     ePwm_MaxDuty
0000aeba     2ba (0000ae80)     ePwm_curDuty
0000aebc     2ba (0000ae80)     eCapPwmDuty
0000aebe     2ba (0000ae80)     eCapPwmPeriod

0000aec0     2bb (0000aec0)     LedCtr
0000aec1     2bb (0000aec0)     DutyModOn
0000aec2     2bb (0000aec0)     DutyModDir
0000aec3     2bb (0000aec0)     DutyModCtr
0000aec4     2bb (0000aec0)     rxIndex
0000aec5     2bb (0000aec0)     flagRxComplete
0000aec6     2bb (0000aec0)     AdcBufPtr
0000aec8     2bb (0000aec0)     AdcBufPtrB
0000aeca     2bb (0000aec0)     Example_Result
0000aecc     2bb (0000aec0)     Example_PassCount
0000aece     2bb (0000aec0)     Example_Fail
0000aed0     2bb (0000aec0)     __TI_enable_exit_profile_output
0000aed2     2bb (0000aec0)     __TI_cleanup_ptr
0000aed4     2bb (0000aec0)     __TI_dtors_ptr
0000aed6     2bb (0000aec0)     _lock
0000aed8     2bb (0000aec0)     _unlock


GLOBAL SYMBOLS: SORTED ALPHABETICALLY BY Name 

page  address   name                                     
----  -------   ----                                     
1     0000ae50  AdcBuf                                   
1     0000ae82  AdcBufB                                  
1     0000aec6  AdcBufPtr                                
1     0000aec8  AdcBufPtrB                               
1     0000f592  Board_init                               
1     00010c62  C$$EXIT                                  
1     0000fce3  Device_bootCPU2                          
1     0000fcb2  Device_configureTMXAnalogTrim            
1     0000fb60  Device_enableAllPeripherals              
1     0000fc9c  Device_enableUnbondedGPIOPullups         
1     0000fc7f  Device_enableUnbondedGPIOPullupsFor100Pin
1     0000fc6c  Device_enableUnbondedGPIOPullupsFor176Pin
1     0000fb20  Device_init                              
1     0000fc4b  Device_initGPIO                          
1     0000aec3  DutyModCtr                               
1     0000aec2  DutyModDir                               
1     0000aec1  DutyModOn                                
1     0000f63c  ECAP_init                                
1     00010d50  ECAP_setEmulationMode                    
1     0000f6b4  EPWM_init                                
1     0000aece  Example_Fail                             
1     0000aecc  Example_PassCount                        
1     0000aeca  Example_Result                           
1     0000fe6e  Example_done                             
1     0000fe69  Example_setResultFail                    
1     0000fe64  Example_setResultPass                    
1     0000f9c0  GPIO_init                                
1     00010afa  GPIO_setControllerCore                   
1     00010bd6  GPIO_setDirectionMode                    
1     00010908  GPIO_setPadConfig                        
1     00010b31  GPIO_setPinConfig                        
1     00010b68  GPIO_setQualificationMode                
1     0000f9ed  INPUTXBAR_init                           
1     0000f9f5  INTERRUPT_init                           
1     0000fe6f  INT_mySCIA_RX_ISR                        
1     00010e33  Interrupt_defaultHandler                 
1     00010b9f  Interrupt_enable                         
1     00010f14  Interrupt_illegalOperationHandler        
1     00010abd  Interrupt_initModule                     
1     00010d15  Interrupt_initVectorTable                
1     00010f1e  Interrupt_nmiHandler                     
1     0000aec0  LedCtr                                   
1     0000f5a5  PinMux_init                              
1     000109f3  SCI_clearInterruptStatus                 
1     00010a38  SCI_enableInterrupt                      
1     0000fa0e  SCI_init                                 
1     0000ffc0  SCI_setConfig                            
1     00010a7c  SCI_writeCharArray                       
1     0000fa54  SYNC_init                                
0     00000123  SysCtl_delay                             
1     0001095a  SysCtl_getClock                          
1     000108a0  SysCtl_getDeviceParametric               
1     00010dbb  SysCtl_getLowSpeedClock                  
1     000109ab  SysCtl_selectOscSource                   
1     0000ff30  SysCtl_selectXTAL                        
1     0001060f  SysCtl_setClock                          
0     00000142  __TI_CINIT_Base                          
0     0000014a  __TI_CINIT_Limit                         
0     0000014a  __TI_CINIT_Warm                          
0     00000138  __TI_Handler_Table_Base                  
0     0000013e  __TI_Handler_Table_Limit                 
1     00000500  __TI_STACK_END                           
abs   00000100  __TI_STACK_SIZE                          
1     00010c37  __TI_auto_init_nobinit_nopinit           
1     0000aed2  __TI_cleanup_ptr                         
1     00010c07  __TI_decompress_lzss                     
1     00010f4c  __TI_decompress_none                     
1     0000aed4  __TI_dtors_ptr                           
1     0000aed0  __TI_enable_exit_profile_output          
abs   ffffffff  __TI_pprof_out_hndl                      
abs   ffffffff  __TI_prof_data_size                      
abs   ffffffff  __TI_prof_data_start                     
1     00010ef0  __TI_zero_init_nomemset                  
1     00010818  __c28xabi_divf                           
n/a   UNDEFED   __c_args__                               
1     0000fe5d  __error__                                
1     00000400  __stack                                  
1     00010efd  _args_main                               
1     00010e1c  _c_int00                                 
1     0000aed6  _lock                                    
1     00010f43  _nop                                     
1     00010f3f  _register_lock                           
1     00010f3b  _register_unlock                         
1     00010f63  _system_post_cinit                       
1     0000fffe  _system_pre_init                         
1     0000aed8  _unlock                                  
1     00010c62  abort                                    
0     00000000  code_start                               
1     0000aebc  eCapPwmDuty                              
1     0000aebe  eCapPwmPeriod                            
1     0000aeb8  ePwm_MaxDuty                             
1     0000aeb6  ePwm_MinDuty                             
1     0000aeb4  ePwm_TimeBase                            
1     0000aeba  ePwm_curDuty                             
1     0000fed6  ecap1ISR                                 
1     00010c64  exit                                     
1     000102cf  extractDeadp1                            
1     00010311  extractDeadp2                            
1     00010353  extractDeads1                            
1     00010395  extractDeads2                            
1     0001028d  extractDelay                             
1     0001024b  extractFrequency                         
1     000103d7  extractSync                              
1     0000aec5  flagRxComplete                           
1     00010419  main                                     
1     00010d33  memcpy                                   
1     0000f9c5  myBoardLED0_GPIO_init                    
1     0000f9d9  myBoardLED1_GPIO_init                    
1     0000f63f  myECAP0_init                             
1     0000f9f0  myINPUTXBARINPUT0_init                   
1     0000fa11  mySCIA_init                              
1     0000ad50  rxBuffer                                 
1     0000aec4  rxIndex                                  
1     00010f28  strcmp                                   
1     00010f54  strlen                                   


GLOBAL SYMBOLS: SORTED BY Symbol Address 

page  address   name                                     
----  -------   ----                                     
0     00000000  code_start                               
0     00000123  SysCtl_delay                             
0     00000138  __TI_Handler_Table_Base                  
0     0000013e  __TI_Handler_Table_Limit                 
0     00000142  __TI_CINIT_Base                          
0     0000014a  __TI_CINIT_Limit                         
0     0000014a  __TI_CINIT_Warm                          
1     00000400  __stack                                  
1     00000500  __TI_STACK_END                           
1     0000ad50  rxBuffer                                 
1     0000ae50  AdcBuf                                   
1     0000ae82  AdcBufB                                  
1     0000aeb4  ePwm_TimeBase                            
1     0000aeb6  ePwm_MinDuty                             
1     0000aeb8  ePwm_MaxDuty                             
1     0000aeba  ePwm_curDuty                             
1     0000aebc  eCapPwmDuty                              
1     0000aebe  eCapPwmPeriod                            
1     0000aec0  LedCtr                                   
1     0000aec1  DutyModOn                                
1     0000aec2  DutyModDir                               
1     0000aec3  DutyModCtr                               
1     0000aec4  rxIndex                                  
1     0000aec5  flagRxComplete                           
1     0000aec6  AdcBufPtr                                
1     0000aec8  AdcBufPtrB                               
1     0000aeca  Example_Result                           
1     0000aecc  Example_PassCount                        
1     0000aece  Example_Fail                             
1     0000aed0  __TI_enable_exit_profile_output          
1     0000aed2  __TI_cleanup_ptr                         
1     0000aed4  __TI_dtors_ptr                           
1     0000aed6  _lock                                    
1     0000aed8  _unlock                                  
1     0000f592  Board_init                               
1     0000f5a5  PinMux_init                              
1     0000f63c  ECAP_init                                
1     0000f63f  myECAP0_init                             
1     0000f6b4  EPWM_init                                
1     0000f9c0  GPIO_init                                
1     0000f9c5  myBoardLED0_GPIO_init                    
1     0000f9d9  myBoardLED1_GPIO_init                    
1     0000f9ed  INPUTXBAR_init                           
1     0000f9f0  myINPUTXBARINPUT0_init                   
1     0000f9f5  INTERRUPT_init                           
1     0000fa0e  SCI_init                                 
1     0000fa11  mySCIA_init                              
1     0000fa54  SYNC_init                                
1     0000fb20  Device_init                              
1     0000fb60  Device_enableAllPeripherals              
1     0000fc4b  Device_initGPIO                          
1     0000fc6c  Device_enableUnbondedGPIOPullupsFor176Pin
1     0000fc7f  Device_enableUnbondedGPIOPullupsFor100Pin
1     0000fc9c  Device_enableUnbondedGPIOPullups         
1     0000fcb2  Device_configureTMXAnalogTrim            
1     0000fce3  Device_bootCPU2                          
1     0000fe5d  __error__                                
1     0000fe64  Example_setResultPass                    
1     0000fe69  Example_setResultFail                    
1     0000fe6e  Example_done                             
1     0000fe6f  INT_mySCIA_RX_ISR                        
1     0000fed6  ecap1ISR                                 
1     0000ff30  SysCtl_selectXTAL                        
1     0000ffc0  SCI_setConfig                            
1     0000fffe  _system_pre_init                         
1     0001024b  extractFrequency                         
1     0001028d  extractDelay                             
1     000102cf  extractDeadp1                            
1     00010311  extractDeadp2                            
1     00010353  extractDeads1                            
1     00010395  extractDeads2                            
1     000103d7  extractSync                              
1     00010419  main                                     
1     0001060f  SysCtl_setClock                          
1     00010818  __c28xabi_divf                           
1     000108a0  SysCtl_getDeviceParametric               
1     00010908  GPIO_setPadConfig                        
1     0001095a  SysCtl_getClock                          
1     000109ab  SysCtl_selectOscSource                   
1     000109f3  SCI_clearInterruptStatus                 
1     00010a38  SCI_enableInterrupt                      
1     00010a7c  SCI_writeCharArray                       
1     00010abd  Interrupt_initModule                     
1     00010afa  GPIO_setControllerCore                   
1     00010b31  GPIO_setPinConfig                        
1     00010b68  GPIO_setQualificationMode                
1     00010b9f  Interrupt_enable                         
1     00010bd6  GPIO_setDirectionMode                    
1     00010c07  __TI_decompress_lzss                     
1     00010c37  __TI_auto_init_nobinit_nopinit           
1     00010c62  C$$EXIT                                  
1     00010c62  abort                                    
1     00010c64  exit                                     
1     00010d15  Interrupt_initVectorTable                
1     00010d33  memcpy                                   
1     00010d50  ECAP_setEmulationMode                    
1     00010dbb  SysCtl_getLowSpeedClock                  
1     00010e1c  _c_int00                                 
1     00010e33  Interrupt_defaultHandler                 
1     00010ef0  __TI_zero_init_nomemset                  
1     00010efd  _args_main                               
1     00010f14  Interrupt_illegalOperationHandler        
1     00010f1e  Interrupt_nmiHandler                     
1     00010f28  strcmp                                   
1     00010f3b  _register_unlock                         
1     00010f3f  _register_lock                           
1     00010f43  _nop                                     
1     00010f4c  __TI_decompress_none                     
1     00010f54  strlen                                   
1     00010f63  _system_post_cinit                       
abs   00000100  __TI_STACK_SIZE                          
abs   ffffffff  __TI_pprof_out_hndl                      
abs   ffffffff  __TI_prof_data_size                      
abs   ffffffff  __TI_prof_data_start                     
n/a   UNDEFED   __c_args__                               

[115 symbols]
