******************************************************************************
             TMS320C2000 Linker PC v22.6.1                     
******************************************************************************
>> Linked Mon Mar 31 15:51:31 2025

OUTPUT FILE NAME:   <PWM_delfino.out>
ENTRY POINT SYMBOL: "code_start"  address: 00080000


MEMORY CONFIGURATION

         name            origin    length      used     unused   attr    fill
----------------------  --------  ---------  --------  --------  ----  --------
PAGE 0:
  RAMM0                 00000123   000002dd  00000000  000002dd  RWIX
  RAMLS0                00008000   00000800  000002a0  00000560  RWIX
  RAMLS1                00008800   00000800  00000000  00000800  RWIX
  RAMLS2                00009000   00000800  00000000  00000800  RWIX
  RAMLS3                00009800   00000800  00000000  00000800  RWIX
  RAMLS4                0000a000   00000800  00000000  00000800  RWIX
  RAMD0                 0000b000   00000800  00000000  00000800  RWIX
  RAMGS14               0001a000   00001000  00000000  00001000  RWIX
  RAMGS15               0001b000   00000ff8  00000000  00000ff8  RWIX
  BEGIN                 00080000   00000002  00000002  00000000  RWIX
  FLASHA                00080002   00001ffe  00000000  00001ffe  RWIX
  FLASHB                00082000   00002000  00001dd1  0000022f  RWIX
  FLASHC                00084000   00002000  00000000  00002000  RWIX
  FLASHD                00086000   00002000  00000000  00002000  RWIX
  FLASHE                00088000   00008000  00000000  00008000  RWIX
  FLASHF                00090000   00008000  000004e7  00007b19  RWIX
  FLASHG                00098000   00008000  00000000  00008000  RWIX
  FLASHH                000a0000   00008000  00000000  00008000  RWIX
  FLASHI                000a8000   00008000  00000000  00008000  RWIX
  FLASHJ                000b0000   00008000  00000000  00008000  RWIX
  FLASHK                000b8000   00002000  00000000  00002000  RWIX
  FLASHL                000ba000   00002000  00000000  00002000  RWIX
  FLASHM                000bc000   00002000  00000000  00002000  RWIX
  FLASHN                000be000   00001ff0  00000000  00001ff0  RWIX
  RESET                 003fffc0   00000002  00000000  00000002  RWIX

PAGE 1:
  BOOT_RSVD             00000002   00000121  00000000  00000121  RWIX
  RAMM1                 00000400   000003f8  00000100  000002f8  RWIX
  RAMLS5                0000a800   00000800  00000188  00000678  RWIX
  RAMD1                 0000b800   00000800  00000000  00000800  RWIX
  RAMGS0                0000c000   00001000  00000000  00001000  RWIX
  RAMGS1                0000d000   00001000  00000000  00001000  RWIX
  RAMGS2                0000e000   00001000  00000000  00001000  RWIX
  RAMGS3                0000f000   00001000  00000000  00001000  RWIX
  RAMGS4                00010000   00001000  00000000  00001000  RWIX
  RAMGS5                00011000   00001000  00000000  00001000  RWIX
  RAMGS6                00012000   00001000  00000000  00001000  RWIX
  RAMGS7                00013000   00001000  00000000  00001000  RWIX
  RAMGS8                00014000   00001000  00000000  00001000  RWIX
  RAMGS9                00015000   00001000  00000000  00001000  RWIX
  RAMGS10               00016000   00001000  00000000  00001000  RWIX
  RAMGS11               00017000   00001000  00000000  00001000  RWIX
  RAMGS12               00018000   00001000  00000000  00001000  RWIX
  RAMGS13               00019000   00001000  00000000  00001000  RWIX
  CPU2TOCPU1RAM         0003f800   00000400  00000000  00000400  RWIX
  CPU1TOCPU2RAM         0003fc00   00000400  00000000  00000400  RWIX


SECTION ALLOCATION MAP

 output                                  attributes/
section   page    origin      length       input sections
--------  ----  ----------  ----------   ----------------
codestart 
*          0    00080000    00000002     
                  00080000    00000002     F2837xD_CodeStartBranch.obj (codestart)

.cinit     0    00083db8    00000020     
                  00083db8    0000000e     (.cinit..data.load) [load image, compression = lzss]
                  00083dc6    00000006     (__TI_handler_table)
                  00083dcc    00000004     (.cinit..bss.load) [load image, compression = zero_init]
                  00083dd0    00000008     (__TI_cinit_table)

.stack     1    00000400    00000100     UNINITIALIZED
                  00000400    00000100     --HOLE--

.reset     0    003fffc0    00000000     DSECT

.TI.ramfunc 
*          0    00082000    000002a0     RUN ADDR = 00008000
                  00082000    00000222     lab_main.obj (.TI.ramfunc)
                  00082222    0000007a     lab_main.obj (.TI.ramfunc:retain)
                  0008229c    00000004     driverlib_eabi.lib : sysctl.obj (.TI.ramfunc)

.init_array 
*          0    00082000    00000000     UNINITIALIZED

.bss       1    0000a800    0000016e     UNINITIALIZED
                  0000a800    00000100     lab_main.obj (.bss:rxBuffer)
                  0000a900    00000032     lab_main.obj (.bss:AdcBuf)
                  0000a932    00000032     lab_main.obj (.bss:AdcBufB)
                  0000a964    0000000a     lab_main.obj (.bss)

.data      1    0000a96e    0000001a     UNINITIALIZED
                  0000a96e    0000000a     lab_main.obj (.data)
                  0000a978    00000006     device.obj (.data)
                  0000a97e    00000002     rts2800_fpu32_eabi.lib : _lock.c.obj (.data:_lock)
                  0000a980    00000006                            : exit.c.obj (.data)
                  0000a986    00000002                            : _lock.c.obj (.data:_unlock)

.const     0    00090000    000004e7     
                  00090000    000001e0     lab_main.obj (.const:.string)
                  000901e0    000000c2     driverlib_eabi.lib : sysctl.obj (.const:.string)
                  000902a2    000000bc                        : gpio.obj (.const:.string)
                  0009035e    000000bb                        : sci.obj (.const:.string)
                  00090419    00000001     --HOLE-- [fill = 0]
                  0009041a    000000b9     board.obj (.const:.string)
                  000904d3    00000001     --HOLE-- [fill = 0]
                  000904d4    00000013     device.obj (.const:.string)

.TI.ramfunc 
*          0    00008000    00000000     UNINITIALIZED

GETBUFFER 
*          0    0003f800    00000000     DSECT

GETWRITEIDX 
*          0    0003f800    00000000     DSECT

PUTREADIDX 
*          0    0003f800    00000000     DSECT

.text      0    000822a0    00001b11     
                  000822a0    00000866     board.obj (.text)
                  00082b06    000004c8     lab_main.obj (.text)
                  00082fce    000003fd     device.obj (.text)
                  000833cb    00000209     driverlib_eabi.lib : sysctl.obj (.text:SysCtl_setClock)
                  000835d4    00000090                        : sysctl.obj (.text:SysCtl_selectXTAL)
                  00083664    00000088     rts2800_fpu32_eabi.lib : fs_div28.asm.obj (.text)
                  000836ec    00000068     driverlib_eabi.lib : sysctl.obj (.text:SysCtl_getDeviceParametric)
                  00083754    00000052                        : gpio.obj (.text:GPIO_setPadConfig)
                  000837a6    00000051                        : sysctl.obj (.text:SysCtl_getClock)
                  000837f7    00000048                        : sysctl.obj (.text:SysCtl_selectOscSource)
                  0008383f    00000045                        : sci.obj (.text:SCI_clearInterruptStatus)
                  00083884    00000044                        : sci.obj (.text:SCI_enableInterrupt)
                  000838c8    00000041                        : sci.obj (.text:SCI_writeCharArray)
                  00083909    0000003e                        : sci.obj (.text:SCI_setConfig)
                  00083947    0000003d                        : interrupt.obj (.text:Interrupt_initModule)
                  00083984    00000037                        : gpio.obj (.text:GPIO_setControllerCore)
                  000839bb    00000037                        : gpio.obj (.text:GPIO_setPinConfig)
                  000839f2    00000037                        : gpio.obj (.text:GPIO_setQualificationMode)
                  00083a29    00000037                        : interrupt.obj (.text:Interrupt_enable)
                  00083a60    00000031                        : gpio.obj (.text:GPIO_setDirectionMode)
                  00083a91    00000030     rts2800_fpu32_eabi.lib : copy_decompress_lzss.c.obj (.text:decompress:lzss)
                  00083ac1    0000002b                            : autoinit.c.obj (.text:__TI_auto_init_nobinit_nopinit)
                  00083aec    00000029                            : exit.c.obj (.text)
                  00083b15    00000028     driverlib_eabi.lib : sysctl.obj (.text:CPUTimer_selectClockSource)
                  00083b3d    00000020                        : sci.obj (.text:SCI_isFIFOEnabled)
                  00083b5d    0000001f                        : sysctl.obj (.text:CPUTimer_getTimerOverflowStatus)
                  00083b7c    0000001e                        : interrupt.obj (.text:Interrupt_initVectorTable)
                  00083b9a    0000001d     rts2800_fpu32_eabi.lib : memcpy.c.obj (.text)
                  00083bb7    0000001b     driverlib_eabi.lib : sci.obj (.text:SCI_isBaseValid)
                  00083bd2    0000001a                        : sysctl.obj (.text:CPUTimer_startTimer)
                  00083bec    0000001a                        : sci.obj (.text:SCI_isSpaceAvailableNonFIFO)
                  00083c06    0000001a                        : sysctl.obj (.text:SysCtl_getLowSpeedClock)
                  00083c20    00000018                        : sci.obj (.text:SCI_disableModule)
                  00083c38    00000018                        : sci.obj (.text:SCI_performSoftwareReset)
                  00083c50    00000017                        : sysctl.obj (.text:CPUTimer_isBaseValid)
                  00083c67    00000017     rts2800_fpu32_eabi.lib : boot28.asm.obj (.text)
                  00083c7e    00000016     driverlib_eabi.lib : interrupt.obj (.text:Interrupt_defaultHandler)
                  00083c94    00000014                        : sysctl.obj (.text:CPUTimer_stopTimer)
                  00083ca8    00000014                        : sci.obj (.text:SCI_getTxFIFOStatus)
                  00083cbc    00000013                        : sci.obj (.text:SCI_enableModule)
                  00083ccf    00000012                        : sysctl.obj (.text:CPUTimer_clearOverflowFlag)
                  00083ce1    00000012                        : sysctl.obj (.text:CPUTimer_disableInterrupt)
                  00083cf3    00000011                        : sysctl.obj (.text:CPUTimer_setPeriod)
                  00083d04    0000000f                        : sysctl.obj (.text:SysCtl_pollCpuTimer)
                  00083d13    0000000e                        : gpio.obj (.text:GPIO_isPinValid)
                  00083d21    0000000d                        : interrupt.obj (.text:Interrupt_disableGlobal)
                  00083d2e    0000000d                        : interrupt.obj (.text:Interrupt_enableGlobal)
                  00083d3b    0000000d     rts2800_fpu32_eabi.lib : copy_zero_init.c.obj (.text:decompress:ZI:__TI_zero_init_nomemset)
                  00083d48    0000000c                            : args_main.c.obj (.text)
                  00083d54    0000000b     driverlib_eabi.lib : sysctl.obj (.text:SysCtl_isMCDClockFailureDetected)
                  00083d5f    0000000a                        : interrupt.obj (.text:Interrupt_illegalOperationHandler)
                  00083d69    0000000a                        : interrupt.obj (.text:Interrupt_nmiHandler)
                  00083d73    0000000a     rts2800_fpu32_eabi.lib : strcmp.c.obj (.text)
                  00083d7d    00000009     driverlib_eabi.lib : sysctl.obj (.text:SysCtl_serviceWatchdog)
                  00083d86    00000009     rts2800_fpu32_eabi.lib : _lock.c.obj (.text)
                  00083d8f    00000008     F2837xD_CodeStartBranch.obj (.text)
                  00083d97    00000008     rts2800_fpu32_eabi.lib : copy_decompress_none.c.obj (.text:decompress:none)
                  00083d9f    00000008                            : strlen.c.obj (.text)
                  00083da7    00000007     driverlib_eabi.lib : sysctl.obj (.text:SysCtl_resetMCD)
                  00083dae    00000002     rts2800_fpu32_eabi.lib : pre_init.c.obj (.text)
                  00083db0    00000001                            : startup.c.obj (.text)

MODULE SUMMARY

       Module                        code   ro data   rw data
       ------                        ----   -------   -------
    .\
       lab_main.obj                  2560   480       376    
    +--+-----------------------------+------+---------+---------+
       Total:                        2560   480       376    
                                                             
    .\device\
       device.obj                    1021   19        6      
       F2837xD_CodeStartBranch.obj   10     0         0      
    +--+-----------------------------+------+---------+---------+
       Total:                        1031   19        6      
                                                             
    .\syscfg\
       board.obj                     2150   185       0      
    +--+-----------------------------+------+---------+---------+
       Total:                        2150   185       0      
                                                             
    C:\ti\C2000Ware_5_04_00_00\driverlib\f2837xd\driverlib\ccs\Debug\driverlib_eabi.lib
       sysctl.obj                    1191   194       0      
       sci.obj                       436    187       0      
       gpio.obj                      310    188       0      
       interrupt.obj                 214    0         0      
    +--+-----------------------------+------+---------+---------+
       Total:                        2151   569       0      
                                                             
    C:\ti\ccs2002\ccs\tools\compiler\ti-cgt-c2000_22.6.1.LTS\lib\rts2800_fpu32_eabi.lib
       fs_div28.asm.obj              136    0         0      
       copy_decompress_lzss.c.obj    48     0         0      
       exit.c.obj                    41     0         6      
       autoinit.c.obj                43     0         0      
       memcpy.c.obj                  29     0         0      
       boot28.asm.obj                23     0         0      
       _lock.c.obj                   9      0         4      
       copy_zero_init.c.obj          13     0         0      
       args_main.c.obj               12     0         0      
       strcmp.c.obj                  10     0         0      
       copy_decompress_none.c.obj    8      0         0      
       strlen.c.obj                  8      0         0      
       pre_init.c.obj                2      0         0      
       startup.c.obj                 1      0         0      
    +--+-----------------------------+------+---------+---------+
       Total:                        383    0         10     
                                                             
       Stack:                        0      0         256    
       Linker Generated:             0      32        0      
    +--+-----------------------------+------+---------+---------+
       Grand Total:                  8275   1285      648    


LINKER GENERATED COPY TABLES

__TI_cinit_table @ 00083dd0 records: 2, size/record: 4, table size: 8
	.data: load addr=00083db8, load size=0000000e bytes, run addr=0000a96e, run size=0000001a bytes, compression=lzss
	.bss: load addr=00083dcc, load size=00000004 bytes, run addr=0000a800, run size=0000016e bytes, compression=zero_init


LINKER GENERATED HANDLER TABLE

__TI_handler_table @ 00083dc6 records: 3, size/record: 2, table size: 6
	index: 0, handler: __TI_zero_init
	index: 1, handler: __TI_decompress_lzss
	index: 2, handler: __TI_decompress_none


GLOBAL DATA SYMBOLS: SORTED BY DATA PAGE

address     data page           name
--------    ----------------    ----
00000400      10 (00000400)     __stack

0000a800     2a0 (0000a800)     rxBuffer

0000a900     2a4 (0000a900)     AdcBuf
0000a932     2a4 (0000a900)     AdcBufB

0000a964     2a5 (0000a940)     rxStatus
0000a965     2a5 (0000a940)     receivedChar
0000a966     2a5 (0000a940)     ePwm_TimeBase
0000a968     2a5 (0000a940)     ePwm_MinDuty
0000a96a     2a5 (0000a940)     ePwm_MaxDuty
0000a96c     2a5 (0000a940)     ePwm_curDuty
0000a96e     2a5 (0000a940)     LedCtr
0000a96f     2a5 (0000a940)     DutyModOn
0000a970     2a5 (0000a940)     DutyModDir
0000a971     2a5 (0000a940)     DutyModCtr
0000a972     2a5 (0000a940)     rxIndex
0000a973     2a5 (0000a940)     flagRxComplete
0000a974     2a5 (0000a940)     AdcBufPtr
0000a976     2a5 (0000a940)     AdcBufPtrB
0000a978     2a5 (0000a940)     Example_Result
0000a97a     2a5 (0000a940)     Example_PassCount
0000a97c     2a5 (0000a940)     Example_Fail
0000a97e     2a5 (0000a940)     _lock

0000a980     2a6 (0000a980)     __TI_enable_exit_profile_output
0000a982     2a6 (0000a980)     __TI_cleanup_ptr
0000a984     2a6 (0000a980)     __TI_dtors_ptr
0000a986     2a6 (0000a980)     _unlock


GLOBAL SYMBOLS: SORTED ALPHABETICALLY BY Name 

page  address   name                                     
----  -------   ----                                     
1     0000a900  AdcBuf                                   
1     0000a932  AdcBufB                                  
1     0000a974  AdcBufPtr                                
1     0000a976  AdcBufPtrB                               
0     0008268e  Board_init                               
0     00083aec  C$$EXIT                                  
0     0008323f  Device_bootCPU2                          
0     0008320e  Device_configureTMXAnalogTrim            
0     000830bc  Device_enableAllPeripherals              
0     000831f8  Device_enableUnbondedGPIOPullups         
0     000831db  Device_enableUnbondedGPIOPullupsFor100Pin
0     000831c8  Device_enableUnbondedGPIOPullupsFor176Pin
0     0008307c  Device_init                              
0     000831a7  Device_initGPIO                          
1     0000a971  DutyModCtr                               
1     0000a970  DutyModDir                               
1     0000a96f  DutyModOn                                
0     0008273a  EPWM_init                                
1     0000a97c  Example_Fail                             
1     0000a97a  Example_PassCount                        
1     0000a978  Example_Result                           
0     000833ca  Example_done                             
0     000833c5  Example_setResultFail                    
0     000833c0  Example_setResultPass                    
0     00082a4a  GPIO_init                                
0     00083984  GPIO_setControllerCore                   
0     00083a60  GPIO_setDirectionMode                    
0     00083754  GPIO_setPadConfig                        
0     000839bb  GPIO_setPinConfig                        
0     000839f2  GPIO_setQualificationMode                
0     00082a8d  INPUTXBAR_init                           
0     00082a95  INTERRUPT_init                           
0     00008222  INT_mySCIA_RX_ISR                        
0     00083c7e  Interrupt_defaultHandler                 
0     00083a29  Interrupt_enable                         
0     00083d5f  Interrupt_illegalOperationHandler        
0     00083947  Interrupt_initModule                     
0     00083b7c  Interrupt_initVectorTable                
0     00083d69  Interrupt_nmiHandler                     
1     0000a96e  LedCtr                                   
0     0008269f  PinMux_init                              
0     00008000  RamfuncsLoadEnd                          
abs   00000000  RamfuncsLoadSize                         
0     00008000  RamfuncsLoadStart                        
0     00008000  RamfuncsRunEnd                           
abs   00000000  RamfuncsRunSize                          
0     00008000  RamfuncsRunStart                         
0     0008383f  SCI_clearInterruptStatus                 
0     00083884  SCI_enableInterrupt                      
0     00082aa2  SCI_init                                 
0     00083909  SCI_setConfig                            
0     000838c8  SCI_writeCharArray                       
0     00082ae8  SYNC_init                                
0     0000829c  SysCtl_delay                             
0     000837a6  SysCtl_getClock                          
0     000836ec  SysCtl_getDeviceParametric               
0     00083c06  SysCtl_getLowSpeedClock                  
0     000837f7  SysCtl_selectOscSource                   
0     000835d4  SysCtl_selectXTAL                        
0     000833cb  SysCtl_setClock                          
0     000822a0  _RamfuncsLoadEnd                         
0     00082000  _RamfuncsLoadStart                       
0     00008000  _RamfuncsRunStart                        
0     00083dd0  __TI_CINIT_Base                          
0     00083dd8  __TI_CINIT_Limit                         
0     00083dd8  __TI_CINIT_Warm                          
0     00083dc6  __TI_Handler_Table_Base                  
0     00083dcc  __TI_Handler_Table_Limit                 
1     00000500  __TI_STACK_END                           
abs   00000100  __TI_STACK_SIZE                          
0     00083ac1  __TI_auto_init_nobinit_nopinit           
1     0000a982  __TI_cleanup_ptr                         
0     00083a91  __TI_decompress_lzss                     
0     00083d97  __TI_decompress_none                     
1     0000a984  __TI_dtors_ptr                           
1     0000a980  __TI_enable_exit_profile_output          
abs   ffffffff  __TI_pprof_out_hndl                      
abs   ffffffff  __TI_prof_data_size                      
abs   ffffffff  __TI_prof_data_start                     
0     00083d3b  __TI_zero_init_nomemset                  
0     00083664  __c28xabi_divf                           
n/a   UNDEFED   __c_args__                               
0     000833b9  __error__                                
1     00000400  __stack                                  
0     00083d48  _args_main                               
0     00083c67  _c_int00                                 
1     0000a97e  _lock                                    
0     00083d8e  _nop                                     
0     00083d8a  _register_lock                           
0     00083d86  _register_unlock                         
0     00083db0  _system_post_cinit                       
0     00083dae  _system_pre_init                         
1     0000a986  _unlock                                  
0     00083aec  abort                                    
0     00080000  code_start                               
0     00082ceb  delayCycles                              
1     0000a96a  ePwm_MaxDuty                             
1     0000a968  ePwm_MinDuty                             
1     0000a966  ePwm_TimeBase                            
1     0000a96c  ePwm_curDuty                             
0     00083aee  exit                                     
0     000080d8  extractDeadp1                            
0     0000811a  extractDeadp2                            
0     0000815c  extractDeads1                            
0     0000819e  extractDeads2                            
0     00008096  extractDelay                             
0     00008054  extractFrequency                         
0     000081e0  extractSync                              
1     0000a973  flagRxComplete                           
0     00082d18  main                                     
0     00083b9a  memcpy                                   
0     00082a65  myBoardLED0_GPIO_init                    
0     00082a79  myBoardLED1_GPIO_init                    
0     00082a51  myGPIO_SE_init                           
0     00082a90  myINPUTXBARINPUT0_init                   
0     00082aa5  mySCIA_init                              
1     0000a965  receivedChar                             
1     0000a800  rxBuffer                                 
1     0000a972  rxIndex                                  
1     0000a964  rxStatus                                 
0     00082cfa  setPWMOutputState                        
0     00083d73  strcmp                                   
0     00083d9f  strlen                                   


GLOBAL SYMBOLS: SORTED BY Symbol Address 

page  address   name                                     
----  -------   ----                                     
0     00008000  RamfuncsLoadEnd                          
0     00008000  RamfuncsLoadStart                        
0     00008000  RamfuncsRunEnd                           
0     00008000  RamfuncsRunStart                         
0     00008000  _RamfuncsRunStart                        
0     00008054  extractFrequency                         
0     00008096  extractDelay                             
0     000080d8  extractDeadp1                            
0     0000811a  extractDeadp2                            
0     0000815c  extractDeads1                            
0     0000819e  extractDeads2                            
0     000081e0  extractSync                              
0     00008222  INT_mySCIA_RX_ISR                        
0     0000829c  SysCtl_delay                             
0     00080000  code_start                               
0     00082000  _RamfuncsLoadStart                       
0     000822a0  _RamfuncsLoadEnd                         
0     0008268e  Board_init                               
0     0008269f  PinMux_init                              
0     0008273a  EPWM_init                                
0     00082a4a  GPIO_init                                
0     00082a51  myGPIO_SE_init                           
0     00082a65  myBoardLED0_GPIO_init                    
0     00082a79  myBoardLED1_GPIO_init                    
0     00082a8d  INPUTXBAR_init                           
0     00082a90  myINPUTXBARINPUT0_init                   
0     00082a95  INTERRUPT_init                           
0     00082aa2  SCI_init                                 
0     00082aa5  mySCIA_init                              
0     00082ae8  SYNC_init                                
0     00082ceb  delayCycles                              
0     00082cfa  setPWMOutputState                        
0     00082d18  main                                     
0     0008307c  Device_init                              
0     000830bc  Device_enableAllPeripherals              
0     000831a7  Device_initGPIO                          
0     000831c8  Device_enableUnbondedGPIOPullupsFor176Pin
0     000831db  Device_enableUnbondedGPIOPullupsFor100Pin
0     000831f8  Device_enableUnbondedGPIOPullups         
0     0008320e  Device_configureTMXAnalogTrim            
0     0008323f  Device_bootCPU2                          
0     000833b9  __error__                                
0     000833c0  Example_setResultPass                    
0     000833c5  Example_setResultFail                    
0     000833ca  Example_done                             
0     000833cb  SysCtl_setClock                          
0     000835d4  SysCtl_selectXTAL                        
0     00083664  __c28xabi_divf                           
0     000836ec  SysCtl_getDeviceParametric               
0     00083754  GPIO_setPadConfig                        
0     000837a6  SysCtl_getClock                          
0     000837f7  SysCtl_selectOscSource                   
0     0008383f  SCI_clearInterruptStatus                 
0     00083884  SCI_enableInterrupt                      
0     000838c8  SCI_writeCharArray                       
0     00083909  SCI_setConfig                            
0     00083947  Interrupt_initModule                     
0     00083984  GPIO_setControllerCore                   
0     000839bb  GPIO_setPinConfig                        
0     000839f2  GPIO_setQualificationMode                
0     00083a29  Interrupt_enable                         
0     00083a60  GPIO_setDirectionMode                    
0     00083a91  __TI_decompress_lzss                     
0     00083ac1  __TI_auto_init_nobinit_nopinit           
0     00083aec  C$$EXIT                                  
0     00083aec  abort                                    
0     00083aee  exit                                     
0     00083b7c  Interrupt_initVectorTable                
0     00083b9a  memcpy                                   
0     00083c06  SysCtl_getLowSpeedClock                  
0     00083c67  _c_int00                                 
0     00083c7e  Interrupt_defaultHandler                 
0     00083d3b  __TI_zero_init_nomemset                  
0     00083d48  _args_main                               
0     00083d5f  Interrupt_illegalOperationHandler        
0     00083d69  Interrupt_nmiHandler                     
0     00083d73  strcmp                                   
0     00083d86  _register_unlock                         
0     00083d8a  _register_lock                           
0     00083d8e  _nop                                     
0     00083d97  __TI_decompress_none                     
0     00083d9f  strlen                                   
0     00083dae  _system_pre_init                         
0     00083db0  _system_post_cinit                       
0     00083dc6  __TI_Handler_Table_Base                  
0     00083dcc  __TI_Handler_Table_Limit                 
0     00083dd0  __TI_CINIT_Base                          
0     00083dd8  __TI_CINIT_Limit                         
0     00083dd8  __TI_CINIT_Warm                          
1     00000400  __stack                                  
1     00000500  __TI_STACK_END                           
1     0000a800  rxBuffer                                 
1     0000a900  AdcBuf                                   
1     0000a932  AdcBufB                                  
1     0000a964  rxStatus                                 
1     0000a965  receivedChar                             
1     0000a966  ePwm_TimeBase                            
1     0000a968  ePwm_MinDuty                             
1     0000a96a  ePwm_MaxDuty                             
1     0000a96c  ePwm_curDuty                             
1     0000a96e  LedCtr                                   
1     0000a96f  DutyModOn                                
1     0000a970  DutyModDir                               
1     0000a971  DutyModCtr                               
1     0000a972  rxIndex                                  
1     0000a973  flagRxComplete                           
1     0000a974  AdcBufPtr                                
1     0000a976  AdcBufPtrB                               
1     0000a978  Example_Result                           
1     0000a97a  Example_PassCount                        
1     0000a97c  Example_Fail                             
1     0000a97e  _lock                                    
1     0000a980  __TI_enable_exit_profile_output          
1     0000a982  __TI_cleanup_ptr                         
1     0000a984  __TI_dtors_ptr                           
1     0000a986  _unlock                                  
abs   00000000  RamfuncsLoadSize                         
abs   00000000  RamfuncsRunSize                          
abs   00000100  __TI_STACK_SIZE                          
abs   ffffffff  __TI_pprof_out_hndl                      
abs   ffffffff  __TI_prof_data_size                      
abs   ffffffff  __TI_prof_data_start                     
n/a   UNDEFED   __c_args__                               

[123 symbols]
