******************************************************************************
             TMS320C2000 Linker PC v22.6.1                     
******************************************************************************
>> Linked Mon Mar 24 12:40:28 2025

OUTPUT FILE NAME:   <epwm_ecap_lp_f2837xd.out>
ENTRY POINT SYMBOL: "code_start"  address: 00000000


MEMORY CONFIGURATION

         name            origin    length      used     unused   attr    fill
----------------------  --------  ---------  --------  --------  ----  --------
PAGE 0:
  BEGIN                 00000000   00000002  00000002  00000000  RWIX
  RAMM0                 00000123   000002dd  00000024  000002b9  RWIX
  RAMLS0                00008000   00000800  00000000  00000800  RWIX
  RAMLS1                00008800   00000800  00000000  00000800  RWIX
  RAMLS2                00009000   00000800  00000000  00000800  RWIX
  RAMLS3                00009800   00000800  00000000  00000800  RWIX
  RAMLS4                0000a000   00000800  00000000  00000800  RWIX
  RAMD0                 0000b000   00000800  00000000  00000800  RWIX
  FLASHA                00080002   00001ffe  00000000  00001ffe  RWIX
  FLASHB                00082000   00002000  00000000  00002000  RWIX
  FLASHC                00084000   00002000  00000000  00002000  RWIX
  FLASHD                00086000   00002000  00000000  00002000  RWIX
  FLASHE                00088000   00008000  00000000  00008000  RWIX
  FLASHF                00090000   00008000  00000000  00008000  RWIX
  FLASHG                00098000   00008000  00000000  00008000  RWIX
  FLASHH                000a0000   00008000  00000000  00008000  RWIX
  FLASHI                000a8000   00008000  00000000  00008000  RWIX
  FLASHJ                000b0000   00008000  00000000  00008000  RWIX
  FLASHK                000b8000   00002000  00000000  00002000  RWIX
  FLASHL                000ba000   00002000  00000000  00002000  RWIX
  FLASHM                000bc000   00002000  00000000  00002000  RWIX
  FLASHN                000be000   00001ff0  00000000  00001ff0  RWIX
  RESET                 003fffc0   00000002  00000000  00000002  RWIX

PAGE 1:
  BOOT_RSVD             00000002   00000121  00000000  00000121  RWIX
  RAMM1                 00000400   000003f8  00000100  000002f8  RWIX
  RAMLS5                0000a800   00000800  00000791  0000006f  RWIX
  RAMD1                 0000b800   00000800  00000000  00000800  RWIX
  RAMGS0                0000c000   00001000  00000000  00001000  RWIX
  RAMGS1                0000d000   00001000  00000000  00001000  RWIX
  RAMGS2                0000e000   00001000  00000000  00001000  RWIX
  RAMGS3                0000f000   00001000  00000fff  00000001  RWIX
  RAMGS4                00010000   00001000  00000f6f  00000091  RWIX
  RAMGS5                00011000   00001000  00000000  00001000  RWIX
  RAMGS6                00012000   00001000  00000000  00001000  RWIX
  RAMGS7                00013000   00001000  00000000  00001000  RWIX
  RAMGS8                00014000   00001000  00000000  00001000  RWIX
  RAMGS9                00015000   00001000  00000000  00001000  RWIX
  RAMGS10               00016000   00001000  00000000  00001000  RWIX
  RAMGS11               00017000   00001000  00000000  00001000  RWIX
  RAMGS12               00018000   00001000  00000000  00001000  RWIX
  RAMGS13               00019000   00001000  00000000  00001000  RWIX
  RAMGS14               0001a000   00001000  00000000  00001000  RWIX
  RAMGS15               0001b000   00000ff8  00000000  00000ff8  RWIX
  CPU2TOCPU1RAM         0003f800   00000400  00000000  00000400  RWIX
  CPU1TOCPU2RAM         0003fc00   00000400  00000000  00000400  RWIX
  CANA_MSG_RAM          00049000   00000800  00000000  00000800  RWIX
  CANB_MSG_RAM          0004b000   00000800  00000000  00000800  RWIX


SECTION ALLOCATION MAP

 output                                  attributes/
section   page    origin      length       input sections
--------  ----  ----------  ----------   ----------------
codestart 
*          0    00000000    00000002     
                  00000000    00000002     F2837xD_CodeStartBranch.obj (codestart)

.cinit     0    00000128    00000020     
                  00000128    0000000e     (.cinit..data.load) [load image, compression = lzss]
                  00000136    00000006     (__TI_handler_table)
                  0000013c    00000004     (.cinit..bss.load) [load image, compression = zero_init]
                  00000140    00000008     (__TI_cinit_table)

.reset     0    003fffc0    00000000     DSECT

.stack     1    00000400    00000100     UNINITIALIZED
                  00000400    00000100     --HOLE--

.bss       1    0000ae08    00000170     UNINITIALIZED
                  0000ae08    00000100     lab_main.obj (.bss:rxBuffer)
                  0000af08    00000032     lab_main.obj (.bss:AdcBuf)
                  0000af3a    00000032     lab_main.obj (.bss:AdcBufB)
                  0000af6c    0000000c     lab_main.obj (.bss)

.init_array 
*          0    00000123    00000000     UNINITIALIZED

.const     1    0000a800    00000607     
                  0000a800    000001c7     lab_main.obj (.const:.string)
                  0000a9c7    00000001     --HOLE-- [fill = 0]
                  0000a9c8    00000135     board.obj (.const:.string)
                  0000aafd    00000001     --HOLE-- [fill = 0]
                  0000aafe    000000c2     driverlib_eabi.lib : sysctl.obj (.const:.string)
                  0000abc0    000000bc                        : gpio.obj (.const:.string)
                  0000ac7c    000000bb                        : sci.obj (.const:.string)
                  0000ad37    00000001     --HOLE-- [fill = 0]
                  0000ad38    0000005e                        : ecap.obj (.const:.string)
                  0000ad96    0000005d                        : adc.obj (.const:.string)
                  0000adf3    00000001     --HOLE-- [fill = 0]
                  0000adf4    00000013     device.obj (.const:.string)

.data      1    0000af78    0000001a     UNINITIALIZED
                  0000af78    00000006     device.obj (.data)
                  0000af7e    00000002     rts2800_fpu32_eabi.lib : _lock.c.obj (.data:_lock)
                  0000af80    0000000a     lab_main.obj (.data)
                  0000af8a    00000006     rts2800_fpu32_eabi.lib : exit.c.obj (.data)
                  0000af90    00000002                            : _lock.c.obj (.data:_unlock)

.TI.ramfunc 
*          0    00000123    00000004     
                  00000123    00000004     driverlib_eabi.lib : sysctl.obj (.TI.ramfunc)

GETBUFFER 
*          0    0003f800    00000000     DSECT

GETWRITEIDX 
*          0    0003f800    00000000     DSECT

PUTREADIDX 
*          0    0003f800    00000000     DSECT

.text.1    1    0000f000    00000fff     
                  0000f000    00000b77     board.obj (.text)
                  0000fb77    000003fd     device.obj (.text)
                  0000ff74    00000088     rts2800_fpu32_eabi.lib : fs_div28.asm.obj (.text)
                  0000fffc    00000002                            : pre_init.c.obj (.text)
                  0000fffe    00000001                            : startup.c.obj (.text)

.text.2    1    00010000    00000f6f     
                  00010000    00000364     lab_main.obj (.text)
                  00010364    00000209     driverlib_eabi.lib : sysctl.obj (.text:SysCtl_setClock)
                  0001056d    00000158     lab_main.obj (.text:retain)
                  000106c5    00000090     driverlib_eabi.lib : sysctl.obj (.text:SysCtl_selectXTAL)
                  00010755    0000006f                        : adc.obj (.text:ADC_setINLTrim)
                  000107c4    00000068                        : sysctl.obj (.text:SysCtl_getDeviceParametric)
                  0001082c    00000060                        : adc.obj (.text:ADC_setOffsetTrim)
                  0001088c    00000052                        : gpio.obj (.text:GPIO_setPadConfig)
                  000108de    00000051                        : sysctl.obj (.text:SysCtl_getClock)
                  0001092f    00000048                        : sysctl.obj (.text:SysCtl_selectOscSource)
                  00010977    00000045                        : sci.obj (.text:SCI_clearInterruptStatus)
                  000109bc    00000044                        : sci.obj (.text:SCI_enableInterrupt)
                  00010a00    00000041                        : sci.obj (.text:SCI_writeCharArray)
                  00010a41    0000003e                        : sci.obj (.text:SCI_setConfig)
                  00010a7f    0000003d                        : interrupt.obj (.text:Interrupt_initModule)
                  00010abc    00000037                        : gpio.obj (.text:GPIO_setControllerCore)
                  00010af3    00000037                        : gpio.obj (.text:GPIO_setPinConfig)
                  00010b2a    00000037                        : gpio.obj (.text:GPIO_setQualificationMode)
                  00010b61    00000037                        : interrupt.obj (.text:Interrupt_enable)
                  00010b98    00000031                        : gpio.obj (.text:GPIO_setDirectionMode)
                  00010bc9    00000030     rts2800_fpu32_eabi.lib : copy_decompress_lzss.c.obj (.text:decompress:lzss)
                  00010bf9    0000002f     driverlib_eabi.lib : adc.obj (.text:ADC_setMode)
                  00010c28    0000002b     rts2800_fpu32_eabi.lib : autoinit.c.obj (.text:__TI_auto_init_nobinit_nopinit)
                  00010c53    00000029                            : exit.c.obj (.text)
                  00010c7c    00000028     driverlib_eabi.lib : sysctl.obj (.text:CPUTimer_selectClockSource)
                  00010ca4    00000023                        : ecap.obj (.text:ECAP_isBaseValid)
                  00010cc7    00000020                        : sci.obj (.text:SCI_isFIFOEnabled)
                  00010ce7    0000001f                        : sysctl.obj (.text:CPUTimer_getTimerOverflowStatus)
                  00010d06    0000001e                        : interrupt.obj (.text:Interrupt_initVectorTable)
                  00010d24    0000001d     rts2800_fpu32_eabi.lib : memcpy.c.obj (.text)
                  00010d41    0000001c     driverlib_eabi.lib : ecap.obj (.text:ECAP_setEmulationMode)
                  00010d5d    0000001b                        : adc.obj (.text:ADC_isBaseValid)
                  00010d78    0000001b                        : sci.obj (.text:SCI_isBaseValid)
                  00010d93    0000001a                        : sysctl.obj (.text:CPUTimer_startTimer)
                  00010dad    0000001a                        : sci.obj (.text:SCI_isSpaceAvailableNonFIFO)
                  00010dc7    0000001a                        : sysctl.obj (.text:SysCtl_getLowSpeedClock)
                  00010de1    00000018                        : sci.obj (.text:SCI_disableModule)
                  00010df9    00000018                        : sci.obj (.text:SCI_performSoftwareReset)
                  00010e11    00000017                        : sysctl.obj (.text:CPUTimer_isBaseValid)
                  00010e28    00000017     rts2800_fpu32_eabi.lib : boot28.asm.obj (.text)
                  00010e3f    00000016     driverlib_eabi.lib : interrupt.obj (.text:Interrupt_defaultHandler)
                  00010e55    00000014                        : sysctl.obj (.text:CPUTimer_stopTimer)
                  00010e69    00000014                        : sci.obj (.text:SCI_getTxFIFOStatus)
                  00010e7d    00000013                        : sci.obj (.text:SCI_enableModule)
                  00010e90    00000012                        : sysctl.obj (.text:CPUTimer_clearOverflowFlag)
                  00010ea2    00000012                        : sysctl.obj (.text:CPUTimer_disableInterrupt)
                  00010eb4    00000011                        : sysctl.obj (.text:CPUTimer_setPeriod)
                  00010ec5    0000000f                        : sysctl.obj (.text:SysCtl_pollCpuTimer)
                  00010ed4    0000000e                        : gpio.obj (.text:GPIO_isPinValid)
                  00010ee2    0000000d                        : interrupt.obj (.text:Interrupt_disableGlobal)
                  00010eef    0000000d                        : interrupt.obj (.text:Interrupt_enableGlobal)
                  00010efc    0000000d     rts2800_fpu32_eabi.lib : copy_zero_init.c.obj (.text:decompress:ZI:__TI_zero_init_nomemset)
                  00010f09    0000000c                            : args_main.c.obj (.text)
                  00010f15    0000000b     driverlib_eabi.lib : sysctl.obj (.text:SysCtl_isMCDClockFailureDetected)
                  00010f20    0000000a                        : interrupt.obj (.text:Interrupt_illegalOperationHandler)
                  00010f2a    0000000a                        : interrupt.obj (.text:Interrupt_nmiHandler)
                  00010f34    0000000a     rts2800_fpu32_eabi.lib : strcmp.c.obj (.text)
                  00010f3e    00000009     driverlib_eabi.lib : sysctl.obj (.text:SysCtl_serviceWatchdog)
                  00010f47    00000009     rts2800_fpu32_eabi.lib : _lock.c.obj (.text)
                  00010f50    00000008     F2837xD_CodeStartBranch.obj (.text)
                  00010f58    00000008     rts2800_fpu32_eabi.lib : copy_decompress_none.c.obj (.text:decompress:none)
                  00010f60    00000008                            : strlen.c.obj (.text)
                  00010f68    00000007     driverlib_eabi.lib : sysctl.obj (.text:SysCtl_resetMCD)

MODULE SUMMARY

       Module                        code   ro data   rw data
       ------                        ----   -------   -------
    .\
       lab_main.obj                  1212   455       378    
    +--+-----------------------------+------+---------+---------+
       Total:                        1212   455       378    
                                                             
    .\device\
       device.obj                    1021   19        6      
       F2837xD_CodeStartBranch.obj   10     0         0      
    +--+-----------------------------+------+---------+---------+
       Total:                        1031   19        6      
                                                             
    .\syscfg\
       board.obj                     2935   309       0      
    +--+-----------------------------+------+---------+---------+
       Total:                        2935   309       0      
                                                             
    C:\ti\C2000Ware_5_04_00_00\driverlib\f2837xd\driverlib\ccs\Debug\driverlib_eabi.lib
       sysctl.obj                    1187   194       0      
       sci.obj                       436    187       0      
       gpio.obj                      310    188       0      
       adc.obj                       281    93        0      
       interrupt.obj                 214    0         0      
       ecap.obj                      63     94        0      
    +--+-----------------------------+------+---------+---------+
       Total:                        2491   756       0      
                                                             
    C:\ti\ccs2002\ccs\tools\compiler\ti-cgt-c2000_22.6.1.LTS\lib\rts2800_fpu32_eabi.lib
       fs_div28.asm.obj              136    0         0      
       copy_decompress_lzss.c.obj    48     0         0      
       exit.c.obj                    41     0         6      
       autoinit.c.obj                43     0         0      
       memcpy.c.obj                  29     0         0      
       boot28.asm.obj                23     0         0      
       _lock.c.obj                   9      0         4      
       copy_zero_init.c.obj          13     0         0      
       args_main.c.obj               12     0         0      
       strcmp.c.obj                  10     0         0      
       copy_decompress_none.c.obj    8      0         0      
       strlen.c.obj                  8      0         0      
       pre_init.c.obj                2      0         0      
       startup.c.obj                 1      0         0      
    +--+-----------------------------+------+---------+---------+
       Total:                        383    0         10     
                                                             
       Stack:                        0      0         256    
       Linker Generated:             0      32        0      
    +--+-----------------------------+------+---------+---------+
       Grand Total:                  8052   1571      650    


LINKER GENERATED COPY TABLES

__TI_cinit_table @ 00000140 records: 2, size/record: 4, table size: 8
	.data: load addr=00000128, load size=0000000e bytes, run addr=0000af78, run size=0000001a bytes, compression=lzss
	.bss: load addr=0000013c, load size=00000004 bytes, run addr=0000ae08, run size=00000170 bytes, compression=zero_init


LINKER GENERATED HANDLER TABLE

__TI_handler_table @ 00000136 records: 3, size/record: 2, table size: 6
	index: 0, handler: __TI_zero_init
	index: 1, handler: __TI_decompress_lzss
	index: 2, handler: __TI_decompress_none


GLOBAL DATA SYMBOLS: SORTED BY DATA PAGE

address     data page           name
--------    ----------------    ----
00000400      10 (00000400)     __stack

0000ae08     2b8 (0000ae00)     rxBuffer

0000af08     2bc (0000af00)     AdcBuf
0000af3a     2bc (0000af00)     AdcBufB

0000af6c     2bd (0000af40)     ePwm_TimeBase
0000af6e     2bd (0000af40)     ePwm_MinDuty
0000af70     2bd (0000af40)     ePwm_MaxDuty
0000af72     2bd (0000af40)     ePwm_curDuty
0000af74     2bd (0000af40)     eCapPwmDuty
0000af76     2bd (0000af40)     eCapPwmPeriod
0000af78     2bd (0000af40)     Example_Result
0000af7a     2bd (0000af40)     Example_PassCount
0000af7c     2bd (0000af40)     Example_Fail
0000af7e     2bd (0000af40)     _lock

0000af80     2be (0000af80)     LedCtr
0000af81     2be (0000af80)     DutyModOn
0000af82     2be (0000af80)     DutyModDir
0000af83     2be (0000af80)     DutyModCtr
0000af84     2be (0000af80)     rxIndex
0000af85     2be (0000af80)     flagRxComplete
0000af86     2be (0000af80)     AdcBufPtr
0000af88     2be (0000af80)     AdcBufPtrB
0000af8a     2be (0000af80)     __TI_enable_exit_profile_output
0000af8c     2be (0000af80)     __TI_cleanup_ptr
0000af8e     2be (0000af80)     __TI_dtors_ptr
0000af90     2be (0000af80)     _unlock


GLOBAL SYMBOLS: SORTED ALPHABETICALLY BY Name 

page  address   name                                     
----  -------   ----                                     
1     0000f824  ADC_init                                 
1     00010755  ADC_setINLTrim                           
1     00010bf9  ADC_setMode                              
1     0001082c  ADC_setOffsetTrim                        
1     0000af08  AdcBuf                                   
1     0000af3a  AdcBufB                                  
1     0000af86  AdcBufPtr                                
1     0000af88  AdcBufPtrB                               
1     0000f7b0  Board_init                               
1     00010c53  C$$EXIT                                  
1     0000fde8  Device_bootCPU2                          
1     0000fdb7  Device_configureTMXAnalogTrim            
1     0000fc65  Device_enableAllPeripherals              
1     0000fda1  Device_enableUnbondedGPIOPullups         
1     0000fd84  Device_enableUnbondedGPIOPullupsFor100Pin
1     0000fd71  Device_enableUnbondedGPIOPullupsFor176Pin
1     0000fc25  Device_init                              
1     0000fd50  Device_initGPIO                          
1     0000af83  DutyModCtr                               
1     0000af82  DutyModDir                               
1     0000af81  DutyModOn                                
1     0000f8ba  ECAP_init                                
1     00010d41  ECAP_setEmulationMode                    
1     0000f932  EPWM_init                                
1     0000af7c  Example_Fail                             
1     0000af7a  Example_PassCount                        
1     0000af78  Example_Result                           
1     0000ff73  Example_done                             
1     0000ff6e  Example_setResultFail                    
1     0000ff69  Example_setResultPass                    
1     0000fab9  GPIO_init                                
1     00010abc  GPIO_setControllerCore                   
1     00010b98  GPIO_setDirectionMode                    
1     0001088c  GPIO_setPadConfig                        
1     00010af3  GPIO_setPinConfig                        
1     00010b2a  GPIO_setQualificationMode                
1     0000fae6  INPUTXBAR_init                           
1     0000faee  INTERRUPT_init                           
1     0001056d  INT_mySCIA_RX_ISR                        
1     00010e3f  Interrupt_defaultHandler                 
1     00010b61  Interrupt_enable                         
1     00010f20  Interrupt_illegalOperationHandler        
1     00010a7f  Interrupt_initModule                     
1     00010d06  Interrupt_initVectorTable                
1     00010f2a  Interrupt_nmiHandler                     
1     0000af80  LedCtr                                   
1     0000f7c5  PinMux_init                              
1     00010977  SCI_clearInterruptStatus                 
1     000109bc  SCI_enableInterrupt                      
1     0000fb13  SCI_init                                 
1     00010a41  SCI_setConfig                            
1     00010a00  SCI_writeCharArray                       
1     0000fb59  SYNC_init                                
0     00000123  SysCtl_delay                             
1     000108de  SysCtl_getClock                          
1     000107c4  SysCtl_getDeviceParametric               
1     00010dc7  SysCtl_getLowSpeedClock                  
1     0001092f  SysCtl_selectOscSource                   
1     000106c5  SysCtl_selectXTAL                        
1     00010364  SysCtl_setClock                          
0     00000140  __TI_CINIT_Base                          
0     00000148  __TI_CINIT_Limit                         
0     00000148  __TI_CINIT_Warm                          
0     00000136  __TI_Handler_Table_Base                  
0     0000013c  __TI_Handler_Table_Limit                 
1     00000500  __TI_STACK_END                           
abs   00000100  __TI_STACK_SIZE                          
1     00010c28  __TI_auto_init_nobinit_nopinit           
1     0000af8c  __TI_cleanup_ptr                         
1     00010bc9  __TI_decompress_lzss                     
1     00010f58  __TI_decompress_none                     
1     0000af8e  __TI_dtors_ptr                           
1     0000af8a  __TI_enable_exit_profile_output          
abs   ffffffff  __TI_pprof_out_hndl                      
abs   ffffffff  __TI_prof_data_size                      
abs   ffffffff  __TI_prof_data_start                     
1     00010efc  __TI_zero_init_nomemset                  
1     0000ff74  __c28xabi_divf                           
n/a   UNDEFED   __c_args__                               
1     0000ff62  __error__                                
1     00000400  __stack                                  
1     00010f09  _args_main                               
1     00010e28  _c_int00                                 
1     0000af7e  _lock                                    
1     00010f4f  _nop                                     
1     00010f4b  _register_lock                           
1     00010f47  _register_unlock                         
1     0000fffe  _system_post_cinit                       
1     0000fffc  _system_pre_init                         
1     0000af90  _unlock                                  
1     00010c53  abort                                    
1     000105d4  adcA1ISR                                 
0     00000000  code_start                               
1     0000af74  eCapPwmDuty                              
1     0000af76  eCapPwmPeriod                            
1     0000af70  ePwm_MaxDuty                             
1     0000af6e  ePwm_MinDuty                             
1     0000af6c  ePwm_TimeBase                            
1     0000af72  ePwm_curDuty                             
1     0001066b  ecap1ISR                                 
1     00010c55  exit                                     
1     0001025f  extractFrequency                         
1     0000af85  flagRxComplete                           
1     000102a1  main                                     
1     00010d24  memcpy                                   
1     0000f829  myADC0_init                              
1     0000f871  myADC1_init                              
1     0000fabe  myBoardLED0_GPIO_init                    
1     0000fad2  myBoardLED1_GPIO_init                    
1     0000f8bd  myECAP0_init                             
1     0000fae9  myINPUTXBARINPUT0_init                   
1     0000fb16  mySCIA_init                              
1     0000ae08  rxBuffer                                 
1     0000af84  rxIndex                                  
1     00010f34  strcmp                                   
1     00010f60  strlen                                   


GLOBAL SYMBOLS: SORTED BY Symbol Address 

page  address   name                                     
----  -------   ----                                     
0     00000000  code_start                               
0     00000123  SysCtl_delay                             
0     00000136  __TI_Handler_Table_Base                  
0     0000013c  __TI_Handler_Table_Limit                 
0     00000140  __TI_CINIT_Base                          
0     00000148  __TI_CINIT_Limit                         
0     00000148  __TI_CINIT_Warm                          
1     00000400  __stack                                  
1     00000500  __TI_STACK_END                           
1     0000ae08  rxBuffer                                 
1     0000af08  AdcBuf                                   
1     0000af3a  AdcBufB                                  
1     0000af6c  ePwm_TimeBase                            
1     0000af6e  ePwm_MinDuty                             
1     0000af70  ePwm_MaxDuty                             
1     0000af72  ePwm_curDuty                             
1     0000af74  eCapPwmDuty                              
1     0000af76  eCapPwmPeriod                            
1     0000af78  Example_Result                           
1     0000af7a  Example_PassCount                        
1     0000af7c  Example_Fail                             
1     0000af7e  _lock                                    
1     0000af80  LedCtr                                   
1     0000af81  DutyModOn                                
1     0000af82  DutyModDir                               
1     0000af83  DutyModCtr                               
1     0000af84  rxIndex                                  
1     0000af85  flagRxComplete                           
1     0000af86  AdcBufPtr                                
1     0000af88  AdcBufPtrB                               
1     0000af8a  __TI_enable_exit_profile_output          
1     0000af8c  __TI_cleanup_ptr                         
1     0000af8e  __TI_dtors_ptr                           
1     0000af90  _unlock                                  
1     0000f7b0  Board_init                               
1     0000f7c5  PinMux_init                              
1     0000f824  ADC_init                                 
1     0000f829  myADC0_init                              
1     0000f871  myADC1_init                              
1     0000f8ba  ECAP_init                                
1     0000f8bd  myECAP0_init                             
1     0000f932  EPWM_init                                
1     0000fab9  GPIO_init                                
1     0000fabe  myBoardLED0_GPIO_init                    
1     0000fad2  myBoardLED1_GPIO_init                    
1     0000fae6  INPUTXBAR_init                           
1     0000fae9  myINPUTXBARINPUT0_init                   
1     0000faee  INTERRUPT_init                           
1     0000fb13  SCI_init                                 
1     0000fb16  mySCIA_init                              
1     0000fb59  SYNC_init                                
1     0000fc25  Device_init                              
1     0000fc65  Device_enableAllPeripherals              
1     0000fd50  Device_initGPIO                          
1     0000fd71  Device_enableUnbondedGPIOPullupsFor176Pin
1     0000fd84  Device_enableUnbondedGPIOPullupsFor100Pin
1     0000fda1  Device_enableUnbondedGPIOPullups         
1     0000fdb7  Device_configureTMXAnalogTrim            
1     0000fde8  Device_bootCPU2                          
1     0000ff62  __error__                                
1     0000ff69  Example_setResultPass                    
1     0000ff6e  Example_setResultFail                    
1     0000ff73  Example_done                             
1     0000ff74  __c28xabi_divf                           
1     0000fffc  _system_pre_init                         
1     0000fffe  _system_post_cinit                       
1     0001025f  extractFrequency                         
1     000102a1  main                                     
1     00010364  SysCtl_setClock                          
1     0001056d  INT_mySCIA_RX_ISR                        
1     000105d4  adcA1ISR                                 
1     0001066b  ecap1ISR                                 
1     000106c5  SysCtl_selectXTAL                        
1     00010755  ADC_setINLTrim                           
1     000107c4  SysCtl_getDeviceParametric               
1     0001082c  ADC_setOffsetTrim                        
1     0001088c  GPIO_setPadConfig                        
1     000108de  SysCtl_getClock                          
1     0001092f  SysCtl_selectOscSource                   
1     00010977  SCI_clearInterruptStatus                 
1     000109bc  SCI_enableInterrupt                      
1     00010a00  SCI_writeCharArray                       
1     00010a41  SCI_setConfig                            
1     00010a7f  Interrupt_initModule                     
1     00010abc  GPIO_setControllerCore                   
1     00010af3  GPIO_setPinConfig                        
1     00010b2a  GPIO_setQualificationMode                
1     00010b61  Interrupt_enable                         
1     00010b98  GPIO_setDirectionMode                    
1     00010bc9  __TI_decompress_lzss                     
1     00010bf9  ADC_setMode                              
1     00010c28  __TI_auto_init_nobinit_nopinit           
1     00010c53  C$$EXIT                                  
1     00010c53  abort                                    
1     00010c55  exit                                     
1     00010d06  Interrupt_initVectorTable                
1     00010d24  memcpy                                   
1     00010d41  ECAP_setEmulationMode                    
1     00010dc7  SysCtl_getLowSpeedClock                  
1     00010e28  _c_int00                                 
1     00010e3f  Interrupt_defaultHandler                 
1     00010efc  __TI_zero_init_nomemset                  
1     00010f09  _args_main                               
1     00010f20  Interrupt_illegalOperationHandler        
1     00010f2a  Interrupt_nmiHandler                     
1     00010f34  strcmp                                   
1     00010f47  _register_unlock                         
1     00010f4b  _register_lock                           
1     00010f4f  _nop                                     
1     00010f58  __TI_decompress_none                     
1     00010f60  strlen                                   
abs   00000100  __TI_STACK_SIZE                          
abs   ffffffff  __TI_pprof_out_hndl                      
abs   ffffffff  __TI_prof_data_size                      
abs   ffffffff  __TI_prof_data_start                     
n/a   UNDEFED   __c_args__                               

[116 symbols]
