******************************************************************************
             TMS320C2000 Linker PC v22.6.1                     
******************************************************************************
>> Linked Tue Mar 11 23:20:51 2025

OUTPUT FILE NAME:   <sci_lp_f2837xd.out>
ENTRY POINT SYMBOL: "code_start"  address: 00000000


MEMORY CONFIGURATION

         name            origin    length      used     unused   attr    fill
----------------------  --------  ---------  --------  --------  ----  --------
PAGE 0:
  BEGIN                 00000000   00000002  00000002  00000000  RWIX
  RAMM0                 00000123   000002dd  00000046  00000297  RWIX
  RAMLS0                00008000   00000800  000007ff  00000001  RWIX
  RAMLS1                00008800   00000800  00000321  000004df  RWIX
  RAMLS2                00009000   00000800  00000000  00000800  RWIX
  RAMLS3                00009800   00000800  00000000  00000800  RWIX
  RAMLS4                0000a000   00000800  00000000  00000800  RWIX
  RAMD0                 0000b000   00000800  00000800  00000000  RWIX
  FLASHA                00080002   00001ffe  00000000  00001ffe  RWIX
  FLASHB                00082000   00002000  00000000  00002000  RWIX
  FLASHC                00084000   00002000  00000000  00002000  RWIX
  FLASHD                00086000   00002000  00000000  00002000  RWIX
  FLASHE                00088000   00008000  00000000  00008000  RWIX
  FLASHF                00090000   00008000  00000000  00008000  RWIX
  FLASHG                00098000   00008000  00000000  00008000  RWIX
  FLASHH                000a0000   00008000  00000000  00008000  RWIX
  FLASHI                000a8000   00008000  00000000  00008000  RWIX
  FLASHJ                000b0000   00008000  00000000  00008000  RWIX
  FLASHK                000b8000   00002000  00000000  00002000  RWIX
  FLASHL                000ba000   00002000  00000000  00002000  RWIX
  FLASHM                000bc000   00002000  00000000  00002000  RWIX
  FLASHN                000be000   00001ff0  00000000  00001ff0  RWIX
  RESET                 003fffc0   00000002  00000000  00000002  RWIX

PAGE 1:
  BOOT_RSVD             00000002   00000121  00000000  00000121  RWIX
  RAMM1                 00000400   000003f8  00000100  000002f8  RWIX
  RAMLS5                0000a800   00000800  00000611  000001ef  RWIX
  RAMD1                 0000b800   00000800  00000000  00000800  RWIX
  RAMGS0                0000c000   00001000  00000000  00001000  RWIX
  RAMGS1                0000d000   00001000  00000000  00001000  RWIX
  RAMGS2                0000e000   00001000  00000000  00001000  RWIX
  RAMGS3                0000f000   00001000  00000000  00001000  RWIX
  RAMGS4                00010000   00001000  00000000  00001000  RWIX
  RAMGS5                00011000   00001000  00000000  00001000  RWIX
  RAMGS6                00012000   00001000  00000000  00001000  RWIX
  RAMGS7                00013000   00001000  00000000  00001000  RWIX
  RAMGS8                00014000   00001000  00000000  00001000  RWIX
  RAMGS9                00015000   00001000  00000000  00001000  RWIX
  RAMGS10               00016000   00001000  00000000  00001000  RWIX
  RAMGS11               00017000   00001000  00000000  00001000  RWIX
  RAMGS12               00018000   00001000  00000000  00001000  RWIX
  RAMGS13               00019000   00001000  00000000  00001000  RWIX
  RAMGS14               0001a000   00001000  00000000  00001000  RWIX
  RAMGS15               0001b000   00000ff8  00000000  00000ff8  RWIX
  CPU2TOCPU1RAM         0003f800   00000400  00000000  00000400  RWIX
  CPU1TOCPU2RAM         0003fc00   00000400  00000000  00000400  RWIX
  CANA_MSG_RAM          00049000   00000800  00000000  00000800  RWIX
  CANB_MSG_RAM          0004b000   00000800  00000000  00000800  RWIX


SECTION ALLOCATION MAP

 output                                  attributes/
section   page    origin      length       input sections
--------  ----  ----------  ----------   ----------------
codestart 
*          0    00000000    00000002     
                  00000000    00000002     F2837xD_CodeStartBranch.obj (codestart)

.cinit     0    00000128    00000042     
                  00000128    0000002f     (.cinit..data.load) [load image, compression = lzss]
                  00000157    00000001     --HOLE-- [fill = 0]
                  00000158    00000006     (__TI_handler_table)
                  0000015e    00000004     (.cinit..bss.load) [load image, compression = zero_init]
                  00000162    00000008     (__TI_cinit_table)

.reset     0    003fffc0    00000000     DSECT

.stack     1    00000400    00000100     UNINITIALIZED
                  00000400    00000100     --HOLE--

.bss       1    0000acdb    00000100     UNINITIALIZED
                  0000acdb    00000100     lab_main.obj (.bss:rxBuffer)

.init_array 
*          0    00000123    00000000     UNINITIALIZED

.const     1    0000a800    000004db     
                  0000a800    0000019f     lab_main.obj (.const:.string)
                  0000a99f    00000001     --HOLE-- [fill = 0]
                  0000a9a0    000000c2     driverlib_eabi.lib : sysctl.obj (.const:.string)
                  0000aa62    000000bc                        : gpio.obj (.const:.string)
                  0000ab1e    000000bb                        : sci.obj (.const:.string)
                  0000abd9    00000001     --HOLE-- [fill = 0]
                  0000abda    0000008b     board.obj (.const:.string)
                  0000ac65    00000001     --HOLE-- [fill = 0]
                  0000ac66    00000062     driverlib_eabi.lib : cputimer.obj (.const:.string)
                  0000acc8    00000013     device.obj (.const:.string)

.data      1    0000addc    00000036     UNINITIALIZED
                  0000addc    00000022     lab_main.obj (.data:numbers)
                  0000adfe    00000002     rts2800_fpu32_eabi.lib : _lock.c.obj (.data:_lock)
                  0000ae00    00000006     device.obj (.data)
                  0000ae06    00000006     rts2800_fpu32_eabi.lib : exit.c.obj (.data)
                  0000ae0c    00000002                            : _lock.c.obj (.data:_unlock)
                  0000ae0e    00000002     lab_main.obj (.data)
                  0000ae10    00000002     rts2800_fpu32_eabi.lib : rand.c.obj (.data)

.TI.ramfunc 
*          0    00000123    00000004     
                  00000123    00000004     driverlib_eabi.lib : sysctl.obj (.TI.ramfunc)

GETBUFFER 
*          0    0003f800    00000000     DSECT

GETWRITEIDX 
*          0    0003f800    00000000     DSECT

PUTREADIDX 
*          0    0003f800    00000000     DSECT

.text.1    0    00008000    000007ff     
                  00008000    00000209     driverlib_eabi.lib : sysctl.obj (.text:SysCtl_setClock)
                  00008209    0000016c     lab_main.obj (.text)
                  00008375    00000088     rts2800_fpu32_eabi.lib : fs_div28.asm.obj (.text)
                  000083fd    00000068     driverlib_eabi.lib : sysctl.obj (.text:SysCtl_getDeviceParametric)
                  00008465    00000052                        : gpio.obj (.text:GPIO_setPadConfig)
                  000084b7    00000051                        : sysctl.obj (.text:SysCtl_getClock)
                  00008508    00000048                        : sysctl.obj (.text:SysCtl_selectOscSource)
                  00008550    00000045                        : sci.obj (.text:SCI_clearInterruptStatus)
                  00008595    00000044                        : sci.obj (.text:SCI_enableInterrupt)
                  000085d9    00000041                        : sci.obj (.text:SCI_writeCharArray)
                  0000861a    0000003e                        : sci.obj (.text:SCI_setConfig)
                  00008658    0000003d                        : interrupt.obj (.text:Interrupt_initModule)
                  00008695    00000037                        : gpio.obj (.text:GPIO_setControllerCore)
                  000086cc    00000037                        : gpio.obj (.text:GPIO_setPinConfig)
                  00008703    00000037                        : gpio.obj (.text:GPIO_setQualificationMode)
                  0000873a    00000037                        : interrupt.obj (.text:Interrupt_enable)
                  00008771    00000031                        : gpio.obj (.text:GPIO_setDirectionMode)
                  000087a2    00000030     rts2800_fpu32_eabi.lib : copy_decompress_lzss.c.obj (.text:decompress:lzss)
                  000087d2    0000002b                            : autoinit.c.obj (.text:__TI_auto_init_nobinit_nopinit)
                  000087fd    00000002                            : pre_init.c.obj (.text)

.text.2    0    00008800    00000321     
                  00008800    0000002b     rts2800_fpu32_eabi.lib : rand.c.obj (.text)
                  0000882b    00000029                            : exit.c.obj (.text)
                  00008854    00000028     driverlib_eabi.lib : sysctl.obj (.text:CPUTimer_selectClockSource)
                  0000887c    00000022     rts2800_fpu32_eabi.lib : i_div28.asm.obj (.text)
                  0000889e    00000020     driverlib_eabi.lib : sci.obj (.text:SCI_isFIFOEnabled)
                  000088be    0000001f                        : sysctl.obj (.text:CPUTimer_getTimerOverflowStatus)
                  000088dd    0000001e                        : interrupt.obj (.text:Interrupt_initVectorTable)
                  000088fb    0000001d     rts2800_fpu32_eabi.lib : memcpy.c.obj (.text)
                  00008918    0000001b     driverlib_eabi.lib : sci.obj (.text:SCI_isBaseValid)
                  00008933    0000001a                        : sysctl.obj (.text:CPUTimer_startTimer)
                  0000894d    0000001a                        : sci.obj (.text:SCI_isSpaceAvailableNonFIFO)
                  00008967    0000001a                        : sysctl.obj (.text:SysCtl_getLowSpeedClock)
                  00008981    00000018                        : sci.obj (.text:SCI_performSoftwareReset)
                  00008999    00000017                        : cputimer.obj (.text:CPUTimer_isBaseValid)
                  000089b0    00000017                        : sysctl.obj (.text:CPUTimer_isBaseValid)
                  000089c7    00000017     rts2800_fpu32_eabi.lib : boot28.asm.obj (.text)
                  000089de    00000016     driverlib_eabi.lib : interrupt.obj (.text:Interrupt_defaultHandler)
                  000089f4    00000014                        : sysctl.obj (.text:CPUTimer_stopTimer)
                  00008a08    00000014                        : sci.obj (.text:SCI_getTxFIFOStatus)
                  00008a1c    00000013                        : cputimer.obj (.text:CPUTimer_setEmulationMode)
                  00008a2f    00000013                        : sci.obj (.text:SCI_enableModule)
                  00008a42    00000012                        : sysctl.obj (.text:CPUTimer_clearOverflowFlag)
                  00008a54    00000012                        : sysctl.obj (.text:CPUTimer_disableInterrupt)
                  00008a66    00000011                        : sysctl.obj (.text:CPUTimer_setPeriod)
                  00008a77    0000000f                        : sysctl.obj (.text:SysCtl_pollCpuTimer)
                  00008a86    0000000e                        : gpio.obj (.text:GPIO_isPinValid)
                  00008a94    0000000d                        : interrupt.obj (.text:Interrupt_disableGlobal)
                  00008aa1    0000000d                        : interrupt.obj (.text:Interrupt_enableGlobal)
                  00008aae    0000000d     rts2800_fpu32_eabi.lib : copy_zero_init.c.obj (.text:decompress:ZI:__TI_zero_init_nomemset)
                  00008abb    0000000c                            : args_main.c.obj (.text)
                  00008ac7    0000000b     driverlib_eabi.lib : sysctl.obj (.text:SysCtl_isMCDClockFailureDetected)
                  00008ad2    0000000a                        : interrupt.obj (.text:Interrupt_illegalOperationHandler)
                  00008adc    0000000a                        : interrupt.obj (.text:Interrupt_nmiHandler)
                  00008ae6    0000000a     rts2800_fpu32_eabi.lib : strcmp.c.obj (.text)
                  00008af0    00000009     driverlib_eabi.lib : sysctl.obj (.text:SysCtl_serviceWatchdog)
                  00008af9    00000009     rts2800_fpu32_eabi.lib : _lock.c.obj (.text)
                  00008b02    00000008     F2837xD_CodeStartBranch.obj (.text)
                  00008b0a    00000008     rts2800_fpu32_eabi.lib : copy_decompress_none.c.obj (.text:decompress:none)
                  00008b12    00000008                            : strlen.c.obj (.text)
                  00008b1a    00000007     driverlib_eabi.lib : sysctl.obj (.text:SysCtl_resetMCD)

.text.3    0    0000b000    00000800     
                  0000b000    000003fd     device.obj (.text)
                  0000b3fd    000002a0     board.obj (.text)
                  0000b69d    000000ba     lab_main.obj (.text:retain)
                  0000b757    00000090     driverlib_eabi.lib : sysctl.obj (.text:SysCtl_selectXTAL)
                  0000b7e7    00000018                        : sci.obj (.text:SCI_disableModule)
                  0000b7ff    00000001     rts2800_fpu32_eabi.lib : startup.c.obj (.text)

MODULE SUMMARY

       Module                        code   ro data   rw data
       ------                        ----   -------   -------
    .\
       lab_main.obj                  550    415       292    
    +--+-----------------------------+------+---------+---------+
       Total:                        550    415       292    
                                                             
    .\device\
       device.obj                    1021   19        6      
       F2837xD_CodeStartBranch.obj   10     0         0      
    +--+-----------------------------+------+---------+---------+
       Total:                        1031   19        6      
                                                             
    .\syscfg\
       board.obj                     672    139       0      
    +--+-----------------------------+------+---------+---------+
       Total:                        672    139       0      
                                                             
    E:\ti\CCS\ccs\tools\compiler\ti-cgt-c2000_22.6.1.LTS\lib\rts2800_fpu32_eabi.lib
       fs_div28.asm.obj              136    0         0      
       copy_decompress_lzss.c.obj    48     0         0      
       exit.c.obj                    41     0         6      
       rand.c.obj                    43     0         2      
       autoinit.c.obj                43     0         0      
       i_div28.asm.obj               34     0         0      
       memcpy.c.obj                  29     0         0      
       boot28.asm.obj                23     0         0      
       _lock.c.obj                   9      0         4      
       copy_zero_init.c.obj          13     0         0      
       args_main.c.obj               12     0         0      
       strcmp.c.obj                  10     0         0      
       copy_decompress_none.c.obj    8      0         0      
       strlen.c.obj                  8      0         0      
       pre_init.c.obj                2      0         0      
       startup.c.obj                 1      0         0      
    +--+-----------------------------+------+---------+---------+
       Total:                        460    0         12     
                                                             
    E:\ti\c2000\C2000Ware_5_04_00_00\driverlib\f2837xd\driverlib\ccs\Debug\driverlib_eabi.lib
       sysctl.obj                    1187   194       0      
       sci.obj                       436    187       0      
       gpio.obj                      310    188       0      
       interrupt.obj                 214    0         0      
       cputimer.obj                  42     98        0      
    +--+-----------------------------+------+---------+---------+
       Total:                        2189   667       0      
                                                             
       Stack:                        0      0         256    
       Linker Generated:             0      65        0      
    +--+-----------------------------+------+---------+---------+
       Grand Total:                  4902   1305      566    


LINKER GENERATED COPY TABLES

__TI_cinit_table @ 00000162 records: 2, size/record: 4, table size: 8
	.data: load addr=00000128, load size=0000002f bytes, run addr=0000addc, run size=00000036 bytes, compression=lzss
	.bss: load addr=0000015e, load size=00000004 bytes, run addr=0000acdb, run size=00000100 bytes, compression=zero_init


LINKER GENERATED HANDLER TABLE

__TI_handler_table @ 00000158 records: 3, size/record: 2, table size: 6
	index: 0, handler: __TI_zero_init
	index: 1, handler: __TI_decompress_lzss
	index: 2, handler: __TI_decompress_none


GLOBAL DATA SYMBOLS: SORTED BY DATA PAGE

address     data page           name
--------    ----------------    ----
00000400      10 (00000400)     __stack

0000acdb     2b3 (0000acc0)     rxBuffer

0000addc     2b7 (0000adc0)     numbers
0000adfe     2b7 (0000adc0)     _lock

0000ae00     2b8 (0000ae00)     Example_Result
0000ae02     2b8 (0000ae00)     Example_PassCount
0000ae04     2b8 (0000ae00)     Example_Fail
0000ae06     2b8 (0000ae00)     __TI_enable_exit_profile_output
0000ae08     2b8 (0000ae00)     __TI_cleanup_ptr
0000ae0a     2b8 (0000ae00)     __TI_dtors_ptr
0000ae0c     2b8 (0000ae00)     _unlock
0000ae0e     2b8 (0000ae00)     rxIndex
0000ae0f     2b8 (0000ae00)     flagRxComplete


GLOBAL SYMBOLS: SORTED ALPHABETICALLY BY Name 

page  address   name                                     
----  -------   ----                                     
0     0000b57d  Board_init                               
0     0000882b  C$$EXIT                                  
0     0000b5c9  CPUTIMER_init                            
0     00008a1c  CPUTimer_setEmulationMode                
0     0000b271  Device_bootCPU2                          
0     0000b240  Device_configureTMXAnalogTrim            
0     0000b0ee  Device_enableAllPeripherals              
0     0000b22a  Device_enableUnbondedGPIOPullups         
0     0000b20d  Device_enableUnbondedGPIOPullupsFor100Pin
0     0000b1fa  Device_enableUnbondedGPIOPullupsFor176Pin
0     0000b0ae  Device_init                              
0     0000b1d9  Device_initGPIO                          
1     0000ae04  Example_Fail                             
1     0000ae02  Example_PassCount                        
1     0000ae00  Example_Result                           
0     0000b3fc  Example_done                             
0     0000b3f7  Example_setResultFail                    
0     0000b3f2  Example_setResultPass                    
0     0000b5ee  GPIO_init                                
0     00008695  GPIO_setControllerCore                   
0     00008771  GPIO_setDirectionMode                    
0     00008465  GPIO_setPadConfig                        
0     000086cc  GPIO_setPinConfig                        
0     00008703  GPIO_setQualificationMode                
0     0000b605  INTERRUPT_init                           
0     0000b704  INT_myCPUTIMER0_ISR                      
0     0000b69d  INT_mySCIA_RX_ISR                        
0     000089de  Interrupt_defaultHandler                 
0     0000873a  Interrupt_enable                         
0     00008ad2  Interrupt_illegalOperationHandler        
0     00008658  Interrupt_initModule                     
0     000088dd  Interrupt_initVectorTable                
0     00008adc  Interrupt_nmiHandler                     
0     0000b58a  PinMux_init                              
0     00008550  SCI_clearInterruptStatus                 
0     00008595  SCI_enableInterrupt                      
0     0000b61e  SCI_init                                 
0     0000861a  SCI_setConfig                            
0     000085d9  SCI_writeCharArray                       
0     00000123  SysCtl_delay                             
0     000084b7  SysCtl_getClock                          
0     000083fd  SysCtl_getDeviceParametric               
0     00008967  SysCtl_getLowSpeedClock                  
0     00008508  SysCtl_selectOscSource                   
0     0000b757  SysCtl_selectXTAL                        
0     00008000  SysCtl_setClock                          
0     00000162  __TI_CINIT_Base                          
0     0000016a  __TI_CINIT_Limit                         
0     0000016a  __TI_CINIT_Warm                          
0     00000158  __TI_Handler_Table_Base                  
0     0000015e  __TI_Handler_Table_Limit                 
1     00000500  __TI_STACK_END                           
abs   00000100  __TI_STACK_SIZE                          
0     000087d2  __TI_auto_init_nobinit_nopinit           
1     0000ae08  __TI_cleanup_ptr                         
0     000087a2  __TI_decompress_lzss                     
0     00008b0a  __TI_decompress_none                     
1     0000ae0a  __TI_dtors_ptr                           
1     0000ae06  __TI_enable_exit_profile_output          
abs   ffffffff  __TI_pprof_out_hndl                      
abs   ffffffff  __TI_prof_data_size                      
abs   ffffffff  __TI_prof_data_start                     
0     00008aae  __TI_zero_init_nomemset                  
0     00008375  __c28xabi_divf                           
0     0000887c  __c28xabi_divi                           
0     0000888d  __c28xabi_modi                           
n/a   UNDEFED   __c_args__                               
0     0000b3eb  __error__                                
1     00000400  __stack                                  
0     00008abb  _args_main                               
0     000089c7  _c_int00                                 
1     0000adfe  _lock                                    
0     00008b01  _nop                                     
0     00008afd  _register_lock                           
0     00008af9  _register_unlock                         
0     0000b7ff  _system_post_cinit                       
0     000087fd  _system_pre_init                         
1     0000ae0c  _unlock                                  
0     0000882b  abort                                    
0     00000000  code_start                               
0     0000882d  exit                                     
1     0000ae0f  flagRxComplete                           
0     00008305  main                                     
0     000088fb  memcpy                                   
0     0000b5f1  myBoardLED0_GPIO_init                    
0     0000b5cc  myCPUTIMER0_init                         
0     0000b666  mySCI1_init                              
0     0000b623  mySCIA_init                              
1     0000addc  numbers                                  
0     00008810  rand                                     
1     0000acdb  rxBuffer                                 
1     0000ae0e  rxIndex                                  
0     00008800  srand                                    
0     00008ae6  strcmp                                   
0     00008b12  strlen                                   


GLOBAL SYMBOLS: SORTED BY Symbol Address 

page  address   name                                     
----  -------   ----                                     
0     00000000  code_start                               
0     00000123  SysCtl_delay                             
0     00000158  __TI_Handler_Table_Base                  
0     0000015e  __TI_Handler_Table_Limit                 
0     00000162  __TI_CINIT_Base                          
0     0000016a  __TI_CINIT_Limit                         
0     0000016a  __TI_CINIT_Warm                          
0     00008000  SysCtl_setClock                          
0     00008305  main                                     
0     00008375  __c28xabi_divf                           
0     000083fd  SysCtl_getDeviceParametric               
0     00008465  GPIO_setPadConfig                        
0     000084b7  SysCtl_getClock                          
0     00008508  SysCtl_selectOscSource                   
0     00008550  SCI_clearInterruptStatus                 
0     00008595  SCI_enableInterrupt                      
0     000085d9  SCI_writeCharArray                       
0     0000861a  SCI_setConfig                            
0     00008658  Interrupt_initModule                     
0     00008695  GPIO_setControllerCore                   
0     000086cc  GPIO_setPinConfig                        
0     00008703  GPIO_setQualificationMode                
0     0000873a  Interrupt_enable                         
0     00008771  GPIO_setDirectionMode                    
0     000087a2  __TI_decompress_lzss                     
0     000087d2  __TI_auto_init_nobinit_nopinit           
0     000087fd  _system_pre_init                         
0     00008800  srand                                    
0     00008810  rand                                     
0     0000882b  C$$EXIT                                  
0     0000882b  abort                                    
0     0000882d  exit                                     
0     0000887c  __c28xabi_divi                           
0     0000888d  __c28xabi_modi                           
0     000088dd  Interrupt_initVectorTable                
0     000088fb  memcpy                                   
0     00008967  SysCtl_getLowSpeedClock                  
0     000089c7  _c_int00                                 
0     000089de  Interrupt_defaultHandler                 
0     00008a1c  CPUTimer_setEmulationMode                
0     00008aae  __TI_zero_init_nomemset                  
0     00008abb  _args_main                               
0     00008ad2  Interrupt_illegalOperationHandler        
0     00008adc  Interrupt_nmiHandler                     
0     00008ae6  strcmp                                   
0     00008af9  _register_unlock                         
0     00008afd  _register_lock                           
0     00008b01  _nop                                     
0     00008b0a  __TI_decompress_none                     
0     00008b12  strlen                                   
0     0000b0ae  Device_init                              
0     0000b0ee  Device_enableAllPeripherals              
0     0000b1d9  Device_initGPIO                          
0     0000b1fa  Device_enableUnbondedGPIOPullupsFor176Pin
0     0000b20d  Device_enableUnbondedGPIOPullupsFor100Pin
0     0000b22a  Device_enableUnbondedGPIOPullups         
0     0000b240  Device_configureTMXAnalogTrim            
0     0000b271  Device_bootCPU2                          
0     0000b3eb  __error__                                
0     0000b3f2  Example_setResultPass                    
0     0000b3f7  Example_setResultFail                    
0     0000b3fc  Example_done                             
0     0000b57d  Board_init                               
0     0000b58a  PinMux_init                              
0     0000b5c9  CPUTIMER_init                            
0     0000b5cc  myCPUTIMER0_init                         
0     0000b5ee  GPIO_init                                
0     0000b5f1  myBoardLED0_GPIO_init                    
0     0000b605  INTERRUPT_init                           
0     0000b61e  SCI_init                                 
0     0000b623  mySCIA_init                              
0     0000b666  mySCI1_init                              
0     0000b69d  INT_mySCIA_RX_ISR                        
0     0000b704  INT_myCPUTIMER0_ISR                      
0     0000b757  SysCtl_selectXTAL                        
0     0000b7ff  _system_post_cinit                       
1     00000400  __stack                                  
1     00000500  __TI_STACK_END                           
1     0000acdb  rxBuffer                                 
1     0000addc  numbers                                  
1     0000adfe  _lock                                    
1     0000ae00  Example_Result                           
1     0000ae02  Example_PassCount                        
1     0000ae04  Example_Fail                             
1     0000ae06  __TI_enable_exit_profile_output          
1     0000ae08  __TI_cleanup_ptr                         
1     0000ae0a  __TI_dtors_ptr                           
1     0000ae0c  _unlock                                  
1     0000ae0e  rxIndex                                  
1     0000ae0f  flagRxComplete                           
abs   00000100  __TI_STACK_SIZE                          
abs   ffffffff  __TI_pprof_out_hndl                      
abs   ffffffff  __TI_prof_data_size                      
abs   ffffffff  __TI_prof_data_start                     
n/a   UNDEFED   __c_args__                               

[95 symbols]
